Archive member included to satisfy reference by file (symbol)

C:/ST/STM32CubeIDE_2.1.1/STM32CubeIDE/plugins/com.st.stm32cube.ide.mcu.externaltools.gnu-tools-for-stm32.14.3.rel1.win32_1.0.100.202602081740/tools/bin/../lib/gcc/arm-none-eabi/14.3.1/../../../../arm-none-eabi/lib/thumb/v7e-m+fp/hard\libc_nano.a(libc_a-exit.o)
                              C:/ST/STM32CubeIDE_2.1.1/STM32CubeIDE/plugins/com.st.stm32cube.ide.mcu.externaltools.gnu-tools-for-stm32.14.3.rel1.win32_1.0.100.202602081740/tools/bin/../lib/gcc/arm-none-eabi/14.3.1/../../../../arm-none-eabi/lib/thumb/v7e-m+fp/hard/crt0.o (exit)
C:/ST/STM32CubeIDE_2.1.1/STM32CubeIDE/plugins/com.st.stm32cube.ide.mcu.externaltools.gnu-tools-for-stm32.14.3.rel1.win32_1.0.100.202602081740/tools/bin/../lib/gcc/arm-none-eabi/14.3.1/../../../../arm-none-eabi/lib/thumb/v7e-m+fp/hard\libc_nano.a(libc_a-findfp.o)
                              C:/ST/STM32CubeIDE_2.1.1/STM32CubeIDE/plugins/com.st.stm32cube.ide.mcu.externaltools.gnu-tools-for-stm32.14.3.rel1.win32_1.0.100.202602081740/tools/bin/../lib/gcc/arm-none-eabi/14.3.1/../../../../arm-none-eabi/lib/thumb/v7e-m+fp/hard\libc_nano.a(libc_a-exit.o) (__stdio_exit_handler)
C:/ST/STM32CubeIDE_2.1.1/STM32CubeIDE/plugins/com.st.stm32cube.ide.mcu.externaltools.gnu-tools-for-stm32.14.3.rel1.win32_1.0.100.202602081740/tools/bin/../lib/gcc/arm-none-eabi/14.3.1/../../../../arm-none-eabi/lib/thumb/v7e-m+fp/hard\libc_nano.a(libc_a-fwalk.o)
                              C:/ST/STM32CubeIDE_2.1.1/STM32CubeIDE/plugins/com.st.stm32cube.ide.mcu.externaltools.gnu-tools-for-stm32.14.3.rel1.win32_1.0.100.202602081740/tools/bin/../lib/gcc/arm-none-eabi/14.3.1/../../../../arm-none-eabi/lib/thumb/v7e-m+fp/hard\libc_nano.a(libc_a-findfp.o) (_fwalk_sglue)
C:/ST/STM32CubeIDE_2.1.1/STM32CubeIDE/plugins/com.st.stm32cube.ide.mcu.externaltools.gnu-tools-for-stm32.14.3.rel1.win32_1.0.100.202602081740/tools/bin/../lib/gcc/arm-none-eabi/14.3.1/../../../../arm-none-eabi/lib/thumb/v7e-m+fp/hard\libc_nano.a(libc_a-stdio.o)
                              C:/ST/STM32CubeIDE_2.1.1/STM32CubeIDE/plugins/com.st.stm32cube.ide.mcu.externaltools.gnu-tools-for-stm32.14.3.rel1.win32_1.0.100.202602081740/tools/bin/../lib/gcc/arm-none-eabi/14.3.1/../../../../arm-none-eabi/lib/thumb/v7e-m+fp/hard\libc_nano.a(libc_a-findfp.o) (__sread)
C:/ST/STM32CubeIDE_2.1.1/STM32CubeIDE/plugins/com.st.stm32cube.ide.mcu.externaltools.gnu-tools-for-stm32.14.3.rel1.win32_1.0.100.202602081740/tools/bin/../lib/gcc/arm-none-eabi/14.3.1/../../../../arm-none-eabi/lib/thumb/v7e-m+fp/hard\libc_nano.a(libc_a-memset.o)
                              C:/ST/STM32CubeIDE_2.1.1/STM32CubeIDE/plugins/com.st.stm32cube.ide.mcu.externaltools.gnu-tools-for-stm32.14.3.rel1.win32_1.0.100.202602081740/tools/bin/../lib/gcc/arm-none-eabi/14.3.1/../../../../arm-none-eabi/lib/thumb/v7e-m+fp/hard/crt0.o (memset)
C:/ST/STM32CubeIDE_2.1.1/STM32CubeIDE/plugins/com.st.stm32cube.ide.mcu.externaltools.gnu-tools-for-stm32.14.3.rel1.win32_1.0.100.202602081740/tools/bin/../lib/gcc/arm-none-eabi/14.3.1/../../../../arm-none-eabi/lib/thumb/v7e-m+fp/hard\libc_nano.a(libc_a-closer.o)
                              C:/ST/STM32CubeIDE_2.1.1/STM32CubeIDE/plugins/com.st.stm32cube.ide.mcu.externaltools.gnu-tools-for-stm32.14.3.rel1.win32_1.0.100.202602081740/tools/bin/../lib/gcc/arm-none-eabi/14.3.1/../../../../arm-none-eabi/lib/thumb/v7e-m+fp/hard\libc_nano.a(libc_a-stdio.o) (_close_r)
C:/ST/STM32CubeIDE_2.1.1/STM32CubeIDE/plugins/com.st.stm32cube.ide.mcu.externaltools.gnu-tools-for-stm32.14.3.rel1.win32_1.0.100.202602081740/tools/bin/../lib/gcc/arm-none-eabi/14.3.1/../../../../arm-none-eabi/lib/thumb/v7e-m+fp/hard\libc_nano.a(libc_a-reent.o)
                              C:/ST/STM32CubeIDE_2.1.1/STM32CubeIDE/plugins/com.st.stm32cube.ide.mcu.externaltools.gnu-tools-for-stm32.14.3.rel1.win32_1.0.100.202602081740/tools/bin/../lib/gcc/arm-none-eabi/14.3.1/../../../../arm-none-eabi/lib/thumb/v7e-m+fp/hard\libc_nano.a(libc_a-closer.o) (errno)
C:/ST/STM32CubeIDE_2.1.1/STM32CubeIDE/plugins/com.st.stm32cube.ide.mcu.externaltools.gnu-tools-for-stm32.14.3.rel1.win32_1.0.100.202602081740/tools/bin/../lib/gcc/arm-none-eabi/14.3.1/../../../../arm-none-eabi/lib/thumb/v7e-m+fp/hard\libc_nano.a(libc_a-impure.o)
                              C:/ST/STM32CubeIDE_2.1.1/STM32CubeIDE/plugins/com.st.stm32cube.ide.mcu.externaltools.gnu-tools-for-stm32.14.3.rel1.win32_1.0.100.202602081740/tools/bin/../lib/gcc/arm-none-eabi/14.3.1/../../../../arm-none-eabi/lib/thumb/v7e-m+fp/hard\libc_nano.a(libc_a-reent.o) (_impure_ptr)
C:/ST/STM32CubeIDE_2.1.1/STM32CubeIDE/plugins/com.st.stm32cube.ide.mcu.externaltools.gnu-tools-for-stm32.14.3.rel1.win32_1.0.100.202602081740/tools/bin/../lib/gcc/arm-none-eabi/14.3.1/../../../../arm-none-eabi/lib/thumb/v7e-m+fp/hard\libc_nano.a(libc_a-lseekr.o)
[...]
Memory Configuration

Name             Origin             Length             Attributes
RAM              0x20000000         0x00020000         xrw
FLASH            0x08000000         0x00080000         xr
*default*        0x00000000         0xffffffff

Linker script and memory map

LOAD C:/ST/STM32CubeIDE_2.1.1/STM32CubeIDE/plugins/com.st.stm32cube.ide.mcu.externaltools.gnu-tools-for-stm32.14.3.rel1.win32_1.0.100.202602081740/tools/bin/../lib/gcc/arm-none-eabi/14.3.1/thumb/v7e-m+fp/hard/crti.o
LOAD C:/ST/STM32CubeIDE_2.1.1/STM32CubeIDE/plugins/com.st.stm32cube.ide.mcu.externaltools.gnu-tools-for-stm32.14.3.rel1.win32_1.0.100.202602081740/tools/bin/../lib/gcc/arm-none-eabi/14.3.1/thumb/v7e-m+fp/hard/crtbegin.o
LOAD C:/ST/STM32CubeIDE_2.1.1/STM32CubeIDE/plugins/com.st.stm32cube.ide.mcu.externaltools.gnu-tools-for-stm32.14.3.rel1.win32_1.0.100.202602081740/tools/bin/../lib/gcc/arm-none-eabi/14.3.1/../../../../arm-none-eabi/lib/thumb/v7e-m+fp/hard/crt0.o
LOAD ./Core/Src/can.o
LOAD ./Core/Src/freertos.o
LOAD ./Core/Src/gpio.o
LOAD ./Core/Src/main.o
LOAD ./Core/Src/stm32f4xx_hal_msp.o
LOAD ./Core/Src/stm32f4xx_it.o
LOAD ./Core/Src/syscalls.o
LOAD ./Core/Src/sysmem.o
LOAD ./Core/Src/system_stm32f4xx.o
LOAD ./Core/Src/usart.o
LOAD ./Core/Startup/startup_stm32f446retx.o
LOAD ./Drivers/STM32F4xx_HAL_Driver/Src/stm32f4xx_hal.o
LOAD ./Drivers/STM32F4xx_HAL_Driver/Src/stm32f4xx_hal_can.o
LOAD ./Drivers/STM32F4xx_HAL_Driver/Src/stm32f4xx_hal_cortex.o
LOAD ./Drivers/STM32F4xx_HAL_Driver/Src/stm32f4xx_hal_dma.o
LOAD ./Drivers/STM32F4xx_HAL_Driver/Src/stm32f4xx_hal_dma_ex.o
LOAD ./Drivers/STM32F4xx_HAL_Driver/Src/stm32f4xx_hal_exti.o
LOAD ./Drivers/STM32F4xx_HAL_Driver/Src/stm32f4xx_hal_flash.o
LOAD ./Drivers/STM32F4xx_HAL_Driver/Src/stm32f4xx_hal_flash_ex.o
LOAD ./Drivers/STM32F4xx_HAL_Driver/Src/stm32f4xx_hal_flash_ramfunc.o
LOAD ./Drivers/STM32F4xx_HAL_Driver/Src/stm32f4xx_hal_gpio.o
LOAD ./Drivers/STM32F4xx_HAL_Driver/Src/stm32f4xx_hal_pwr.o
LOAD ./Drivers/STM32F4xx_HAL_Driver/Src/stm32f4xx_hal_pwr_ex.o
LOAD ./Drivers/STM32F4xx_HAL_Driver/Src/stm32f4xx_hal_rcc.o
LOAD ./Drivers/STM32F4xx_HAL_Driver/Src/stm32f4xx_hal_rcc_ex.o
LOAD ./Drivers/STM32F4xx_HAL_Driver/Src/stm32f4xx_hal_uart.o
LOAD ./Middlewares/Third_Party/FreeRTOS/Source/CMSIS_RTOS_V2/cmsis_os2.o
LOAD ./Middlewares/Third_Party/FreeRTOS/Source/croutine.o
LOAD ./Middlewares/Third_Party/FreeRTOS/Source/event_groups.o
LOAD ./Middlewares/Third_Party/FreeRTOS/Source/list.o
LOAD ./Middlewares/Third_Party/FreeRTOS/Source/queue.o
LOAD ./Middlewares/Third_Party/FreeRTOS/Source/stream_buffer.o
LOAD ./Middlewares/Third_Party/FreeRTOS/Source/tasks.o
LOAD ./Middlewares/Third_Party/FreeRTOS/Source/timers.o
LOAD ./Middlewares/Third_Party/FreeRTOS/Source/portable/GCC/ARM_CM4F/port.o
LOAD ./Middlewares/Third_Party/FreeRTOS/Source/portable/MemMang/heap_4.o
START GROUP
LOAD C:/ST/STM32CubeIDE_2.1.1/STM32CubeIDE/plugins/com.st.stm32cube.ide.mcu.externaltools.gnu-tools-for-stm32.14.3.rel1.win32_1.0.100.202602081740/tools/bin/../lib/gcc/arm-none-eabi/14.3.1/../../../../arm-none-eabi/lib/thumb/v7e-m+fp/hard\libc_nano.a
LOAD C:/ST/STM32CubeIDE_2.1.1/STM32CubeIDE/plugins/com.st.stm32cube.ide.mcu.externaltools.gnu-tools-for-stm32.14.3.rel1.win32_1.0.100.202602081740/tools/bin/../lib/gcc/arm-none-eabi/14.3.1/../../../../arm-none-eabi/lib/thumb/v7e-m+fp/hard\libm.a
END GROUP
START GROUP
LOAD C:/ST/STM32CubeIDE_2.1.1/STM32CubeIDE/plugins/com.st.stm32cube.ide.mcu.externaltools.gnu-tools-for-stm32.14.3.rel1.win32_1.0.100.202602081740/tools/bin/../lib/gcc/arm-none-eabi/14.3.1/thumb/v7e-m+fp/hard\libgcc.a
LOAD C:/ST/STM32CubeIDE_2.1.1/STM32CubeIDE/plugins/com.st.stm32cube.ide.mcu.externaltools.gnu-tools-for-stm32.14.3.rel1.win32_1.0.100.202602081740/tools/bin/../lib/gcc/arm-none-eabi/14.3.1/../../../../arm-none-eabi/lib/thumb/v7e-m+fp/hard\libc_nano.a
END GROUP
START GROUP
LOAD C:/ST/STM32CubeIDE_2.1.1/STM32CubeIDE/plugins/com.st.stm32cube.ide.mcu.externaltools.gnu-tools-for-stm32.14.3.rel1.win32_1.0.100.202602081740/tools/bin/../lib/gcc/arm-none-eabi/14.3.1/thumb/v7e-m+fp/hard\libgcc.a
LOAD C:/ST/STM32CubeIDE_2.1.1/STM32CubeIDE/plugins/com.st.stm32cube.ide.mcu.externaltools.gnu-tools-for-stm32.14.3.rel1.win32_1.0.100.202602081740/tools/bin/../lib/gcc/arm-none-eabi/14.3.1/../../../../arm-none-eabi/lib/thumb/v7e-m+fp/hard\libc_nano.a
LOAD C:/ST/STM32CubeIDE_2.1.1/STM32CubeIDE/plugins/com.st.stm32cube.ide.mcu.externaltools.gnu-tools-for-stm32.14.3.rel1.win32_1.0.100.202602081740/tools/bin/../lib/gcc/arm-none-eabi/14.3.1/../../../../arm-none-eabi/lib/thumb/v7e-m+fp/hard\libnosys.a
END GROUP
START GROUP
LOAD C:/ST/STM32CubeIDE_2.1.1/STM32CubeIDE/plugins/com.st.stm32cube.ide.mcu.externaltools.gnu-tools-for-stm32.14.3.rel1.win32_1.0.100.202602081740/tools/bin/../lib/gcc/arm-none-eabi/14.3.1/thumb/v7e-m+fp/hard\libgcc.a
LOAD C:/ST/STM32CubeIDE_2.1.1/STM32CubeIDE/plugins/com.st.stm32cube.ide.mcu.externaltools.gnu-tools-for-stm32.14.3.rel1.win32_1.0.100.202602081740/tools/bin/../lib/gcc/arm-none-eabi/14.3.1/../../../../arm-none-eabi/lib/thumb/v7e-m+fp/hard\libc_nano.a
LOAD C:/ST/STM32CubeIDE_2.1.1/STM32CubeIDE/plugins/com.st.stm32cube.ide.mcu.externaltools.gnu-tools-for-stm32.14.3.rel1.win32_1.0.100.202602081740/tools/bin/../lib/gcc/arm-none-eabi/14.3.1/../../../../arm-none-eabi/lib/thumb/v7e-m+fp/hard\libnosys.a
END GROUP
LOAD C:/ST/STM32CubeIDE_2.1.1/STM32CubeIDE/plugins/com.st.stm32cube.ide.mcu.externaltools.gnu-tools-for-stm32.14.3.rel1.win32_1.0.100.202602081740/tools/bin/../lib/gcc/arm-none-eabi/14.3.1/thumb/v7e-m+fp/hard/crtend.o
LOAD C:/ST/STM32CubeIDE_2.1.1/STM32CubeIDE/plugins/com.st.stm32cube.ide.mcu.externaltools.gnu-tools-for-stm32.14.3.rel1.win32_1.0.100.202602081740/tools/bin/../lib/gcc/arm-none-eabi/14.3.1/thumb/v7e-m+fp/hard/crtn.o
                0x20020000                        _estack = (ORIGIN (RAM) + LENGTH (RAM))
                0x00000200                        _Min_Heap_Size = 0x200
                0x00000400                        _Min_Stack_Size = 0x400

.isr_vector     0x08000000      0x1c4
                0x08000000                        . = ALIGN (0x4)
 *(.isr_vector)
 .isr_vector    0x08000000      0x1c4 ./Core/Startup/startup_stm32f446retx.o
                0x08000000                g_pfnVectors
                0x080001c4                        . = ALIGN (0x4)

.text           0x080001d0     0x6244
                0x080001d0                        . = ALIGN (0x4)
 *(.text)
 .text          0x080001d0       0x40 C:/ST/STM32CubeIDE_2.1.1/STM32CubeIDE/plugins/com.st.stm32cube.ide.mcu.externaltools.gnu-tools-for-stm32.14.3.rel1.win32_1.0.100.202602081740/tools/bin/../lib/gcc/arm-none-eabi/14.3.1/thumb/v7e-m+fp/hard/crtbegin.o
 .text          0x08000210       0x30 C:/ST/STM32CubeIDE_2.1.1/STM32CubeIDE/plugins/com.st.stm32cube.ide.mcu.externaltools.gnu-tools-for-stm32.14.3.rel1.win32_1.0.100.202602081740/tools/bin/../lib/gcc/arm-none-eabi/14.3.1/thumb/v7e-m+fp/hard\libgcc.a(_aeabi_uldivmod.o)
                0x08000210                __aeabi_uldivmod
 .text          0x08000240      0x2f8 C:/ST/STM32CubeIDE_2.1.1/STM32CubeIDE/plugins/com.st.stm32cube.ide.mcu.externaltools.gnu-tools-for-stm32.14.3.rel1.win32_1.0.100.202602081740/tools/bin/../lib/gcc/arm-none-eabi/14.3.1/thumb/v7e-m+fp/hard\libgcc.a(_udivmoddi4.o)
                0x08000240                __udivmoddi4
 .text          0x08000538        0x4 C:/ST/STM32CubeIDE_2.1.1/STM32CubeIDE/plugins/com.st.stm32cube.ide.mcu.externaltools.gnu-tools-for-stm32.14.3.rel1.win32_1.0.100.202602081740/tools/bin/../lib/gcc/arm-none-eabi/14.3.1/thumb/v7e-m+fp/hard\libgcc.a(_dvmd_tls.o)
                0x08000538                __aeabi_idiv0
                0x08000538                __aeabi_ldiv0
 *(.text*)
 .text.MX_CAN1_Init
                0x0800053c       0x6c ./Core/Src/can.o
                0x0800053c                MX_CAN1_Init
 .text.HAL_CAN_MspInit
                0x080005a8       0xa0 ./Core/Src/can.o
                0x080005a8                HAL_CAN_MspInit
 .text.MX_FREERTOS_Init
                0x08000648      0x108 ./Core/Src/freertos.o
                0x08000648                MX_FREERTOS_Init
 .text.StartDefaultTask
                0x08000750       0x10 ./Core/Src/freertos.o
                0x08000750                StartDefaultTask
 .text.StartTask02
                0x08000760       0x44 ./Core/Src/freertos.o
                0x08000760                StartTask02
 .text.StartTask03
                0x080007a4       0x10 ./Core/Src/freertos.o
                0x080007a4                StartTask03
 .text.StartTask04
                0x080007b4       0x10 ./Core/Src/freertos.o
                0x080007b4                StartTask04
 .text.StartTask05
                0x080007c4       0x6c ./Core/Src/freertos.o
                0x080007c4                StartTask05
 .text.TrashForwardTimerCallback
                0x08000830       0x14 ./Core/Src/freertos.o
                0x08000830                TrashForwardTimerCallback
 .text.TrashBackwardTimerCallback
                0x08000844       0x14 ./Core/Src/freertos.o
                0x08000844                TrashBackwardTimerCallback
 .text.CheckTimerCallback
                0x08000858       0x14 ./Core/Src/freertos.o
                0x08000858                CheckTimerCallback
 .text.StepMotorA_Write
                0x0800086c       0x88 ./Core/Src/freertos.o
                0x0800086c                StepMotorA_Write
 .text.StepMotorB_Write
                0x080008f4       0x8c ./Core/Src/freertos.o
                0x080008f4                StepMotorB_Write
 .text.StepMotorA_OneCycle
                0x08000980       0x98 ./Core/Src/freertos.o
                0x08000980                StepMotorA_OneCycle
 .text.StepMotorB_Step
                0x08000a18       0xc0 ./Core/Src/freertos.o
                0x08000a18                StepMotorB_Step
 .text.StepMotorB_RotateSteps
                0x08000ad8       0x5c ./Core/Src/freertos.o
                0x08000ad8                StepMotorB_RotateSteps
 .text.MX_GPIO_Init
                0x08000b34      0x128 ./Core/Src/gpio.o
                0x08000b34                MX_GPIO_Init
 .text.CAN_Filter_Config
                0x08000c5c       0x54 ./Core/Src/main.o
                0x08000c5c                CAN_Filter_Config
 .text.HAL_CAN_RxFifo0MsgPendingCallback
                0x08000cb0       0x84 ./Core/Src/main.o
                0x08000cb0                HAL_CAN_RxFifo0MsgPendingCallback
 .text.main     0x08000d34       0x54 ./Core/Src/main.o
                0x08000d34                main
 .text.SystemClock_Config
                0x08000d88       0xe4 ./Core/Src/main.o
                0x08000d88                SystemClock_Config
 .text.Error_Handler
                0x08000e6c        0xc ./Core/Src/main.o
                0x08000e6c                Error_Handler
 .text.HAL_MspInit
                0x08000e78       0x58 ./Core/Src/stm32f4xx_hal_msp.o
                0x08000e78                HAL_MspInit
 .text.NMI_Handler
                0x08000ed0        0x8 ./Core/Src/stm32f4xx_it.o
                0x08000ed0                NMI_Handler
 .text.HardFault_Handler
                0x08000ed8        0x8 ./Core/Src/stm32f4xx_it.o
                0x08000ed8                HardFault_Handler
 .text.MemManage_Handler
                0x08000ee0        0x8 ./Core/Src/stm32f4xx_it.o
                0x08000ee0                MemManage_Handler
 .text.BusFault_Handler
                0x08000ee8        0x8 ./Core/Src/stm32f4xx_it.o
                0x08000ee8                BusFault_Handler
 .text.UsageFault_Handler
                0x08000ef0        0x8 ./Core/Src/stm32f4xx_it.o
                0x08000ef0                UsageFault_Handler
 .text.DebugMon_Handler
                0x08000ef8        0xe ./Core/Src/stm32f4xx_it.o
                0x08000ef8                DebugMon_Handler
 .text.SysTick_Handler
                0x08000f06       0x1a ./Core/Src/stm32f4xx_it.o
                0x08000f06                SysTick_Handler
 .text.CAN1_RX0_IRQHandler
                0x08000f20       0x14 ./Core/Src/stm32f4xx_it.o
                0x08000f20                CAN1_RX0_IRQHandler
 .text.SystemInit
                0x08000f34       0x24 ./Core/Src/system_stm32f4xx.o
                0x08000f34                SystemInit
 .text.MX_USART2_UART_Init
                0x08000f58       0x54 ./Core/Src/usart.o
                0x08000f58                MX_USART2_UART_Init
 .text.HAL_UART_MspInit
                0x08000fac       0x90 ./Core/Src/usart.o
                0x08000fac                HAL_UART_MspInit
 .text.Reset_Handler
                0x0800103c       0x50 ./Core/Startup/startup_stm32f446retx.o
                0x0800103c                Reset_Handler
 .text.Default_Handler
                0x0800108c        0x2 ./Core/Startup/startup_stm32f446retx.o
                0x0800108c                RTC_Alarm_IRQHandler
                0x0800108c                EXTI2_IRQHandler
                0x0800108c                TIM8_CC_IRQHandler
                0x0800108c                FMPI2C1_EV_IRQHandler
                0x0800108c                SPI4_IRQHandler
                0x0800108c                TIM1_CC_IRQHandler
                0x0800108c                DMA2_Stream5_IRQHandler
                0x0800108c                DMA1_Stream5_IRQHandler
                0x0800108c                PVD_IRQHandler
                0x0800108c                SDIO_IRQHandler
                0x0800108c                TAMP_STAMP_IRQHandler
                0x0800108c                CAN2_RX1_IRQHandler
                0x0800108c                EXTI3_IRQHandler
                0x0800108c                TIM8_TRG_COM_TIM14_IRQHandler
                0x0800108c                TIM1_UP_TIM10_IRQHandler
                0x0800108c                TIM8_UP_TIM13_IRQHandler
                0x0800108c                I2C3_ER_IRQHandler
                0x0800108c                EXTI0_IRQHandler
                0x0800108c                I2C2_EV_IRQHandler
                0x0800108c                DMA1_Stream2_IRQHandler
                0x0800108c                FPU_IRQHandler
                0x0800108c                OTG_HS_WKUP_IRQHandler
                0x0800108c                CAN2_SCE_IRQHandler
                0x0800108c                DMA2_Stream2_IRQHandler
                0x0800108c                SPI1_IRQHandler
                0x0800108c                TIM6_DAC_IRQHandler
                0x0800108c                TIM1_BRK_TIM9_IRQHandler
                0x0800108c                DCMI_IRQHandler
                0x0800108c                CAN2_RX0_IRQHandler
                0x0800108c                DMA2_Stream3_IRQHandler
                0x0800108c                SAI2_IRQHandler
                0x0800108c                USART6_IRQHandler
                0x0800108c                USART3_IRQHandler
                0x0800108c                CAN1_RX1_IRQHandler
                0x0800108c                UART5_IRQHandler
                0x0800108c                DMA2_Stream0_IRQHandler
                0x0800108c                TIM4_IRQHandler
                0x0800108c                QUADSPI_IRQHandler
                0x0800108c                I2C1_EV_IRQHandler
                0x0800108c                DMA1_Stream6_IRQHandler
                0x0800108c                DMA1_Stream1_IRQHandler
                0x0800108c                UART4_IRQHandler
                0x0800108c                TIM3_IRQHandler
                0x0800108c                RCC_IRQHandler
                0x0800108c                TIM8_BRK_TIM12_IRQHandler
                0x0800108c                Default_Handler
                0x0800108c                CEC_IRQHandler
                0x0800108c                EXTI15_10_IRQHandler
                0x0800108c                ADC_IRQHandler
                0x0800108c                DMA1_Stream7_IRQHandler
                0x0800108c                TIM7_IRQHandler
                0x0800108c                CAN2_TX_IRQHandler
                0x0800108c                TIM5_IRQHandler
                0x0800108c                DMA2_Stream7_IRQHandler
                0x0800108c                I2C3_EV_IRQHandler
                0x0800108c                EXTI9_5_IRQHandler
                0x0800108c                RTC_WKUP_IRQHandler
                0x0800108c                SPDIF_RX_IRQHandler
                0x0800108c                SPI2_IRQHandler
                0x0800108c                OTG_HS_EP1_IN_IRQHandler
                0x0800108c                DMA1_Stream0_IRQHandler
                0x0800108c                CAN1_TX_IRQHandler
                0x0800108c                FMPI2C1_ER_IRQHandler
                0x0800108c                EXTI4_IRQHandler
                0x0800108c                OTG_HS_EP1_OUT_IRQHandler
                0x0800108c                WWDG_IRQHandler
                0x0800108c                TIM2_IRQHandler
                0x0800108c                OTG_FS_WKUP_IRQHandler
                0x0800108c                TIM1_TRG_COM_TIM11_IRQHandler
                0x0800108c                OTG_HS_IRQHandler
                0x0800108c                EXTI1_IRQHandler
                0x0800108c                USART2_IRQHandler
                0x0800108c                I2C2_ER_IRQHandler
                0x0800108c                DMA2_Stream1_IRQHandler
                0x0800108c                CAN1_SCE_IRQHandler
                0x0800108c                FLASH_IRQHandler
                0x0800108c                DMA2_Stream4_IRQHandler
                0x0800108c                USART1_IRQHandler
                0x0800108c                OTG_FS_IRQHandler
                0x0800108c                SPI3_IRQHandler
                0x0800108c                DMA1_Stream4_IRQHandler
                0x0800108c                I2C1_ER_IRQHandler
                0x0800108c                FMC_IRQHandler
                0x0800108c                DMA2_Stream6_IRQHandler
                0x0800108c                SAI1_IRQHandler
                0x0800108c                DMA1_Stream3_IRQHandler
 *fill*         0x0800108e        0x2 
 .text.HAL_Init
                0x08001090       0x44 ./Drivers/STM32F4xx_HAL_Driver/Src/stm32f4xx_hal.o
                0x08001090                HAL_Init
 .text.HAL_InitTick
                0x080010d4       0x60 ./Drivers/STM32F4xx_HAL_Driver/Src/stm32f4xx_hal.o
                0x080010d4                HAL_InitTick
 .text.HAL_IncTick
                0x08001134       0x28 ./Drivers/STM32F4xx_HAL_Driver/Src/stm32f4xx_hal.o
                0x08001134                HAL_IncTick
 .text.HAL_GetTick
                0x0800115c       0x18 ./Drivers/STM32F4xx_HAL_Driver/Src/stm32f4xx_hal.o
                0x0800115c                HAL_GetTick
 .text.HAL_CAN_Init
                0x08001174      0x1f6 ./Drivers/STM32F4xx_HAL_Driver/Src/stm32f4xx_hal_can.o
                0x08001174                HAL_CAN_Init
 *fill*         0x0800136a        0x2 
 .text.HAL_CAN_ConfigFilter
                0x0800136c      0x1bc ./Drivers/STM32F4xx_HAL_Driver/Src/stm32f4xx_hal_can.o
                0x0800136c                HAL_CAN_ConfigFilter
 .text.HAL_CAN_Start
                0x08001528       0x88 ./Drivers/STM32F4xx_HAL_Driver/Src/stm32f4xx_hal_can.o
                0x08001528                HAL_CAN_Start
 .text.HAL_CAN_GetRxMessage
                0x080015b0      0x244 ./Drivers/STM32F4xx_HAL_Driver/Src/stm32f4xx_hal_can.o
                0x080015b0                HAL_CAN_GetRxMessage
 .text.HAL_CAN_ActivateNotification
                0x080017f4       0x4c ./Drivers/STM32F4xx_HAL_Driver/Src/stm32f4xx_hal_can.o
                0x080017f4                HAL_CAN_ActivateNotification
 .text.HAL_CAN_IRQHandler
                0x08001840      0x36e ./Drivers/STM32F4xx_HAL_Driver/Src/stm32f4xx_hal_can.o
                0x08001840                HAL_CAN_IRQHandler
 .text.HAL_CAN_TxMailbox0CompleteCallback
                0x08001bae       0x14 ./Drivers/STM32F4xx_HAL_Driver/Src/stm32f4xx_hal_can.o
                0x08001bae                HAL_CAN_TxMailbox0CompleteCallback
 .text.HAL_CAN_TxMailbox1CompleteCallback
                0x08001bc2       0x14 ./Drivers/STM32F4xx_HAL_Driver/Src/stm32f4xx_hal_can.o
                0x08001bc2                HAL_CAN_TxMailbox1CompleteCallback
 .text.HAL_CAN_TxMailbox2CompleteCallback
                0x08001bd6       0x14 ./Drivers/STM32F4xx_HAL_Driver/Src/stm32f4xx_hal_can.o
                0x08001bd6                HAL_CAN_TxMailbox2CompleteCallback
 .text.HAL_CAN_TxMailbox0AbortCallback
                0x08001bea       0x14 ./Drivers/STM32F4xx_HAL_Driver/Src/stm32f4xx_hal_can.o
                0x08001bea                HAL_CAN_TxMailbox0AbortCallback
 .text.HAL_CAN_TxMailbox1AbortCallback
                0x08001bfe       0x14 ./Drivers/STM32F4xx_HAL_Driver/Src/stm32f4xx_hal_can.o
                0x08001bfe                HAL_CAN_TxMailbox1AbortCallback
 .text.HAL_CAN_TxMailbox2AbortCallback
                0x08001c12       0x14 ./Drivers/STM32F4xx_HAL_Driver/Src/stm32f4xx_hal_can.o
                0x08001c12                HAL_CAN_TxMailbox2AbortCallback
 .text.HAL_CAN_RxFifo0FullCallback
                0x08001c26       0x14 ./Drivers/STM32F4xx_HAL_Driver/Src/stm32f4xx_hal_can.o
                0x08001c26                HAL_CAN_RxFifo0FullCallback
 .text.HAL_CAN_RxFifo1MsgPendingCallback
                0x08001c3a       0x14 ./Drivers/STM32F4xx_HAL_Driver/Src/stm32f4xx_hal_can.o
                0x08001c3a                HAL_CAN_RxFifo1MsgPendingCallback
 .text.HAL_CAN_RxFifo1FullCallback
                0x08001c4e       0x14 ./Drivers/STM32F4xx_HAL_Driver/Src/stm32f4xx_hal_can.o
                0x08001c4e                HAL_CAN_RxFifo1FullCallback
 .text.HAL_CAN_SleepCallback
                0x08001c62       0x14 ./Drivers/STM32F4xx_HAL_Driver/Src/stm32f4xx_hal_can.o
                0x08001c62                HAL_CAN_SleepCallback
 .text.HAL_CAN_WakeUpFromRxMsgCallback
                0x08001c76       0x14 ./Drivers/STM32F4xx_HAL_Driver/Src/stm32f4xx_hal_can.o
                0x08001c76                HAL_CAN_WakeUpFromRxMsgCallback
 .text.HAL_CAN_ErrorCallback
                0x08001c8a       0x14 ./Drivers/STM32F4xx_HAL_Driver/Src/stm32f4xx_hal_can.o
                0x08001c8a                HAL_CAN_ErrorCallback
 *fill*         0x08001c9e        0x2 
 .text.__NVIC_SetPriorityGrouping
                0x08001ca0       0x48 ./Drivers/STM32F4xx_HAL_Driver/Src/stm32f4xx_hal_cortex.o
 .text.__NVIC_GetPriorityGrouping
                0x08001ce8       0x1c ./Drivers/STM32F4xx_HAL_Driver/Src/stm32f4xx_hal_cortex.o
 .text.__NVIC_EnableIRQ
                0x08001d04       0x3c ./Drivers/STM32F4xx_HAL_Driver/Src/stm32f4xx_hal_cortex.o
 .text.__NVIC_SetPriority
                0x08001d40       0x54 ./Drivers/STM32F4xx_HAL_Driver/Src/stm32f4xx_hal_cortex.o
 .text.NVIC_EncodePriority
                0x08001d94       0x66 ./Drivers/STM32F4xx_HAL_Driver/Src/stm32f4xx_hal_cortex.o
 *fill*         0x08001dfa        0x2 
 .text.SysTick_Config
                0x08001dfc       0x44 ./Drivers/STM32F4xx_HAL_Driver/Src/stm32f4xx_hal_cortex.o
 .text.HAL_NVIC_SetPriorityGrouping
                0x08001e40       0x16 ./Drivers/STM32F4xx_HAL_Driver/Src/stm32f4xx_hal_cortex.o
                0x08001e40                HAL_NVIC_SetPriorityGrouping
 .text.HAL_NVIC_SetPriority
                0x08001e56       0x38 ./Drivers/STM32F4xx_HAL_Driver/Src/stm32f4xx_hal_cortex.o
                0x08001e56                HAL_NVIC_SetPriority
 .text.HAL_NVIC_EnableIRQ
                0x08001e8e       0x1c ./Drivers/STM32F4xx_HAL_Driver/Src/stm32f4xx_hal_cortex.o
                0x08001e8e                HAL_NVIC_EnableIRQ
 .text.HAL_SYSTICK_Config
                0x08001eaa       0x18 ./Drivers/STM32F4xx_HAL_Driver/Src/stm32f4xx_hal_cortex.o
                0x08001eaa                HAL_SYSTICK_Config
 *fill*         0x08001ec2        0x2 
 .text.HAL_GPIO_Init
                0x08001ec4      0x328 ./Drivers/STM32F4xx_HAL_Driver/Src/stm32f4xx_hal_gpio.o
                0x08001ec4                HAL_GPIO_Init
 .text.HAL_GPIO_WritePin
                0x080021ec       0x32 ./Drivers/STM32F4xx_HAL_Driver/Src/stm32f4xx_hal_gpio.o
                0x080021ec                HAL_GPIO_WritePin
 *fill*         0x0800221e        0x2 
 .text.HAL_PWREx_EnableOverDrive
                0x08002220       0xa0 ./Drivers/STM32F4xx_HAL_Driver/Src/stm32f4xx_hal_pwr_ex.o
                0x08002220                HAL_PWREx_EnableOverDrive
 .text.HAL_RCC_ClockConfig
                0x080022c0      0x1cc ./Drivers/STM32F4xx_HAL_Driver/Src/stm32f4xx_hal_rcc.o
                0x080022c0                HAL_RCC_ClockConfig
 .text.HAL_RCC_GetHCLKFreq
                0x0800248c       0x18 ./Drivers/STM32F4xx_HAL_Driver/Src/stm32f4xx_hal_rcc.o
                0x0800248c                HAL_RCC_GetHCLKFreq
 .text.HAL_RCC_GetPCLK1Freq
                0x080024a4       0x28 ./Drivers/STM32F4xx_HAL_Driver/Src/stm32f4xx_hal_rcc.o
                0x080024a4                HAL_RCC_GetPCLK1Freq
 .text.HAL_RCC_GetPCLK2Freq
                0x080024cc       0x28 ./Drivers/STM32F4xx_HAL_Driver/Src/stm32f4xx_hal_rcc.o
                0x080024cc                HAL_RCC_GetPCLK2Freq
 .text.HAL_RCC_GetSysClockFreq
                0x080024f4      0x460 ./Drivers/STM32F4xx_HAL_Driver/Src/stm32f4xx_hal_rcc_ex.o
                0x080024f4                HAL_RCC_GetSysClockFreq
 .text.HAL_RCC_OscConfig
                0x08002954      0x53c ./Drivers/STM32F4xx_HAL_Driver/Src/stm32f4xx_hal_rcc_ex.o
                0x08002954                HAL_RCC_OscConfig
 .text.HAL_UART_Init
                0x08002e90       0xa0 ./Drivers/STM32F4xx_HAL_Driver/Src/stm32f4xx_hal_uart.o
                0x08002e90                HAL_UART_Init
 .text.UART_SetConfig
                0x08002f30      0x4e8 ./Drivers/STM32F4xx_HAL_Driver/Src/stm32f4xx_hal_uart.o
 .text.__NVIC_SetPriority
                0x08003418       0x54 ./Middlewares/Third_Party/FreeRTOS/Source/CMSIS_RTOS_V2/cmsis_os2.o
 .text.SVC_Setup
                0x0800346c       0x12 ./Middlewares/Third_Party/FreeRTOS/Source/CMSIS_RTOS_V2/cmsis_os2.o
 *fill*         0x0800347e        0x2 
 .text.osKernelInitialize
                0x08003480       0x48 ./Middlewares/Third_Party/FreeRTOS/Source/CMSIS_RTOS_V2/cmsis_os2.o
                0x08003480                osKernelInitialize
 .text.osKernelStart
                0x080034c8       0x4c ./Middlewares/Third_Party/FreeRTOS/Source/CMSIS_RTOS_V2/cmsis_os2.o
                0x080034c8                osKernelStart
 .text.osThreadNew
                0x08003514      0x124 ./Middlewares/Third_Party/FreeRTOS/Source/CMSIS_RTOS_V2/cmsis_os2.o
                0x08003514                osThreadNew
 .text.osDelay  0x08003638       0x36 ./Middlewares/Third_Party/FreeRTOS/Source/CMSIS_RTOS_V2/cmsis_os2.o
                0x08003638                osDelay
 .text.TimerCallback
                0x0800366e       0x2a ./Middlewares/Third_Party/FreeRTOS/Source/CMSIS_RTOS_V2/cmsis_os2.o
 .text.osTimerNew
                0x08003698       0xf8 ./Middlewares/Third_Party/FreeRTOS/Source/CMSIS_RTOS_V2/cmsis_os2.o
                0x08003698                osTimerNew
 .text.osMessageQueueNew
                0x08003790       0xe6 ./Middlewares/Third_Party/FreeRTOS/Source/CMSIS_RTOS_V2/cmsis_os2.o
                0x08003790                osMessageQueueNew
 *fill*         0x08003876        0x2 
 .text.vApplicationGetIdleTaskMemory
                0x08003878       0x34 ./Middlewares/Third_Party/FreeRTOS/Source/CMSIS_RTOS_V2/cmsis_os2.o
                0x08003878                vApplicationGetIdleTaskMemory
 .text.vApplicationGetTimerTaskMemory
                0x080038ac       0x34 ./Middlewares/Third_Party/FreeRTOS/Source/CMSIS_RTOS_V2/cmsis_os2.o
                0x080038ac                vApplicationGetTimerTaskMemory
 .text.vListInitialise
                0x080038e0       0x40 ./Middlewares/Third_Party/FreeRTOS/Source/list.o
                0x080038e0                vListInitialise
 .text.vListInitialiseItem
                0x08003920       0x1a ./Middlewares/Third_Party/FreeRTOS/Source/list.o
                0x08003920                vListInitialiseItem
 .text.vListInsertEnd
                0x0800393a       0x48 ./Middlewares/Third_Party/FreeRTOS/Source/list.o
                0x0800393a                vListInsertEnd
 .text.vListInsert
                0x08003982       0x72 ./Middlewares/Third_Party/FreeRTOS/Source/list.o
                0x08003982                vListInsert
 .text.uxListRemove
                0x080039f4       0x54 ./Middlewares/Third_Party/FreeRTOS/Source/list.o
                0x080039f4                uxListRemove
 .text.xQueueGenericReset
                0x08003a48       0xd4 ./Middlewares/Third_Party/FreeRTOS/Source/queue.o
                0x08003a48                xQueueGenericReset
 .text.xQueueGenericCreateStatic
                0x08003b1c       0xfa ./Middlewares/Third_Party/FreeRTOS/Source/queue.o
                0x08003b1c                xQueueGenericCreateStatic
 .text.xQueueGenericCreate
                0x08003c16       0x76 ./Middlewares/Third_Party/FreeRTOS/Source/queue.o
                0x08003c16                xQueueGenericCreate
 .text.prvInitialiseNewQueue
                0x08003c8c       0x46 ./Middlewares/Third_Party/FreeRTOS/Source/queue.o
 *fill*         0x08003cd2        0x2 
 .text.xQueueGenericSend
                0x08003cd4      0x204 ./Middlewares/Third_Party/FreeRTOS/Source/queue.o
                0x08003cd4                xQueueGenericSend
 .text.xQueueGenericSendFromISR
                0x08003ed8      0x13c ./Middlewares/Third_Party/FreeRTOS/Source/queue.o
                0x08003ed8                xQueueGenericSendFromISR
 .text.xQueueReceive
                0x08004014      0x1c4 ./Middlewares/Third_Party/FreeRTOS/Source/queue.o
                0x08004014                xQueueReceive
 .text.prvCopyDataToQueue
                0x080041d8       0xd4 ./Middlewares/Third_Party/FreeRTOS/Source/queue.o
 .text.prvCopyDataFromQueue
                0x080042ac       0x4c ./Middlewares/Third_Party/FreeRTOS/Source/queue.o
 .text.prvUnlockQueue
                0x080042f8       0xa4 ./Middlewares/Third_Party/FreeRTOS/Source/queue.o
 .text.prvIsQueueEmpty
                0x0800439c       0x2c ./Middlewares/Third_Party/FreeRTOS/Source/queue.o
 .text.prvIsQueueFull
                0x080043c8       0x30 ./Middlewares/Third_Party/FreeRTOS/Source/queue.o
 .text.vQueueAddToRegistry
                0x080043f8       0x54 ./Middlewares/Third_Party/FreeRTOS/Source/queue.o
                0x080043f8                vQueueAddToRegistry
 .text.vQueueWaitForMessageRestricted
                0x0800444c       0x68 ./Middlewares/Third_Party/FreeRTOS/Source/queue.o
                0x0800444c                vQueueWaitForMessageRestricted
 .text.xTaskCreateStatic
                0x080044b4       0xc0 ./Middlewares/Third_Party/FreeRTOS/Source/tasks.o
                0x080044b4                xTaskCreateStatic
 .text.xTaskCreate
                0x08004574       0x8a ./Middlewares/Third_Party/FreeRTOS/Source/tasks.o
                0x08004574                xTaskCreate
 .text.prvInitialiseNewTask
                0x080045fe      0x120 ./Middlewares/Third_Party/FreeRTOS/Source/tasks.o
 *fill*         0x0800471e        0x2 
 .text.prvAddNewTaskToReadyList
                0x08004720       0xe0 ./Middlewares/Third_Party/FreeRTOS/Source/tasks.o
 .text.vTaskDelay
                0x08004800       0x6c ./Middlewares/Third_Party/FreeRTOS/Source/tasks.o
                0x08004800                vTaskDelay
 .text.vTaskStartScheduler
                0x0800486c       0xd0 ./Middlewares/Third_Party/FreeRTOS/Source/tasks.o
                0x0800486c                vTaskStartScheduler
 .text.vTaskSuspendAll
                0x0800493c       0x1c ./Middlewares/Third_Party/FreeRTOS/Source/tasks.o
                0x0800493c                vTaskSuspendAll
 .text.xTaskResumeAll
                0x08004958      0x13c ./Middlewares/Third_Party/FreeRTOS/Source/tasks.o
                0x08004958                xTaskResumeAll
 .text.xTaskGetTickCount
                0x08004a94       0x20 ./Middlewares/Third_Party/FreeRTOS/Source/tasks.o
                0x08004a94                xTaskGetTickCount
 .text.xTaskIncrementTick
                0x08004ab4      0x174 ./Middlewares/Third_Party/FreeRTOS/Source/tasks.o
                0x08004ab4                xTaskIncrementTick
 .text.vTaskSwitchContext
                0x08004c28       0xbc ./Middlewares/Third_Party/FreeRTOS/Source/tasks.o
                0x08004c28                vTaskSwitchContext
 .text.vTaskPlaceOnEventList
                0x08004ce4       0x4c ./Middlewares/Third_Party/FreeRTOS/Source/tasks.o
                0x08004ce4                vTaskPlaceOnEventList
 .text.vTaskPlaceOnEventListRestricted
                0x08004d30       0x58 ./Middlewares/Third_Party/FreeRTOS/Source/tasks.o
                0x08004d30                vTaskPlaceOnEventListRestricted
 .text.xTaskRemoveFromEventList
                0x08004d88       0xc8 ./Middlewares/Third_Party/FreeRTOS/Source/tasks.o
                0x08004d88                xTaskRemoveFromEventList
 .text.vTaskInternalSetTimeOutState
                0x08004e50       0x2c ./Middlewares/Third_Party/FreeRTOS/Source/tasks.o
                0x08004e50                vTaskInternalSetTimeOutState
 .text.xTaskCheckForTimeOut
                0x08004e7c       0xc8 ./Middlewares/Third_Party/FreeRTOS/Source/tasks.o
                0x08004e7c                xTaskCheckForTimeOut
 .text.vTaskMissedYield
                0x08004f44       0x18 ./Middlewares/Third_Party/FreeRTOS/Source/tasks.o
                0x08004f44                vTaskMissedYield
 .text.prvIdleTask
                0x08004f5c       0x30 ./Middlewares/Third_Party/FreeRTOS/Source/tasks.o
 .text.prvInitialiseTaskLists
                0x08004f8c       0x80 ./Middlewares/Third_Party/FreeRTOS/Source/tasks.o
 .text.prvCheckTasksWaitingTermination
                0x0800500c       0x5c ./Middlewares/Third_Party/FreeRTOS/Source/tasks.o
 .text.prvDeleteTCB
                0x08005068       0x60 ./Middlewares/Third_Party/FreeRTOS/Source/tasks.o
 .text.prvResetNextTaskUnblockTime
                0x080050c8       0x40 ./Middlewares/Third_Party/FreeRTOS/Source/tasks.o
 .text.xTaskGetSchedulerState
                0x08005108       0x3c ./Middlewares/Third_Party/FreeRTOS/Source/tasks.o
                0x08005108                xTaskGetSchedulerState
 .text.xTaskPriorityDisinherit
                0x08005144       0xe0 ./Middlewares/Third_Party/FreeRTOS/Source/tasks.o
                0x08005144                xTaskPriorityDisinherit
 .text.prvAddCurrentTaskToDelayedList
                0x08005224       0xa8 ./Middlewares/Third_Party/FreeRTOS/Source/tasks.o
 .text.xTimerCreateTimerTask
                0x080052cc       0x94 ./Middlewares/Third_Party/FreeRTOS/Source/timers.o
                0x080052cc                xTimerCreateTimerTask
 .text.xTimerCreate
                0x08005360       0x42 ./Middlewares/Third_Party/FreeRTOS/Source/timers.o
                0x08005360                xTimerCreate
 .text.xTimerCreateStatic
                0x080053a2       0x80 ./Middlewares/Third_Party/FreeRTOS/Source/timers.o
                0x080053a2                xTimerCreateStatic
 .text.prvInitialiseNewTimer
                0x08005422       0x78 ./Middlewares/Third_Party/FreeRTOS/Source/timers.o
 *fill*         0x0800549a        0x2 
 .text.xTimerGenericCommand
                0x0800549c       0x9c ./Middlewares/Third_Party/FreeRTOS/Source/timers.o
                0x0800549c                xTimerGenericCommand
 .text.prvProcessExpiredTimer
                0x08005538       0x9c ./Middlewares/Third_Party/FreeRTOS/Source/timers.o
 .text.prvTimerTask
                0x080055d4       0x26 ./Middlewares/Third_Party/FreeRTOS/Source/timers.o
 *fill*         0x080055fa        0x2 
 .text.prvProcessTimerOrBlockTask
                0x080055fc       0x9c ./Middlewares/Third_Party/FreeRTOS/Source/timers.o
 .text.prvGetNextExpireTime
                0x08005698       0x48 ./Middlewares/Third_Party/FreeRTOS/Source/timers.o
 .text.prvSampleTimeNow
                0x080056e0       0x40 ./Middlewares/Third_Party/FreeRTOS/Source/timers.o
 .text.prvInsertTimerInActiveList
                0x08005720       0x84 ./Middlewares/Third_Party/FreeRTOS/Source/timers.o
 .text.prvProcessReceivedCommands
                0x080057a4      0x1cc ./Middlewares/Third_Party/FreeRTOS/Source/timers.o
 .text.prvSwitchTimerLists
                0x08005970       0xcc ./Middlewares/Third_Party/FreeRTOS/Source/timers.o
 .text.prvCheckForValidListAndQueue
                0x08005a3c       0x80 ./Middlewares/Third_Party/FreeRTOS/Source/timers.o
 .text.pvTimerGetTimerID
                0x08005abc       0x42 ./Middlewares/Third_Party/FreeRTOS/Source/timers.o
                0x08005abc                pvTimerGetTimerID
 *fill*         0x08005afe        0x2 
 .text.pxPortInitialiseStack
                0x08005b00       0x68 ./Middlewares/Third_Party/FreeRTOS/Source/portable/GCC/ARM_CM4F/port.o
                0x08005b00                pxPortInitialiseStack
 .text.prvTaskExitError
                0x08005b68       0x5c ./Middlewares/Third_Party/FreeRTOS/Source/portable/GCC/ARM_CM4F/port.o
 *fill*         0x08005bc4        0xc 
 .text.SVC_Handler
                0x08005bd0       0x28 ./Middlewares/Third_Party/FreeRTOS/Source/portable/GCC/ARM_CM4F/port.o
                0x08005bd0                SVC_Handler
 .text.prvPortStartFirstTask
                0x08005bf8       0x28 ./Middlewares/Third_Party/FreeRTOS/Source/portable/GCC/ARM_CM4F/port.o
 .text.xPortStartScheduler
                0x08005c20      0x148 ./Middlewares/Third_Party/FreeRTOS/Source/portable/GCC/ARM_CM4F/port.o
                0x08005c20                xPortStartScheduler
 .text.vPortEnterCritical
                0x08005d68       0x64 ./Middlewares/Third_Party/FreeRTOS/Source/portable/GCC/ARM_CM4F/port.o
                0x08005d68                vPortEnterCritical
 .text.vPortExitCritical
                0x08005dcc       0x54 ./Middlewares/Third_Party/FreeRTOS/Source/portable/GCC/ARM_CM4F/port.o
                0x08005dcc                vPortExitCritical
 .text.PendSV_Handler
                0x08005e20       0x68 ./Middlewares/Third_Party/FreeRTOS/Source/portable/GCC/ARM_CM4F/port.o
                0x08005e20                PendSV_Handler
 .text.xPortSysTickHandler
                0x08005e88       0x44 ./Middlewares/Third_Party/FreeRTOS/Source/portable/GCC/ARM_CM4F/port.o
                0x08005e88                xPortSysTickHandler
 .text.vPortSetupTimerInterrupt
                0x08005ecc       0x48 ./Middlewares/Third_Party/FreeRTOS/Source/portable/GCC/ARM_CM4F/port.o
                0x08005ecc                vPortSetupTimerInterrupt
 .text.vPortEnableVFP
                0x08005f14       0x14 ./Middlewares/Third_Party/FreeRTOS/Source/portable/GCC/ARM_CM4F/port.o
 .text.vPortValidateInterruptPriority
                0x08005f28       0x84 ./Middlewares/Third_Party/FreeRTOS/Source/portable/GCC/ARM_CM4F/port.o
                0x08005f28                vPortValidateInterruptPriority
 .text.pvPortMalloc
                0x08005fac      0x19c ./Middlewares/Third_Party/FreeRTOS/Source/portable/MemMang/heap_4.o
                0x08005fac                pvPortMalloc
 .text.vPortFree
                0x08006148       0xc8 ./Middlewares/Third_Party/FreeRTOS/Source/portable/MemMang/heap_4.o
                0x08006148                vPortFree
 .text.prvHeapInit
                0x08006210       0xc4 ./Middlewares/Third_Party/FreeRTOS/Source/portable/MemMang/heap_4.o
 .text.prvInsertBlockIntoFreeList
                0x080062d4       0xb4 ./Middlewares/Third_Party/FreeRTOS/Source/portable/MemMang/heap_4.o
 .text.memset   0x08006388       0x10 C:/ST/STM32CubeIDE_2.1.1/STM32CubeIDE/plugins/com.st.stm32cube.ide.mcu.externaltools.gnu-tools-for-stm32.14.3.rel1.win32_1.0.100.202602081740/tools/bin/../lib/gcc/arm-none-eabi/14.3.1/../../../../arm-none-eabi/lib/thumb/v7e-m+fp/hard\libc_nano.a(libc_a-memset.o)
                0x08006388                memset
 .text.__libc_init_array
                0x08006398       0x48 C:/ST/STM32CubeIDE_2.1.1/STM32CubeIDE/plugins/com.st.stm32cube.ide.mcu.externaltools.gnu-tools-for-stm32.14.3.rel1.win32_1.0.100.202602081740/tools/bin/../lib/gcc/arm-none-eabi/14.3.1/../../../../arm-none-eabi/lib/thumb/v7e-m+fp/hard\libc_nano.a(libc_a-init.o)
                0x08006398                __libc_init_array
 .text.memcpy   0x080063e0       0x1c C:/ST/STM32CubeIDE_2.1.1/STM32CubeIDE/plugins/com.st.stm32cube.ide.mcu.externaltools.gnu-tools-for-stm32.14.3.rel1.win32_1.0.100.202602081740/tools/bin/../lib/gcc/arm-none-eabi/14.3.1/../../../../arm-none-eabi/lib/thumb/v7e-m+fp/hard\libc_nano.a(libc_a-memcpy-stub.o)
                0x080063e0                memcpy
 *(.glue_7)
 .glue_7        0x080063fc        0x0 linker stubs
 *(.glue_7t)
 .glue_7t       0x080063fc        0x0 linker stubs
 *(.eh_frame)
 .eh_frame      0x080063fc        0x0 C:/ST/STM32CubeIDE_2.1.1/STM32CubeIDE/plugins/com.st.stm32cube.ide.mcu.externaltools.gnu-tools-for-stm32.14.3.rel1.win32_1.0.100.202602081740/tools/bin/../lib/gcc/arm-none-eabi/14.3.1/thumb/v7e-m+fp/hard/crtbegin.o
 *(.init)
 .init          0x080063fc        0x4 C:/ST/STM32CubeIDE_2.1.1/STM32CubeIDE/plugins/com.st.stm32cube.ide.mcu.externaltools.gnu-tools-for-stm32.14.3.rel1.win32_1.0.100.202602081740/tools/bin/../lib/gcc/arm-none-eabi/14.3.1/thumb/v7e-m+fp/hard/crti.o
                0x080063fc                _init
 .init          0x08006400        0x8 C:/ST/STM32CubeIDE_2.1.1/STM32CubeIDE/plugins/com.st.stm32cube.ide.mcu.externaltools.gnu-tools-for-stm32.14.3.rel1.win32_1.0.100.202602081740/tools/bin/../lib/gcc/arm-none-eabi/14.3.1/thumb/v7e-m+fp/hard/crtn.o
 *(.fini)
 .fini          0x08006408        0x4 C:/ST/STM32CubeIDE_2.1.1/STM32CubeIDE/plugins/com.st.stm32cube.ide.mcu.externaltools.gnu-tools-for-stm32.14.3.rel1.win32_1.0.100.202602081740/tools/bin/../lib/gcc/arm-none-eabi/14.3.1/thumb/v7e-m+fp/hard/crti.o
                0x08006408                _fini
 .fini          0x0800640c        0x8 C:/ST/STM32CubeIDE_2.1.1/STM32CubeIDE/plugins/com.st.stm32cube.ide.mcu.externaltools.gnu-tools-for-stm32.14.3.rel1.win32_1.0.100.202602081740/tools/bin/../lib/gcc/arm-none-eabi/14.3.1/thumb/v7e-m+fp/hard/crtn.o
                0x08006414                        . = ALIGN (0x4)
                0x08006414                        _etext = .

.vfp11_veneer   0x08006414        0x0
 .vfp11_veneer  0x08006414        0x0 linker stubs

.v4_bx          0x08006414        0x0
 .v4_bx         0x08006414        0x0 linker stubs

.iplt           0x08006414        0x0
 .iplt          0x08006414        0x0 C:/ST/STM32CubeIDE_2.1.1/STM32CubeIDE/plugins/com.st.stm32cube.ide.mcu.externaltools.gnu-tools-for-stm32.14.3.rel1.win32_1.0.100.202602081740/tools/bin/../lib/gcc/arm-none-eabi/14.3.1/thumb/v7e-m+fp/hard/crtbegin.o

.rodata         0x08006414      0x1ac
                0x08006414                        . = ALIGN (0x4)
 *(.rodata)
 .rodata        0x08006414       0x7f ./Core/Src/freertos.o
 *fill*         0x08006493        0x1 
 .rodata        0x08006494        0x5 ./Middlewares/Third_Party/FreeRTOS/Source/tasks.o
 *fill*         0x08006499        0x3 
 .rodata        0x0800649c        0xd ./Middlewares/Third_Party/FreeRTOS/Source/timers.o
 *(.rodata*)
 *fill*         0x080064a9        0x3 
 .rodata.defaultTask_attributes
                0x080064ac       0x24 ./Core/Src/freertos.o
                0x080064ac                defaultTask_attributes
 .rodata.ConveyorTask_attributes
                0x080064d0       0x24 ./Core/Src/freertos.o
                0x080064d0                ConveyorTask_attributes
 .rodata.EventTask_attributes
                0x080064f4       0x24 ./Core/Src/freertos.o
                0x080064f4                EventTask_attributes
 .rodata.MotorBTask_attributes
                0x08006518       0x24 ./Core/Src/freertos.o
                0x08006518                MotorBTask_attributes
 .rodata.MotorCTask_attributes
                0x0800653c       0x24 ./Core/Src/freertos.o
                0x0800653c                MotorCTask_attributes
 .rodata.EventQueue_attributes
                0x08006560       0x18 ./Core/Src/freertos.o
                0x08006560                EventQueue_attributes
 .rodata.TrashForwardTimer_attributes
                0x08006578       0x10 ./Core/Src/freertos.o
                0x08006578                TrashForwardTimer_attributes
 .rodata.TrashBackwardTimer_attributes
                0x08006588       0x10 ./Core/Src/freertos.o
                0x08006588                TrashBackwardTimer_attributes
 .rodata.CheckTimer_attributes
                0x08006598       0x10 ./Core/Src/freertos.o
                0x08006598                CheckTimer_attributes
 .rodata.AHBPrescTable
                0x080065a8       0x10 ./Core/Src/system_stm32f4xx.o
                0x080065a8                AHBPrescTable
 .rodata.APBPrescTable
                0x080065b8        0x8 ./Core/Src/system_stm32f4xx.o
                0x080065b8                APBPrescTable
                0x080065c0                        . = ALIGN (0x4)

.ARM.extab      0x080065c0        0x0
                0x080065c0                        . = ALIGN (0x4)
 *(.ARM.extab* .gnu.linkonce.armextab.*)
                0x080065c0                        . = ALIGN (0x4)

.ARM            0x080065c0        0x8
                0x080065c0                        . = ALIGN (0x4)
                0x080065c0                        __exidx_start = .
 *(.ARM.exidx*)
 .ARM.exidx     0x080065c0        0x8 C:/ST/STM32CubeIDE_2.1.1/STM32CubeIDE/plugins/com.st.stm32cube.ide.mcu.externaltools.gnu-tools-for-stm32.14.3.rel1.win32_1.0.100.202602081740/tools/bin/../lib/gcc/arm-none-eabi/14.3.1/thumb/v7e-m+fp/hard\libgcc.a(_udivmoddi4.o)
                0x080065c8                        __exidx_end = .
                0x080065c8                        . = ALIGN (0x4)

.preinit_array  0x080065c8        0x0
                0x080065c8                        . = ALIGN (0x4)
                0x080065c8                        PROVIDE (__preinit_array_start = .)
 *(.preinit_array*)
                0x080065c8                        PROVIDE (__preinit_array_end = .)
                0x080065c8                        . = ALIGN (0x4)

.init_array     0x080065c8        0x4
                0x080065c8                        . = ALIGN (0x4)
                0x080065c8                        PROVIDE (__init_array_start = .)
 *(SORT_BY_NAME(.init_array.*))
 *(.init_array*)
 .init_array    0x080065c8        0x4 C:/ST/STM32CubeIDE_2.1.1/STM32CubeIDE/plugins/com.st.stm32cube.ide.mcu.externaltools.gnu-tools-for-stm32.14.3.rel1.win32_1.0.100.202602081740/tools/bin/../lib/gcc/arm-none-eabi/14.3.1/thumb/v7e-m+fp/hard/crtbegin.o
                0x080065cc                        PROVIDE (__init_array_end = .)
                0x080065cc                        . = ALIGN (0x4)

.fini_array     0x080065cc        0x4
                0x080065cc                        . = ALIGN (0x4)
                [!provide]                        PROVIDE (__fini_array_start = .)
 *(SORT_BY_NAME(.fini_array.*))
 *(.fini_array*)
 .fini_array    0x080065cc        0x4 C:/ST/STM32CubeIDE_2.1.1/STM32CubeIDE/plugins/com.st.stm32cube.ide.mcu.externaltools.gnu-tools-for-stm32.14.3.rel1.win32_1.0.100.202602081740/tools/bin/../lib/gcc/arm-none-eabi/14.3.1/thumb/v7e-m+fp/hard/crtbegin.o
                [!provide]                        PROVIDE (__fini_array_end = .)
                0x080065d0                        . = ALIGN (0x4)
                0x080065d0                        _sidata = LOADADDR (.data)

.rel.dyn        0x080065d0        0x0
 .rel.iplt      0x080065d0        0x0 C:/ST/STM32CubeIDE_2.1.1/STM32CubeIDE/plugins/com.st.stm32cube.ide.mcu.externaltools.gnu-tools-for-stm32.14.3.rel1.win32_1.0.100.202602081740/tools/bin/../lib/gcc/arm-none-eabi/14.3.1/thumb/v7e-m+fp/hard/crtbegin.o

.data           0x20000000       0x10 load address 0x080065d0
                0x20000000                        . = ALIGN (0x4)
                0x20000000                        _sdata = .
 *(.data)
 *(.data*)
 .data.SystemCoreClock
                0x20000000        0x4 ./Core/Src/system_stm32f4xx.o
                0x20000000                SystemCoreClock
 .data.uwTickPrio
                0x20000004        0x4 ./Drivers/STM32F4xx_HAL_Driver/Src/stm32f4xx_hal.o
                0x20000004                uwTickPrio
 .data.uwTickFreq
                0x20000008        0x1 ./Drivers/STM32F4xx_HAL_Driver/Src/stm32f4xx_hal.o
                0x20000008                uwTickFreq
 *fill*         0x20000009        0x3 
 .data.uxCriticalNesting
                0x2000000c        0x4 ./Middlewares/Third_Party/FreeRTOS/Source/portable/GCC/ARM_CM4F/port.o
 *(.RamFunc)
 *(.RamFunc*)
                0x20000010                        . = ALIGN (0x4)
                0x20000010                        _edata = .

.igot.plt       0x20000010        0x0 load address 0x080065e0
 .igot.plt      0x20000010        0x0 C:/ST/STM32CubeIDE_2.1.1/STM32CubeIDE/plugins/com.st.stm32cube.ide.mcu.externaltools.gnu-tools-for-stm32.14.3.rel1.win32_1.0.100.202602081740/tools/bin/../lib/gcc/arm-none-eabi/14.3.1/thumb/v7e-m+fp/hard/crtbegin.o
                0x20000010                        . = ALIGN (0x4)

.bss            0x20000010     0x4a30 load address 0x080065e0
                0x20000010                        _sbss = .
                0x20000010                        __bss_start__ = _sbss
 *(.bss)
 .bss           0x20000010       0x1c C:/ST/STM32CubeIDE_2.1.1/STM32CubeIDE/plugins/com.st.stm32cube.ide.mcu.externaltools.gnu-tools-for-stm32.14.3.rel1.win32_1.0.100.202602081740/tools/bin/../lib/gcc/arm-none-eabi/14.3.1/thumb/v7e-m+fp/hard/crtbegin.o
 *(.bss*)
 .bss.hcan1     0x2000002c       0x28 ./Core/Src/can.o
                0x2000002c                hcan1
 .bss.defaultTaskHandle
                0x20000054        0x4 ./Core/Src/freertos.o
                0x20000054                defaultTaskHandle
 .bss.ConveyorTaskHandle
                0x20000058        0x4 ./Core/Src/freertos.o
                0x20000058                ConveyorTaskHandle
 .bss.EventTaskHandle
                0x2000005c        0x4 ./Core/Src/freertos.o
                0x2000005c                EventTaskHandle
 .bss.MotorBTaskHandle
                0x20000060        0x4 ./Core/Src/freertos.o
                0x20000060                MotorBTaskHandle
 .bss.MotorCTaskHandle
                0x20000064        0x4 ./Core/Src/freertos.o
                0x20000064                MotorCTaskHandle
 .bss.EventQueueHandle
                0x20000068        0x4 ./Core/Src/freertos.o
                0x20000068                EventQueueHandle
 .bss.TrashForwardTimerHandle
                0x2000006c        0x4 ./Core/Src/freertos.o
                0x2000006c                TrashForwardTimerHandle
 .bss.TrashBackwardTimerHandle
                0x20000070        0x4 ./Core/Src/freertos.o
                0x20000070                TrashBackwardTimerHandle
 .bss.CheckTimerHandle
                0x20000074        0x4 ./Core/Src/freertos.o
                0x20000074                CheckTimerHandle
 .bss.RxHeader  0x20000078       0x1c ./Core/Src/main.o
                0x20000078                RxHeader
 .bss.RxData    0x20000094        0x8 ./Core/Src/main.o
                0x20000094                RxData
 .bss.g_lastAA_Tick
                0x2000009c        0x4 ./Core/Src/main.o
                0x2000009c                g_lastAA_Tick
 .bss.g_motorB_Command
                0x200000a0        0x1 ./Core/Src/main.o
                0x200000a0                g_motorB_Command
 .bss.g_motorB_Busy
                0x200000a1        0x1 ./Core/Src/main.o
                0x200000a1                g_motorB_Busy
 *fill*         0x200000a2        0x2 
 .bss.huart2    0x200000a4       0x48 ./Core/Src/usart.o
                0x200000a4                huart2
 .bss.uwTick    0x200000ec        0x4 ./Drivers/STM32F4xx_HAL_Driver/Src/stm32f4xx_hal.o
                0x200000ec                uwTick
 .bss.KernelState
                0x200000f0        0x4 ./Middlewares/Third_Party/FreeRTOS/Source/CMSIS_RTOS_V2/cmsis_os2.o
 .bss.Idle_TCB.3
                0x200000f4       0x5c ./Middlewares/Third_Party/FreeRTOS/Source/CMSIS_RTOS_V2/cmsis_os2.o
 .bss.Idle_Stack.2
                0x20000150      0x200 ./Middlewares/Third_Party/FreeRTOS/Source/CMSIS_RTOS_V2/cmsis_os2.o
 .bss.Timer_TCB.1
                0x20000350       0x5c ./Middlewares/Third_Party/FreeRTOS/Source/CMSIS_RTOS_V2/cmsis_os2.o
 .bss.Timer_Stack.0
                0x200003ac      0x400 ./Middlewares/Third_Party/FreeRTOS/Source/CMSIS_RTOS_V2/cmsis_os2.o
 .bss.xQueueRegistry
                0x200007ac       0x40 ./Middlewares/Third_Party/FreeRTOS/Source/queue.o
                0x200007ac                xQueueRegistry
 .bss.pxCurrentTCB
                0x200007ec        0x4 ./Middlewares/Third_Party/FreeRTOS/Source/tasks.o
                0x200007ec                pxCurrentTCB
 .bss.pxReadyTasksLists
                0x200007f0      0x460 ./Middlewares/Third_Party/FreeRTOS/Source/tasks.o
 .bss.xDelayedTaskList1
                0x20000c50       0x14 ./Middlewares/Third_Party/FreeRTOS/Source/tasks.o
 .bss.xDelayedTaskList2
                0x20000c64       0x14 ./Middlewares/Third_Party/FreeRTOS/Source/tasks.o
 .bss.pxDelayedTaskList
                0x20000c78        0x4 ./Middlewares/Third_Party/FreeRTOS/Source/tasks.o
 .bss.pxOverflowDelayedTaskList
                0x20000c7c        0x4 ./Middlewares/Third_Party/FreeRTOS/Source/tasks.o
 .bss.xPendingReadyList
                0x20000c80       0x14 ./Middlewares/Third_Party/FreeRTOS/Source/tasks.o
 .bss.xTasksWaitingTermination
                0x20000c94       0x14 ./Middlewares/Third_Party/FreeRTOS/Source/tasks.o
 .bss.uxDeletedTasksWaitingCleanUp
                0x20000ca8        0x4 ./Middlewares/Third_Party/FreeRTOS/Source/tasks.o
 .bss.xSuspendedTaskList
                0x20000cac       0x14 ./Middlewares/Third_Party/FreeRTOS/Source/tasks.o
 .bss.uxCurrentNumberOfTasks
                0x20000cc0        0x4 ./Middlewares/Third_Party/FreeRTOS/Source/tasks.o
 .bss.xTickCount
                0x20000cc4        0x4 ./Middlewares/Third_Party/FreeRTOS/Source/tasks.o
 .bss.uxTopReadyPriority
                0x20000cc8        0x4 ./Middlewares/Third_Party/FreeRTOS/Source/tasks.o
 .bss.xSchedulerRunning
                0x20000ccc        0x4 ./Middlewares/Third_Party/FreeRTOS/Source/tasks.o
 .bss.xPendedTicks
                0x20000cd0        0x4 ./Middlewares/Third_Party/FreeRTOS/Source/tasks.o
 .bss.xYieldPending
                0x20000cd4        0x4 ./Middlewares/Third_Party/FreeRTOS/Source/tasks.o
 .bss.xNumOfOverflows
                0x20000cd8        0x4 ./Middlewares/Third_Party/FreeRTOS/Source/tasks.o
 .bss.uxTaskNumber
                0x20000cdc        0x4 ./Middlewares/Third_Party/FreeRTOS/Source/tasks.o
 .bss.xNextTaskUnblockTime
                0x20000ce0        0x4 ./Middlewares/Third_Party/FreeRTOS/Source/tasks.o
 .bss.xIdleTaskHandle
                0x20000ce4        0x4 ./Middlewares/Third_Party/FreeRTOS/Source/tasks.o
 .bss.uxSchedulerSuspended
                0x20000ce8        0x4 ./Middlewares/Third_Party/FreeRTOS/Source/tasks.o
 .bss.xActiveTimerList1
                0x20000cec       0x14 ./Middlewares/Third_Party/FreeRTOS/Source/timers.o
 .bss.xActiveTimerList2
                0x20000d00       0x14 ./Middlewares/Third_Party/FreeRTOS/Source/timers.o
 .bss.pxCurrentTimerList
                0x20000d14        0x4 ./Middlewares/Third_Party/FreeRTOS/Source/timers.o
 .bss.pxOverflowTimerList
                0x20000d18        0x4 ./Middlewares/Third_Party/FreeRTOS/Source/timers.o
 .bss.xTimerQueue
                0x20000d1c        0x4 ./Middlewares/Third_Party/FreeRTOS/Source/timers.o
 .bss.xTimerTaskHandle
                0x20000d20        0x4 ./Middlewares/Third_Party/FreeRTOS/Source/timers.o
 .bss.xLastTime.2
                0x20000d24        0x4 ./Middlewares/Third_Party/FreeRTOS/Source/timers.o
 .bss.ucStaticTimerQueueStorage.1
                0x20000d28       0xa0 ./Middlewares/Third_Party/FreeRTOS/Source/timers.o
 .bss.xStaticTimerQueue.0
                0x20000dc8       0x50 ./Middlewares/Third_Party/FreeRTOS/Source/timers.o
 .bss.ucMaxSysCallPriority
                0x20000e18        0x1 ./Middlewares/Third_Party/FreeRTOS/Source/portable/GCC/ARM_CM4F/port.o
 *fill*         0x20000e19        0x3 
 .bss.ulMaxPRIGROUPValue
                0x20000e1c        0x4 ./Middlewares/Third_Party/FreeRTOS/Source/portable/GCC/ARM_CM4F/port.o
 .bss.ucHeap    0x20000e20     0x3c00 ./Middlewares/Third_Party/FreeRTOS/Source/portable/MemMang/heap_4.o
 .bss.xStart    0x20004a20        0x8 ./Middlewares/Third_Party/FreeRTOS/Source/portable/MemMang/heap_4.o
 .bss.pxEnd     0x20004a28        0x4 ./Middlewares/Third_Party/FreeRTOS/Source/portable/MemMang/heap_4.o
 .bss.xFreeBytesRemaining
                0x20004a2c        0x4 ./Middlewares/Third_Party/FreeRTOS/Source/portable/MemMang/heap_4.o
 .bss.xMinimumEverFreeBytesRemaining
                0x20004a30        0x4 ./Middlewares/Third_Party/FreeRTOS/Source/portable/MemMang/heap_4.o
 .bss.xNumberOfSuccessfulAllocations
                0x20004a34        0x4 ./Middlewares/Third_Party/FreeRTOS/Source/portable/MemMang/heap_4.o
 .bss.xNumberOfSuccessfulFrees
                0x20004a38        0x4 ./Middlewares/Third_Party/FreeRTOS/Source/portable/MemMang/heap_4.o
 .bss.xBlockAllocatedBit
                0x20004a3c        0x4 ./Middlewares/Third_Party/FreeRTOS/Source/portable/MemMang/heap_4.o
 *(COMMON)
                0x20004a40                        . = ALIGN (0x4)
                0x20004a40                        _ebss = .
                0x20004a40                        __bss_end__ = _ebss

._user_heap_stack
                0x20004a40      0x600 load address 0x080065e0
                0x20004a40                        . = ALIGN (0x8)
                [!provide]                        PROVIDE (end = .)
                0x20004a40                        PROVIDE (_end = .)
                0x20004c40                        . = (. + _Min_Heap_Size)
 *fill*         0x20004a40      0x200 
                0x20005040                        . = (. + _Min_Stack_Size)
 *fill*         0x20004c40      0x400 
                0x20005040                        . = ALIGN (0x8)

/DISCARD/
 libc.a(*)
 libm.a(*)
 libgcc.a(*)

.ARM.attributes
                0x00000000       0x30
 *(.ARM.attributes)
 .ARM.attributes
                0x00000000       0x22 C:/ST/STM32CubeIDE_2.1.1/STM32CubeIDE/plugins/com.st.stm32cube.ide.mcu.externaltools.gnu-tools-for-stm32.14.3.rel1.win32_1.0.100.202602081740/tools/bin/../lib/gcc/arm-none-eabi/14.3.1/thumb/v7e-m+fp/hard/crti.o
 .ARM.attributes
                0x00000022       0x34 C:/ST/STM32CubeIDE_2.1.1/STM32CubeIDE/plugins/com.st.stm32cube.ide.mcu.externaltools.gnu-tools-for-stm32.14.3.rel1.win32_1.0.100.202602081740/tools/bin/../lib/gcc/arm-none-eabi/14.3.1/thumb/v7e-m+fp/hard/crtbegin.o
 .ARM.attributes
                0x00000056       0x34 ./Core/Src/can.o
 .ARM.attributes
                0x0000008a       0x34 ./Core/Src/freertos.o
 .ARM.attributes
                0x000000be       0x34 ./Core/Src/gpio.o
 .ARM.attributes
                0x000000f2       0x34 ./Core/Src/main.o
 .ARM.attributes
                0x00000126       0x34 ./Core/Src/stm32f4xx_hal_msp.o
 .ARM.attributes
                0x0000015a       0x34 ./Core/Src/stm32f4xx_it.o
 .ARM.attributes
                0x0000018e       0x34 ./Core/Src/system_stm32f4xx.o
 .ARM.attributes
                0x000001c2       0x34 ./Core/Src/usart.o
 .ARM.attributes
                0x000001f6       0x21 ./Core/Startup/startup_stm32f446retx.o
 .ARM.attributes
                0x00000217       0x34 ./Drivers/STM32F4xx_HAL_Driver/Src/stm32f4xx_hal.o
 .ARM.attributes
                0x0000024b       0x34 ./Drivers/STM32F4xx_HAL_Driver/Src/stm32f4xx_hal_can.o
 .ARM.attributes
                0x0000027f       0x34 ./Drivers/STM32F4xx_HAL_Driver/Src/stm32f4xx_hal_cortex.o
 .ARM.attributes
                0x000002b3       0x34 ./Drivers/STM32F4xx_HAL_Driver/Src/stm32f4xx_hal_gpio.o
 .ARM.attributes
                0x000002e7       0x34 ./Drivers/STM32F4xx_HAL_Driver/Src/stm32f4xx_hal_pwr_ex.o
 .ARM.attributes
                0x0000031b       0x34 ./Drivers/STM32F4xx_HAL_Driver/Src/stm32f4xx_hal_rcc.o
 .ARM.attributes
                0x0000034f       0x34 ./Drivers/STM32F4xx_HAL_Driver/Src/stm32f4xx_hal_rcc_ex.o
 .ARM.attributes
                0x00000383       0x34 ./Drivers/STM32F4xx_HAL_Driver/Src/stm32f4xx_hal_uart.o
 .ARM.attributes
                0x000003b7       0x34 ./Middlewares/Third_Party/FreeRTOS/Source/CMSIS_RTOS_V2/cmsis_os2.o
 .ARM.attributes
                0x000003eb       0x34 ./Middlewares/Third_Party/FreeRTOS/Source/list.o
 .ARM.attributes
                0x0000041f       0x34 ./Middlewares/Third_Party/FreeRTOS/Source/queue.o
 .ARM.attributes
                0x00000453       0x34 ./Middlewares/Third_Party/FreeRTOS/Source/tasks.o
 .ARM.attributes
                0x00000487       0x34 ./Middlewares/Third_Party/FreeRTOS/Source/timers.o
 .ARM.attributes
                0x000004bb       0x34 ./Middlewares/Third_Party/FreeRTOS/Source/portable/GCC/ARM_CM4F/port.o
 .ARM.attributes
                0x000004ef       0x34 ./Middlewares/Third_Party/FreeRTOS/Source/portable/MemMang/heap_4.o
 .ARM.attributes
                0x00000523       0x34 C:/ST/STM32CubeIDE_2.1.1/STM32CubeIDE/plugins/com.st.stm32cube.ide.mcu.externaltools.gnu-tools-for-stm32.14.3.rel1.win32_1.0.100.202602081740/tools/bin/../lib/gcc/arm-none-eabi/14.3.1/../../../../arm-none-eabi/lib/thumb/v7e-m+fp/hard\libc_nano.a(libc_a-memset.o)
 .ARM.attributes
                0x00000557       0x34 C:/ST/STM32CubeIDE_2.1.1/STM32CubeIDE/plugins/com.st.stm32cube.ide.mcu.externaltools.gnu-tools-for-stm32.14.3.rel1.win32_1.0.100.202602081740/tools/bin/../lib/gcc/arm-none-eabi/14.3.1/../../../../arm-none-eabi/lib/thumb/v7e-m+fp/hard\libc_nano.a(libc_a-init.o)
 .ARM.attributes
                0x0000058b       0x34 C:/ST/STM32CubeIDE_2.1.1/STM32CubeIDE/plugins/com.st.stm32cube.ide.mcu.externaltools.gnu-tools-for-stm32.14.3.rel1.win32_1.0.100.202602081740/tools/bin/../lib/gcc/arm-none-eabi/14.3.1/../../../../arm-none-eabi/lib/thumb/v7e-m+fp/hard\libc_nano.a(libc_a-memcpy-stub.o)
 .ARM.attributes
                0x000005bf       0x22 C:/ST/STM32CubeIDE_2.1.1/STM32CubeIDE/plugins/com.st.stm32cube.ide.mcu.externaltools.gnu-tools-for-stm32.14.3.rel1.win32_1.0.100.202602081740/tools/bin/../lib/gcc/arm-none-eabi/14.3.1/thumb/v7e-m+fp/hard\libgcc.a(_aeabi_uldivmod.o)
 .ARM.attributes
                0x000005e1       0x34 C:/ST/STM32CubeIDE_2.1.1/STM32CubeIDE/plugins/com.st.stm32cube.ide.mcu.externaltools.gnu-tools-for-stm32.14.3.rel1.win32_1.0.100.202602081740/tools/bin/../lib/gcc/arm-none-eabi/14.3.1/thumb/v7e-m+fp/hard\libgcc.a(_udivmoddi4.o)
 .ARM.attributes
                0x00000615       0x22 C:/ST/STM32CubeIDE_2.1.1/STM32CubeIDE/plugins/com.st.stm32cube.ide.mcu.externaltools.gnu-tools-for-stm32.14.3.rel1.win32_1.0.100.202602081740/tools/bin/../lib/gcc/arm-none-eabi/14.3.1/thumb/v7e-m+fp/hard\libgcc.a(_dvmd_tls.o)
 .ARM.attributes
                0x00000637       0x22 C:/ST/STM32CubeIDE_2.1.1/STM32CubeIDE/plugins/com.st.stm32cube.ide.mcu.externaltools.gnu-tools-for-stm32.14.3.rel1.win32_1.0.100.202602081740/tools/bin/../lib/gcc/arm-none-eabi/14.3.1/thumb/v7e-m+fp/hard/crtn.o
OUTPUT(CAN_Motor.elf elf32-littlearm)
LOAD linker stubs
LOAD C:/ST/STM32CubeIDE_2.1.1/STM32CubeIDE/plugins/com.st.stm32cube.ide.mcu.externaltools.gnu-tools-for-stm32.14.3.rel1.win32_1.0.100.202602081740/tools/bin/../lib/gcc/arm-none-eabi/14.3.1/../../../../arm-none-eabi/lib/thumb/v7e-m+fp/hard\libc.a
LOAD C:/ST/STM32CubeIDE_2.1.1/STM32CubeIDE/plugins/com.st.stm32cube.ide.mcu.externaltools.gnu-tools-for-stm32.14.3.rel1.win32_1.0.100.202602081740/tools/bin/../lib/gcc/arm-none-eabi/14.3.1/../../../../arm-none-eabi/lib/thumb/v7e-m+fp/hard\libm.a
LOAD C:/ST/STM32CubeIDE_2.1.1/STM32CubeIDE/plugins/com.st.stm32cube.ide.mcu.externaltools.gnu-tools-for-stm32.14.3.rel1.win32_1.0.100.202602081740/tools/bin/../lib/gcc/arm-none-eabi/14.3.1/thumb/v7e-m+fp/hard\libgcc.a

.debug_info     0x00000000    0x14c86
 .debug_info    0x00000000      0xb0d ./Core/Src/can.o
 .debug_info    0x00000b0d      0x9cb ./Core/Src/freertos.o
 .debug_info    0x000014d8      0x439 ./Core/Src/gpio.o
 .debug_info    0x00001911      0xbc3 ./Core/Src/main.o
 .debug_info    0x000024d4      0x505 ./Core/Src/stm32f4xx_hal_msp.o
 .debug_info    0x000029d9      0x50c ./Core/Src/stm32f4xx_it.o
 .debug_info    0x00002ee5      0x54a ./Core/Src/system_stm32f4xx.o
 .debug_info    0x0000342f      0x94d ./Core/Src/usart.o
 .debug_info    0x00003d7c       0x30 ./Core/Startup/startup_stm32f446retx.o
 .debug_info    0x00003dac      0x99a ./Drivers/STM32F4xx_HAL_Driver/Src/stm32f4xx_hal.o
 .debug_info    0x00004746      0xf44 ./Drivers/STM32F4xx_HAL_Driver/Src/stm32f4xx_hal_can.o
 .debug_info    0x0000568a      0xdaa ./Drivers/STM32F4xx_HAL_Driver/Src/stm32f4xx_hal_cortex.o
 .debug_info    0x00006434      0x70b ./Drivers/STM32F4xx_HAL_Driver/Src/stm32f4xx_hal_gpio.o
 .debug_info    0x00006b3f      0x6da ./Drivers/STM32F4xx_HAL_Driver/Src/stm32f4xx_hal_pwr_ex.o
 .debug_info    0x00007219      0x8ff ./Drivers/STM32F4xx_HAL_Driver/Src/stm32f4xx_hal_rcc.o
 .debug_info    0x00007b18      0x960 ./Drivers/STM32F4xx_HAL_Driver/Src/stm32f4xx_hal_rcc_ex.o
 .debug_info    0x00008478     0x2f4f ./Drivers/STM32F4xx_HAL_Driver/Src/stm32f4xx_hal_uart.o
 .debug_info    0x0000b3c7     0x3a70 ./Middlewares/Third_Party/FreeRTOS/Source/CMSIS_RTOS_V2/cmsis_os2.o
 .debug_info    0x0000ee37      0x2af ./Middlewares/Third_Party/FreeRTOS/Source/list.o
 .debug_info    0x0000f0e6     0x1b79 ./Middlewares/Third_Party/FreeRTOS/Source/queue.o
 .debug_info    0x00010c5f     0x21ec ./Middlewares/Third_Party/FreeRTOS/Source/tasks.o
 .debug_info    0x00012e4b     0x1488 ./Middlewares/Third_Party/FreeRTOS/Source/timers.o
 .debug_info    0x000142d3      0x4de ./Middlewares/Third_Party/FreeRTOS/Source/portable/GCC/ARM_CM4F/port.o
 .debug_info    0x000147b1      0x4d5 ./Middlewares/Third_Party/FreeRTOS/Source/portable/MemMang/heap_4.o

.debug_abbrev   0x00000000     0x3649
 .debug_abbrev  0x00000000      0x21f ./Core/Src/can.o
 .debug_abbrev  0x0000021f      0x26b ./Core/Src/freertos.o
 .debug_abbrev  0x0000048a      0x152 ./Core/Src/gpio.o
 .debug_abbrev  0x000005dc      0x270 ./Core/Src/main.o
 .debug_abbrev  0x0000084c      0x119 ./Core/Src/stm32f4xx_hal_msp.o
 .debug_abbrev  0x00000965      0x1a5 ./Core/Src/stm32f4xx_it.o
 .debug_abbrev  0x00000b0a      0x11a ./Core/Src/system_stm32f4xx.o
 .debug_abbrev  0x00000c24      0x1f9 ./Core/Src/usart.o
 .debug_abbrev  0x00000e1d       0x24 ./Core/Startup/startup_stm32f446retx.o
 .debug_abbrev  0x00000e41      0x214 ./Drivers/STM32F4xx_HAL_Driver/Src/stm32f4xx_hal.o
 .debug_abbrev  0x00001055      0x25a ./Drivers/STM32F4xx_HAL_Driver/Src/stm32f4xx_hal_can.o
 .debug_abbrev  0x000012af      0x31d ./Drivers/STM32F4xx_HAL_Driver/Src/stm32f4xx_hal_cortex.o
 .debug_abbrev  0x000015cc      0x1d4 ./Drivers/STM32F4xx_HAL_Driver/Src/stm32f4xx_hal_gpio.o
 .debug_abbrev  0x000017a0      0x1cf ./Drivers/STM32F4xx_HAL_Driver/Src/stm32f4xx_hal_pwr_ex.o
 .debug_abbrev  0x0000196f      0x2b7 ./Drivers/STM32F4xx_HAL_Driver/Src/stm32f4xx_hal_rcc.o
 .debug_abbrev  0x00001c26      0x211 ./Drivers/STM32F4xx_HAL_Driver/Src/stm32f4xx_hal_rcc_ex.o
 .debug_abbrev  0x00001e37      0x30e ./Drivers/STM32F4xx_HAL_Driver/Src/stm32f4xx_hal_uart.o
 .debug_abbrev  0x00002145      0x508 ./Middlewares/Third_Party/FreeRTOS/Source/CMSIS_RTOS_V2/cmsis_os2.o
 .debug_abbrev  0x0000264d       0xf5 ./Middlewares/Third_Party/FreeRTOS/Source/list.o
 .debug_abbrev  0x00002742      0x3b6 ./Middlewares/Third_Party/FreeRTOS/Source/queue.o
 .debug_abbrev  0x00002af8      0x386 ./Middlewares/Third_Party/FreeRTOS/Source/tasks.o
 .debug_abbrev  0x00002e7e      0x352 ./Middlewares/Third_Party/FreeRTOS/Source/timers.o
 .debug_abbrev  0x000031d0      0x25c ./Middlewares/Third_Party/FreeRTOS/Source/portable/GCC/ARM_CM4F/port.o
 .debug_abbrev  0x0000342c      0x21d ./Middlewares/Third_Party/FreeRTOS/Source/portable/MemMang/heap_4.o

.debug_aranges  0x00000000     0x1138
 .debug_aranges
                0x00000000       0x30 ./Core/Src/can.o
 .debug_aranges
                0x00000030       0x88 ./Core/Src/freertos.o
 .debug_aranges
                0x000000b8       0x20 ./Core/Src/gpio.o
 .debug_aranges
                0x000000d8       0x40 ./Core/Src/main.o
 .debug_aranges
                0x00000118       0x20 ./Core/Src/stm32f4xx_hal_msp.o
 .debug_aranges
                0x00000138       0x58 ./Core/Src/stm32f4xx_it.o
 .debug_aranges
                0x00000190       0x28 ./Core/Src/system_stm32f4xx.o
 .debug_aranges
                0x000001b8       0x30 ./Core/Src/usart.o
 .debug_aranges
                0x000001e8       0x28 ./Core/Startup/startup_stm32f446retx.o
 .debug_aranges
                0x00000210       0xf0 ./Drivers/STM32F4xx_HAL_Driver/Src/stm32f4xx_hal.o
 .debug_aranges
                0x00000300      0x138 ./Drivers/STM32F4xx_HAL_Driver/Src/stm32f4xx_hal_can.o
 .debug_aranges
                0x00000438      0x130 ./Drivers/STM32F4xx_HAL_Driver/Src/stm32f4xx_hal_cortex.o
 .debug_aranges
                0x00000568       0x58 ./Drivers/STM32F4xx_HAL_Driver/Src/stm32f4xx_hal_gpio.o
 .debug_aranges
                0x000005c0       0x60 ./Drivers/STM32F4xx_HAL_Driver/Src/stm32f4xx_hal_pwr_ex.o
 .debug_aranges
                0x00000620       0x88 ./Drivers/STM32F4xx_HAL_Driver/Src/stm32f4xx_hal_rcc.o
 .debug_aranges
                0x000006a8       0x78 ./Drivers/STM32F4xx_HAL_Driver/Src/stm32f4xx_hal_rcc_ex.o
 .debug_aranges
                0x00000720      0x208 ./Drivers/STM32F4xx_HAL_Driver/Src/stm32f4xx_hal_uart.o
 .debug_aranges
                0x00000928      0x2a8 ./Middlewares/Third_Party/FreeRTOS/Source/CMSIS_RTOS_V2/cmsis_os2.o
 .debug_aranges
                0x00000bd0       0x40 ./Middlewares/Third_Party/FreeRTOS/Source/list.o
 .debug_aranges
                0x00000c10      0x158 ./Middlewares/Third_Party/FreeRTOS/Source/queue.o
 .debug_aranges
                0x00000d68      0x208 ./Middlewares/Third_Party/FreeRTOS/Source/tasks.o
 .debug_aranges
                0x00000f70       0xf0 ./Middlewares/Third_Party/FreeRTOS/Source/timers.o
 .debug_aranges
                0x00001060       0x80 ./Middlewares/Third_Party/FreeRTOS/Source/portable/GCC/ARM_CM4F/port.o
 .debug_aranges
                0x000010e0       0x58 ./Middlewares/Third_Party/FreeRTOS/Source/portable/MemMang/heap_4.o

.debug_rnglists
                0x00000000      0xd24
 .debug_rnglists
                0x00000000       0x20 ./Core/Src/can.o
 .debug_rnglists
                0x00000020       0x66 ./Core/Src/freertos.o
 .debug_rnglists
                0x00000086       0x14 ./Core/Src/gpio.o
 .debug_rnglists
                0x0000009a       0x2d ./Core/Src/main.o
 .debug_rnglists
                0x000000c7       0x13 ./Core/Src/stm32f4xx_hal_msp.o
 .debug_rnglists
                0x000000da       0x3d ./Core/Src/stm32f4xx_it.o
 .debug_rnglists
                0x00000117       0x1a ./Core/Src/system_stm32f4xx.o
 .debug_rnglists
                0x00000131       0x20 ./Core/Src/usart.o
 .debug_rnglists
                0x00000151       0x19 ./Core/Startup/startup_stm32f446retx.o
 .debug_rnglists
                0x0000016a       0xaf ./Drivers/STM32F4xx_HAL_Driver/Src/stm32f4xx_hal.o
 .debug_rnglists
                0x00000219       0xee ./Drivers/STM32F4xx_HAL_Driver/Src/stm32f4xx_hal_can.o
 .debug_rnglists
                0x00000307       0xe0 ./Drivers/STM32F4xx_HAL_Driver/Src/stm32f4xx_hal_cortex.o
 .debug_rnglists
                0x000003e7       0x3f ./Drivers/STM32F4xx_HAL_Driver/Src/stm32f4xx_hal_gpio.o
 .debug_rnglists
                0x00000426       0x47 ./Drivers/STM32F4xx_HAL_Driver/Src/stm32f4xx_hal_pwr_ex.o
 .debug_rnglists
                0x0000046d       0x66 ./Drivers/STM32F4xx_HAL_Driver/Src/stm32f4xx_hal_rcc.o
 .debug_rnglists
                0x000004d3       0x5e ./Drivers/STM32F4xx_HAL_Driver/Src/stm32f4xx_hal_rcc_ex.o
 .debug_rnglists
                0x00000531      0x1bc ./Drivers/STM32F4xx_HAL_Driver/Src/stm32f4xx_hal_uart.o
 .debug_rnglists
                0x000006ed      0x20c ./Middlewares/Third_Party/FreeRTOS/Source/CMSIS_RTOS_V2/cmsis_os2.o
 .debug_rnglists
                0x000008f9       0x2b ./Middlewares/Third_Party/FreeRTOS/Source/list.o
 .debug_rnglists
                0x00000924      0x109 ./Middlewares/Third_Party/FreeRTOS/Source/queue.o
 .debug_rnglists
                0x00000a2d      0x1a0 ./Middlewares/Third_Party/FreeRTOS/Source/tasks.o
 .debug_rnglists
                0x00000bcd       0xb8 ./Middlewares/Third_Party/FreeRTOS/Source/timers.o
 .debug_rnglists
                0x00000c85       0x5d ./Middlewares/Third_Party/FreeRTOS/Source/portable/GCC/ARM_CM4F/port.o
 .debug_rnglists
                0x00000ce2       0x42 ./Middlewares/Third_Party/FreeRTOS/Source/portable/MemMang/heap_4.o

.debug_macro    0x00000000    0x23474
 .debug_macro   0x00000000      0x1dd ./Core/Src/can.o
 .debug_macro   0x000001dd      0xad8 ./Core/Src/can.o
 .debug_macro   0x00000cb5      0x29b ./Core/Src/can.o
 .debug_macro   0x00000f50       0x2e ./Core/Src/can.o
 .debug_macro   0x00000f7e       0x28 ./Core/Src/can.o
 .debug_macro   0x00000fa6       0x22 ./Core/Src/can.o
 .debug_macro   0x00000fc8       0x8e ./Core/Src/can.o
 .debug_macro   0x00001056       0x51 ./Core/Src/can.o
 .debug_macro   0x000010a7      0x103 ./Core/Src/can.o
 .debug_macro   0x000011aa       0x6a ./Core/Src/can.o
 .debug_macro   0x00001214      0x1df ./Core/Src/can.o
 .debug_macro   0x000013f3       0x1c ./Core/Src/can.o
 .debug_macro   0x0000140f       0x22 ./Core/Src/can.o
 .debug_macro   0x00001431       0xfb ./Core/Src/can.o
 .debug_macro   0x0000152c     0x1011 ./Core/Src/can.o
 .debug_macro   0x0000253d      0x11f ./Core/Src/can.o
 .debug_macro   0x0000265c    0x1675e ./Core/Src/can.o
 .debug_macro   0x00018dba       0x6d ./Core/Src/can.o
 .debug_macro   0x00018e27     0x3693 ./Core/Src/can.o
 .debug_macro   0x0001c4ba      0x190 ./Core/Src/can.o
 .debug_macro   0x0001c64a       0x5c ./Core/Src/can.o
 .debug_macro   0x0001c6a6      0xca5 ./Core/Src/can.o
 .debug_macro   0x0001d34b      0x9e9 ./Core/Src/can.o
 .debug_macro   0x0001dd34      0x115 ./Core/Src/can.o
 .debug_macro   0x0001de49      0x1a0 ./Core/Src/can.o
 .debug_macro   0x0001dfe9       0xa5 ./Core/Src/can.o
 .debug_macro   0x0001e08e      0x16d ./Core/Src/can.o
 .debug_macro   0x0001e1fb      0x287 ./Core/Src/can.o
 .debug_macro   0x0001e482       0x5f ./Core/Src/can.o
 .debug_macro   0x0001e4e1      0x236 ./Core/Src/can.o
 .debug_macro   0x0001e717      0x40f ./Core/Src/can.o
 .debug_macro   0x0001eb26      0x132 ./Core/Src/can.o
 .debug_macro   0x0001ec58      0x29c ./Core/Src/can.o
 .debug_macro   0x0001eef4       0x2e ./Core/Src/can.o
 .debug_macro   0x0001ef22      0x127 ./Core/Src/can.o
 .debug_macro   0x0001f049       0xe8 ./Core/Src/can.o
 .debug_macro   0x0001f131       0x89 ./Core/Src/can.o
 .debug_macro   0x0001f1ba      0x2aa ./Core/Src/can.o
 .debug_macro   0x0001f464      0x126 ./Core/Src/can.o
 .debug_macro   0x0001f58a       0x58 ./Core/Src/can.o
 .debug_macro   0x0001f5e2      0x275 ./Core/Src/freertos.o
 .debug_macro   0x0001f857      0x169 ./Core/Src/freertos.o
 .debug_macro   0x0001f9c0      0x15a ./Core/Src/freertos.o
 .debug_macro   0x0001fb1a       0xc9 ./Core/Src/freertos.o
 .debug_macro   0x0001fbe3       0x1c ./Core/Src/freertos.o
 .debug_macro   0x0001fbff       0x26 ./Core/Src/freertos.o
 .debug_macro   0x0001fc25      0x4c5 ./Core/Src/freertos.o
 .debug_macro   0x000200ea       0xb5 ./Core/Src/freertos.o
 .debug_macro   0x0002019f       0xaa ./Core/Src/freertos.o
 .debug_macro   0x00020249       0x6c ./Core/Src/freertos.o
 .debug_macro   0x000202b5       0x74 ./Core/Src/freertos.o
 .debug_macro   0x00020329       0xdd ./Core/Src/freertos.o
 .debug_macro   0x00020406      0x1dd ./Core/Src/gpio.o
 .debug_macro   0x000205e3      0x297 ./Core/Src/main.o
 .debug_macro   0x0002087a      0x169 ./Core/Src/main.o
 .debug_macro   0x000209e3       0x66 ./Core/Src/main.o
 .debug_macro   0x00020a49      0x1d3 ./Core/Src/stm32f4xx_hal_msp.o
 .debug_macro   0x00020c1c      0x245 ./Core/Src/stm32f4xx_it.o
 .debug_macro   0x00020e61      0x1c4 ./Core/Src/system_stm32f4xx.o
 .debug_macro   0x00021025      0x1dd ./Core/Src/usart.o
 .debug_macro   0x00021202      0x224 ./Drivers/STM32F4xx_HAL_Driver/Src/stm32f4xx_hal.o
 .debug_macro   0x00021426      0x1d3 ./Drivers/STM32F4xx_HAL_Driver/Src/stm32f4xx_hal_can.o
 .debug_macro   0x000215f9      0x1c4 ./Drivers/STM32F4xx_HAL_Driver/Src/stm32f4xx_hal_cortex.o
 .debug_macro   0x000217bd      0x1ca ./Drivers/STM32F4xx_HAL_Driver/Src/stm32f4xx_hal_gpio.o
 .debug_macro   0x00021987      0x1dc ./Drivers/STM32F4xx_HAL_Driver/Src/stm32f4xx_hal_pwr_ex.o
 .debug_macro   0x00021b63      0x1e8 ./Drivers/STM32F4xx_HAL_Driver/Src/stm32f4xx_hal_rcc.o
 .debug_macro   0x00021d4b      0x1c4 ./Drivers/STM32F4xx_HAL_Driver/Src/stm32f4xx_hal_rcc_ex.o
 .debug_macro   0x00021f0f      0x1c5 ./Drivers/STM32F4xx_HAL_Driver/Src/stm32f4xx_hal_uart.o
 .debug_macro   0x000220d4      0x3bb ./Middlewares/Third_Party/FreeRTOS/Source/CMSIS_RTOS_V2/cmsis_os2.o
 .debug_macro   0x0002248f       0x10 ./Middlewares/Third_Party/FreeRTOS/Source/CMSIS_RTOS_V2/cmsis_os2.o
 .debug_macro   0x0002249f       0x20 ./Middlewares/Third_Party/FreeRTOS/Source/CMSIS_RTOS_V2/cmsis_os2.o
 .debug_macro   0x000224bf       0x10 ./Middlewares/Third_Party/FreeRTOS/Source/CMSIS_RTOS_V2/cmsis_os2.o
 .debug_macro   0x000224cf       0xf5 ./Middlewares/Third_Party/FreeRTOS/Source/CMSIS_RTOS_V2/cmsis_os2.o
 .debug_macro   0x000225c4       0x91 ./Middlewares/Third_Party/FreeRTOS/Source/CMSIS_RTOS_V2/cmsis_os2.o
 .debug_macro   0x00022655       0x8d ./Middlewares/Third_Party/FreeRTOS/Source/CMSIS_RTOS_V2/cmsis_os2.o
 .debug_macro   0x000226e2       0x9a ./Middlewares/Third_Party/FreeRTOS/Source/CMSIS_RTOS_V2/cmsis_os2.o
 .debug_macro   0x0002277c       0x22 ./Middlewares/Third_Party/FreeRTOS/Source/CMSIS_RTOS_V2/cmsis_os2.o
 .debug_macro   0x0002279e       0x56 ./Middlewares/Third_Party/FreeRTOS/Source/CMSIS_RTOS_V2/cmsis_os2.o
 .debug_macro   0x000227f4      0x187 ./Middlewares/Third_Party/FreeRTOS/Source/list.o
 .debug_macro   0x0002297b      0x216 ./Middlewares/Third_Party/FreeRTOS/Source/queue.o
 .debug_macro   0x00022b91       0x16 ./Middlewares/Third_Party/FreeRTOS/Source/queue.o
 .debug_macro   0x00022ba7       0x87 ./Middlewares/Third_Party/FreeRTOS/Source/queue.o
 .debug_macro   0x00022c2e      0x27f ./Middlewares/Third_Party/FreeRTOS/Source/tasks.o
 .debug_macro   0x00022ead       0x10 ./Middlewares/Third_Party/FreeRTOS/Source/tasks.o
 .debug_macro   0x00022ebd      0x1dc ./Middlewares/Third_Party/FreeRTOS/Source/timers.o
 .debug_macro   0x00023099       0x97 ./Middlewares/Third_Party/FreeRTOS/Source/timers.o
 .debug_macro   0x00023130      0x196 ./Middlewares/Third_Party/FreeRTOS/Source/portable/GCC/ARM_CM4F/port.o
 .debug_macro   0x000232c6      0x1ae ./Middlewares/Third_Party/FreeRTOS/Source/portable/MemMang/heap_4.o

.debug_line     0x00000000    0x14a24
 .debug_line    0x00000000      0x7a5 ./Core/Src/can.o
 .debug_line    0x000007a5      0xa8f ./Core/Src/freertos.o
 .debug_line    0x00001234      0x762 ./Core/Src/gpio.o
 .debug_line    0x00001996      0x9e7 ./Core/Src/main.o
 .debug_line    0x0000237d      0x731 ./Core/Src/stm32f4xx_hal_msp.o
 .debug_line    0x00002aae      0x8e1 ./Core/Src/stm32f4xx_it.o
 .debug_line    0x0000338f      0x7a6 ./Core/Src/system_stm32f4xx.o
 .debug_line    0x00003b35      0x79e ./Core/Src/usart.o
 .debug_line    0x000042d3       0x7a ./Core/Startup/startup_stm32f446retx.o
 .debug_line    0x0000434d      0xa25 ./Drivers/STM32F4xx_HAL_Driver/Src/stm32f4xx_hal.o
 .debug_line    0x00004d72     0x11e1 ./Drivers/STM32F4xx_HAL_Driver/Src/stm32f4xx_hal_can.o
 .debug_line    0x00005f53      0xcf2 ./Drivers/STM32F4xx_HAL_Driver/Src/stm32f4xx_hal_cortex.o
 .debug_line    0x00006c45      0xb63 ./Drivers/STM32F4xx_HAL_Driver/Src/stm32f4xx_hal_gpio.o
 .debug_line    0x000077a8      0x98f ./Drivers/STM32F4xx_HAL_Driver/Src/stm32f4xx_hal_pwr_ex.o
 .debug_line    0x00008137      0xe3d ./Drivers/STM32F4xx_HAL_Driver/Src/stm32f4xx_hal_rcc.o
 .debug_line    0x00008f74     0x14ee ./Drivers/STM32F4xx_HAL_Driver/Src/stm32f4xx_hal_rcc_ex.o
 .debug_line    0x0000a462     0x256a ./Drivers/STM32F4xx_HAL_Driver/Src/stm32f4xx_hal_uart.o
 .debug_line    0x0000c9cc     0x24e1 ./Middlewares/Third_Party/FreeRTOS/Source/CMSIS_RTOS_V2/cmsis_os2.o
 .debug_line    0x0000eead      0x791 ./Middlewares/Third_Party/FreeRTOS/Source/list.o
 .debug_line    0x0000f63e     0x1725 ./Middlewares/Third_Party/FreeRTOS/Source/queue.o
 .debug_line    0x00010d63     0x1d08 ./Middlewares/Third_Party/FreeRTOS/Source/tasks.o
 .debug_line    0x00012a6b      0xdff ./Middlewares/Third_Party/FreeRTOS/Source/timers.o
 .debug_line    0x0001386a      0x812 ./Middlewares/Third_Party/FreeRTOS/Source/portable/GCC/ARM_CM4F/port.o
 .debug_line    0x0001407c      0x9a8 ./Middlewares/Third_Party/FreeRTOS/Source/portable/MemMang/heap_4.o

.debug_str      0x00000000    0xd53cb
 .debug_str     0x00000000    0xd53cb ./Core/Src/can.o
                              0xc5281 (size before relaxing)
 .debug_str     0x000d53cb    0xc9b48 ./Core/Src/freertos.o
 .debug_str     0x000d53cb    0xc4a5e ./Core/Src/gpio.o
 .debug_str     0x000d53cb    0xc9a03 ./Core/Src/main.o
 .debug_str     0x000d53cb    0xc4ee1 ./Core/Src/stm32f4xx_hal_msp.o
 .debug_str     0x000d53cb    0xc8994 ./Core/Src/stm32f4xx_it.o
 .debug_str     0x000d53cb    0xc491d ./Core/Src/system_stm32f4xx.o
 .debug_str     0x000d53cb    0xc4f1b ./Core/Src/usart.o
 .debug_str     0x000d53cb       0x77 ./Core/Startup/startup_stm32f446retx.o
 .debug_str     0x000d53cb    0xc54e2 ./Drivers/STM32F4xx_HAL_Driver/Src/stm32f4xx_hal.o
 .debug_str     0x000d53cb    0xc4ff2 ./Drivers/STM32F4xx_HAL_Driver/Src/stm32f4xx_hal_can.o
 .debug_str     0x000d53cb    0xc5239 ./Drivers/STM32F4xx_HAL_Driver/Src/stm32f4xx_hal_cortex.o
 .debug_str     0x000d53cb    0xc4a98 ./Drivers/STM32F4xx_HAL_Driver/Src/stm32f4xx_hal_gpio.o
 .debug_str     0x000d53cb    0xc4af5 ./Drivers/STM32F4xx_HAL_Driver/Src/stm32f4xx_hal_pwr_ex.o
 .debug_str     0x000d53cb    0xc4d56 ./Drivers/STM32F4xx_HAL_Driver/Src/stm32f4xx_hal_rcc.o
 .debug_str     0x000d53cb    0xc4d89 ./Drivers/STM32F4xx_HAL_Driver/Src/stm32f4xx_hal_rcc_ex.o
 .debug_str     0x000d53cb    0xc530d ./Drivers/STM32F4xx_HAL_Driver/Src/stm32f4xx_hal_uart.o
 .debug_str     0x000d53cb    0xcf56e ./Middlewares/Third_Party/FreeRTOS/Source/CMSIS_RTOS_V2/cmsis_os2.o
 .debug_str     0x000d53cb     0xab93 ./Middlewares/Third_Party/FreeRTOS/Source/list.o
 .debug_str     0x000d53cb     0xc6d3 ./Middlewares/Third_Party/FreeRTOS/Source/queue.o
 .debug_str     0x000d53cb     0xd190 ./Middlewares/Third_Party/FreeRTOS/Source/tasks.o
 .debug_str     0x000d53cb     0xcc05 ./Middlewares/Third_Party/FreeRTOS/Source/timers.o
 .debug_str     0x000d53cb     0x87af ./Middlewares/Third_Party/FreeRTOS/Source/portable/GCC/ARM_CM4F/port.o
 .debug_str     0x000d53cb     0xb4d5 ./Middlewares/Third_Party/FreeRTOS/Source/portable/MemMang/heap_4.o

.comment        0x00000000       0x43
 .comment       0x00000000       0x43 ./Core/Src/can.o
                                 0x44 (size before relaxing)
 .comment       0x00000043       0x44 ./Core/Src/freertos.o
 .comment       0x00000043       0x44 ./Core/Src/gpio.o
 .comment       0x00000043       0x44 ./Core/Src/main.o
 .comment       0x00000043       0x44 ./Core/Src/stm32f4xx_hal_msp.o
 .comment       0x00000043       0x44 ./Core/Src/stm32f4xx_it.o
 .comment       0x00000043       0x44 ./Core/Src/system_stm32f4xx.o
 .comment       0x00000043       0x44 ./Core/Src/usart.o
 .comment       0x00000043       0x44 ./Drivers/STM32F4xx_HAL_Driver/Src/stm32f4xx_hal.o
 .comment       0x00000043       0x44 ./Drivers/STM32F4xx_HAL_Driver/Src/stm32f4xx_hal_can.o
 .comment       0x00000043       0x44 ./Drivers/STM32F4xx_HAL_Driver/Src/stm32f4xx_hal_cortex.o
 .comment       0x00000043       0x44 ./Drivers/STM32F4xx_HAL_Driver/Src/stm32f4xx_hal_gpio.o
 .comment       0x00000043       0x44 ./Drivers/STM32F4xx_HAL_Driver/Src/stm32f4xx_hal_pwr_ex.o
 .comment       0x00000043       0x44 ./Drivers/STM32F4xx_HAL_Driver/Src/stm32f4xx_hal_rcc.o
 .comment       0x00000043       0x44 ./Drivers/STM32F4xx_HAL_Driver/Src/stm32f4xx_hal_rcc_ex.o
 .comment       0x00000043       0x44 ./Drivers/STM32F4xx_HAL_Driver/Src/stm32f4xx_hal_uart.o
 .comment       0x00000043       0x44 ./Middlewares/Third_Party/FreeRTOS/Source/CMSIS_RTOS_V2/cmsis_os2.o
 .comment       0x00000043       0x44 ./Middlewares/Third_Party/FreeRTOS/Source/list.o
 .comment       0x00000043       0x44 ./Middlewares/Third_Party/FreeRTOS/Source/queue.o
 .comment       0x00000043       0x44 ./Middlewares/Third_Party/FreeRTOS/Source/tasks.o
 .comment       0x00000043       0x44 ./Middlewares/Third_Party/FreeRTOS/Source/timers.o
 .comment       0x00000043       0x44 ./Middlewares/Third_Party/FreeRTOS/Source/portable/GCC/ARM_CM4F/port.o
 .comment       0x00000043       0x44 ./Middlewares/Third_Party/FreeRTOS/Source/portable/MemMang/heap_4.o

.debug_frame    0x00000000     0x4328
 .debug_frame   0x00000000       0x74 ./Core/Src/can.o
 .debug_frame   0x00000074      0x1ec ./Core/Src/freertos.o
 .debug_frame   0x00000260       0x34 ./Core/Src/gpio.o
 .debug_frame   0x00000294       0xb0 ./Core/Src/main.o
 .debug_frame   0x00000344       0x34 ./Core/Src/stm32f4xx_hal_msp.o
 .debug_frame   0x00000378       0xdc ./Core/Src/stm32f4xx_it.o
 .debug_frame   0x00000454       0x50 ./Core/Src/system_stm32f4xx.o
 .debug_frame   0x000004a4       0x74 ./Core/Src/usart.o
 .debug_frame   0x00000518      0x31c ./Drivers/STM32F4xx_HAL_Driver/Src/stm32f4xx_hal.o
 .debug_frame   0x00000834      0x524 ./Drivers/STM32F4xx_HAL_Driver/Src/stm32f4xx_hal_can.o
 .debug_frame   0x00000d58      0x4b8 ./Drivers/STM32F4xx_HAL_Driver/Src/stm32f4xx_hal_cortex.o
 .debug_frame   0x00001210      0x130 ./Drivers/STM32F4xx_HAL_Driver/Src/stm32f4xx_hal_gpio.o
 .debug_frame   0x00001340      0x13c ./Drivers/STM32F4xx_HAL_Driver/Src/stm32f4xx_hal_pwr_ex.o
 .debug_frame   0x0000147c      0x1d8 ./Drivers/STM32F4xx_HAL_Driver/Src/stm32f4xx_hal_rcc.o
 .debug_frame   0x00001654      0x1d8 ./Drivers/STM32F4xx_HAL_Driver/Src/stm32f4xx_hal_rcc_ex.o
 .debug_frame   0x0000182c      0x8ec ./Drivers/STM32F4xx_HAL_Driver/Src/stm32f4xx_hal_uart.o
 .debug_frame   0x00002118      0xb80 ./Middlewares/Third_Party/FreeRTOS/Source/CMSIS_RTOS_V2/cmsis_os2.o
 .debug_frame   0x00002c98       0xc4 ./Middlewares/Third_Party/FreeRTOS/Source/list.o
 .debug_frame   0x00002d5c      0x5c0 ./Middlewares/Third_Party/FreeRTOS/Source/queue.o
 .debug_frame   0x0000331c      0x8b0 ./Middlewares/Third_Party/FreeRTOS/Source/tasks.o
 .debug_frame   0x00003bcc      0x3e4 ./Middlewares/Third_Party/FreeRTOS/Source/timers.o
 .debug_frame   0x00003fb0      0x18c ./Middlewares/Third_Party/FreeRTOS/Source/portable/GCC/ARM_CM4F/port.o
 .debug_frame   0x0000413c      0x118 ./Middlewares/Third_Party/FreeRTOS/Source/portable/MemMang/heap_4.o
 .debug_frame   0x00004254       0x20 C:/ST/STM32CubeIDE_2.1.1/STM32CubeIDE/plugins/com.st.stm32cube.ide.mcu.externaltools.gnu-tools-for-stm32.14.3.rel1.win32_1.0.100.202602081740/tools/bin/../lib/gcc/arm-none-eabi/14.3.1/../../../../arm-none-eabi/lib/thumb/v7e-m+fp/hard\libc_nano.a(libc_a-memset.o)
 .debug_frame   0x00004274       0x2c C:/ST/STM32CubeIDE_2.1.1/STM32CubeIDE/plugins/com.st.stm32cube.ide.mcu.externaltools.gnu-tools-for-stm32.14.3.rel1.win32_1.0.100.202602081740/tools/bin/../lib/gcc/arm-none-eabi/14.3.1/../../../../arm-none-eabi/lib/thumb/v7e-m+fp/hard\libc_nano.a(libc_a-init.o)
 .debug_frame   0x000042a0       0x28 C:/ST/STM32CubeIDE_2.1.1/STM32CubeIDE/plugins/com.st.stm32cube.ide.mcu.externaltools.gnu-tools-for-stm32.14.3.rel1.win32_1.0.100.202602081740/tools/bin/../lib/gcc/arm-none-eabi/14.3.1/../../../../arm-none-eabi/lib/thumb/v7e-m+fp/hard\libc_nano.a(libc_a-memcpy-stub.o)
 .debug_frame   0x000042c8       0x2c C:/ST/STM32CubeIDE_2.1.1/STM32CubeIDE/plugins/com.st.stm32cube.ide.mcu.externaltools.gnu-tools-for-stm32.14.3.rel1.win32_1.0.100.202602081740/tools/bin/../lib/gcc/arm-none-eabi/14.3.1/thumb/v7e-m+fp/hard\libgcc.a(_aeabi_uldivmod.o)
 .debug_frame   0x000042f4       0x34 C:/ST/STM32CubeIDE_2.1.1/STM32CubeIDE/plugins/com.st.stm32cube.ide.mcu.externaltools.gnu-tools-for-stm32.14.3.rel1.win32_1.0.100.202602081740/tools/bin/../lib/gcc/arm-none-eabi/14.3.1/thumb/v7e-m+fp/hard\libgcc.a(_udivmoddi4.o)

.debug_line_str
                0x00000000       0x5b
 .debug_line_str
                0x00000000       0x5b ./Core/Startup/startup_stm32f446retx.o
