Archive member included to satisfy reference by file (symbol)

C:/ST/STM32CubeIDE_2.1.1/STM32CubeIDE/plugins/com.st.stm32cube.ide.mcu.externaltools.gnu-tools-for-stm32.14.3.rel1.win32_1.0.100.202602081740/tools/bin/../lib/gcc/arm-none-eabi/14.3.1/../../../../arm-none-eabi/lib/thumb/v7e-m+fp/hard\libc_nano.a(libc_a-exit.o)
                              C:/ST/STM32CubeIDE_2.1.1/STM32CubeIDE/plugins/com.st.stm32cube.ide.mcu.externaltools.gnu-tools-for-stm32.14.3.rel1.win32_1.0.100.202602081740/tools/bin/../lib/gcc/arm-none-eabi/14.3.1/../../../../arm-none-eabi/lib/thumb/v7e-m+fp/hard/crt0.o (exit)
C:/ST/STM32CubeIDE_2.1.1/STM32CubeIDE/plugins/com.st.stm32cube.ide.mcu.externaltools.gnu-tools-for-stm32.14.3.rel1.win32_1.0.100.202602081740/tools/bin/../lib/gcc/arm-none-eabi/14.3.1/../../../../arm-none-eabi/lib/thumb/v7e-m+fp/hard\libc_nano.a(libc_a-findfp.o)
                              C:/ST/STM32CubeIDE_2.1.1/STM32CubeIDE/plugins/com.st.stm32cube.ide.mcu.externaltools.gnu-tools-for-stm32.14.3.rel1.win32_1.0.100.202602081740/tools/bin/../lib/gcc/arm-none-eabi/14.3.1/../../../../arm-none-eabi/lib/thumb/v7e-m+fp/hard\libc_nano.a(libc_a-exit.o) (__stdio_exit_handler)
C:/ST/STM32CubeIDE_2.1.1/STM32CubeIDE/plugins/com.st.stm32cube.ide.mcu.externaltools.gnu-tools-for-stm32.14.3.rel1.win32_1.0.100.202602081740/tools/bin/../lib/gcc/arm-none-eabi/14.3.1/../../../../arm-none-eabi/lib/thumb/v7e-m+fp/hard\libc_nano.a(libc_a-fwalk.o)
                              C:/ST/STM32CubeIDE_2.1.1/STM32CubeIDE/plugins/com.st.stm32cube.ide.mcu.externaltools.gnu-tools-for-stm32.14.3.rel1.win32_1.0.100.202602081740/tools/bin/../lib/gcc/arm-none-eabi/14.3.1/../../../../arm-none-eabi/lib/thumb/v7e-m+fp/hard\libc_nano.a(libc_a-findfp.o) (_fwalk_sglue)
C:/ST/STM32CubeIDE_2.1.1/STM32CubeIDE/plugins/com.st.stm32cube.ide.mcu.externaltools.gnu-tools-for-stm32.14.3.rel1.win32_1.0.100.202602081740/tools/bin/../lib/gcc/arm-none-eabi/14.3.1/../../../../arm-none-eabi/lib/thumb/v7e-m+fp/hard\libc_nano.a(libc_a-stdio.o)
                              C:/ST/STM32CubeIDE_2.1.1/STM32CubeIDE/plugins/com.st.stm32cube.ide.mcu.externaltools.gnu-tools-for-stm32.14.3.rel1.win32_1.0.100.202602081740/tools/bin/../lib/gcc/arm-none-eabi/14.3.1/../../../../arm-none-eabi/lib/thumb/v7e-m+fp/hard\libc_nano.a(libc_a-findfp.o) (__sread)
C:/ST/STM32CubeIDE_2.1.1/STM32CubeIDE/plugins/com.st.stm32cube.ide.mcu.externaltools.gnu-tools-for-stm32.14.3.rel1.win32_1.0.100.202602081740/tools/bin/../lib/gcc/arm-none-eabi/14.3.1/../../../../arm-none-eabi/lib/thumb/v7e-m+fp/hard\libc_nano.a(libc_a-memset.o)
                              C:/ST/STM32CubeIDE_2.1.1/STM32CubeIDE/plugins/com.st.stm32cube.ide.mcu.externaltools.gnu-tools-for-stm32.14.3.rel1.win32_1.0.100.202602081740/tools/bin/../lib/gcc/arm-none-eabi/14.3.1/../../../../arm-none-eabi/lib/thumb/v7e-m+fp/hard/crt0.o (memset)
C:/ST/STM32CubeIDE_2.1.1/STM32CubeIDE/plugins/com.st.stm32cube.ide.mcu.externaltools.gnu-tools-for-stm32.14.3.rel1.win32_1.0.100.202602081740/tools/bin/../lib/gcc/arm-none-eabi/14.3.1/../../../../arm-none-eabi/lib/thumb/v7e-m+fp/hard\libc_nano.a(libc_a-closer.o)
                              C:/ST/STM32CubeIDE_2.1.1/STM32CubeIDE/plugins/com.st.stm32cube.ide.mcu.externaltools.gnu-tools-for-stm32.14.3.rel1.win32_1.0.100.202602081740/tools/bin/../lib/gcc/arm-none-eabi/14.3.1/../../../../arm-none-eabi/lib/thumb/v7e-m+fp/hard\libc_nano.a(libc_a-stdio.o) (_close_r)
C:/ST/STM32CubeIDE_2.1.1/STM32CubeIDE/plugins/com.st.stm32cube.ide.mcu.externaltools.gnu-tools-for-stm32.14.3.rel1.win32_1.0.100.202602081740/tools/bin/../lib/gcc/arm-none-eabi/14.3.1/../../../../arm-none-eabi/lib/thumb/v7e-m+fp/hard\libc_nano.a(libc_a-reent.o)
                              C:/ST/STM32CubeIDE_2.1.1/STM32CubeIDE/plugins/com.st.stm32cube.ide.mcu.externaltools.gnu-tools-for-stm32.14.3.rel1.win32_1.0.100.202602081740/tools/bin/../lib/gcc/arm-none-eabi/14.3.1/../../../../arm-none-eabi/lib/thumb/v7e-m+fp/hard\libc_nano.a(libc_a-closer.o) (errno)
C:/ST/STM32CubeIDE_2.1.1/STM32CubeIDE/plugins/com.st.stm32cube.ide.mcu.externaltools.gnu-tools-for-stm32.14.3.rel1.win32_1.0.100.202602081740/tools/bin/../lib/gcc/arm-none-eabi/14.3.1/../../../../arm-none-eabi/lib/thumb/v7e-m+fp/hard\libc_nano.a(libc_a-impure.o)
                              C:/ST/STM32CubeIDE_2.1.1/STM32CubeIDE/plugins/com.st.stm32cube.ide.mcu.externaltools.gnu-tools-for-stm32.14.3.rel1.win32_1.0.100.202602081740/tools/bin/../lib/gcc/arm-none-eabi/14.3.1/../../../../arm-none-eabi/lib/thumb/v7e-m+fp/hard\libc_nano.a(libc_a-reent.o) (_impure_ptr)
C:/ST/STM32CubeIDE_2.1.1/STM32CubeIDE/plugins/com.st.stm32cube.ide.mcu.externaltools.gnu-tools-for-stm32.14.3.rel1.win32_1.0.100.202602081740/tools/bin/../lib/gcc/arm-none-eabi/14.3.1/../../../../arm-none-eabi/lib/thumb/v7e-m+fp/hard\libc_nano.a(libc_a-lseekr.o)
[...]
Memory Configuration

Name             Origin             Length             Attributes
RAM              0x20000000         0x00020000         xrw
FLASH            0x08000000         0x00080000         xr
*default*        0x00000000         0xffffffff

Linker script and memory map

LOAD C:/ST/STM32CubeIDE_2.1.1/STM32CubeIDE/plugins/com.st.stm32cube.ide.mcu.externaltools.gnu-tools-for-stm32.14.3.rel1.win32_1.0.100.202602081740/tools/bin/../lib/gcc/arm-none-eabi/14.3.1/thumb/v7e-m+fp/hard/crti.o
LOAD C:/ST/STM32CubeIDE_2.1.1/STM32CubeIDE/plugins/com.st.stm32cube.ide.mcu.externaltools.gnu-tools-for-stm32.14.3.rel1.win32_1.0.100.202602081740/tools/bin/../lib/gcc/arm-none-eabi/14.3.1/thumb/v7e-m+fp/hard/crtbegin.o
LOAD C:/ST/STM32CubeIDE_2.1.1/STM32CubeIDE/plugins/com.st.stm32cube.ide.mcu.externaltools.gnu-tools-for-stm32.14.3.rel1.win32_1.0.100.202602081740/tools/bin/../lib/gcc/arm-none-eabi/14.3.1/../../../../arm-none-eabi/lib/thumb/v7e-m+fp/hard/crt0.o
LOAD ./Core/Src/can.o
LOAD ./Core/Src/freertos.o
LOAD ./Core/Src/gpio.o
LOAD ./Core/Src/main.o
LOAD ./Core/Src/stm32f4xx_hal_msp.o
LOAD ./Core/Src/stm32f4xx_it.o
LOAD ./Core/Src/syscalls.o
LOAD ./Core/Src/sysmem.o
LOAD ./Core/Src/system_stm32f4xx.o
LOAD ./Core/Src/tim.o
LOAD ./Core/Src/usart.o
LOAD ./Core/Startup/startup_stm32f446retx.o
LOAD ./Drivers/STM32F4xx_HAL_Driver/Src/stm32f4xx_hal.o
LOAD ./Drivers/STM32F4xx_HAL_Driver/Src/stm32f4xx_hal_can.o
LOAD ./Drivers/STM32F4xx_HAL_Driver/Src/stm32f4xx_hal_cortex.o
LOAD ./Drivers/STM32F4xx_HAL_Driver/Src/stm32f4xx_hal_dma.o
LOAD ./Drivers/STM32F4xx_HAL_Driver/Src/stm32f4xx_hal_dma_ex.o
LOAD ./Drivers/STM32F4xx_HAL_Driver/Src/stm32f4xx_hal_exti.o
LOAD ./Drivers/STM32F4xx_HAL_Driver/Src/stm32f4xx_hal_flash.o
LOAD ./Drivers/STM32F4xx_HAL_Driver/Src/stm32f4xx_hal_flash_ex.o
LOAD ./Drivers/STM32F4xx_HAL_Driver/Src/stm32f4xx_hal_flash_ramfunc.o
LOAD ./Drivers/STM32F4xx_HAL_Driver/Src/stm32f4xx_hal_gpio.o
LOAD ./Drivers/STM32F4xx_HAL_Driver/Src/stm32f4xx_hal_pwr.o
LOAD ./Drivers/STM32F4xx_HAL_Driver/Src/stm32f4xx_hal_pwr_ex.o
LOAD ./Drivers/STM32F4xx_HAL_Driver/Src/stm32f4xx_hal_rcc.o
LOAD ./Drivers/STM32F4xx_HAL_Driver/Src/stm32f4xx_hal_rcc_ex.o
LOAD ./Drivers/STM32F4xx_HAL_Driver/Src/stm32f4xx_hal_tim.o
LOAD ./Drivers/STM32F4xx_HAL_Driver/Src/stm32f4xx_hal_tim_ex.o
LOAD ./Drivers/STM32F4xx_HAL_Driver/Src/stm32f4xx_hal_uart.o
LOAD ./Middlewares/Third_Party/FreeRTOS/Source/CMSIS_RTOS_V2/cmsis_os2.o
LOAD ./Middlewares/Third_Party/FreeRTOS/Source/croutine.o
LOAD ./Middlewares/Third_Party/FreeRTOS/Source/event_groups.o
LOAD ./Middlewares/Third_Party/FreeRTOS/Source/list.o
LOAD ./Middlewares/Third_Party/FreeRTOS/Source/queue.o
LOAD ./Middlewares/Third_Party/FreeRTOS/Source/stream_buffer.o
LOAD ./Middlewares/Third_Party/FreeRTOS/Source/tasks.o
LOAD ./Middlewares/Third_Party/FreeRTOS/Source/timers.o
LOAD ./Middlewares/Third_Party/FreeRTOS/Source/portable/GCC/ARM_CM4F/port.o
LOAD ./Middlewares/Third_Party/FreeRTOS/Source/portable/MemMang/heap_4.o
START GROUP
LOAD C:/ST/STM32CubeIDE_2.1.1/STM32CubeIDE/plugins/com.st.stm32cube.ide.mcu.externaltools.gnu-tools-for-stm32.14.3.rel1.win32_1.0.100.202602081740/tools/bin/../lib/gcc/arm-none-eabi/14.3.1/../../../../arm-none-eabi/lib/thumb/v7e-m+fp/hard\libc_nano.a
LOAD C:/ST/STM32CubeIDE_2.1.1/STM32CubeIDE/plugins/com.st.stm32cube.ide.mcu.externaltools.gnu-tools-for-stm32.14.3.rel1.win32_1.0.100.202602081740/tools/bin/../lib/gcc/arm-none-eabi/14.3.1/../../../../arm-none-eabi/lib/thumb/v7e-m+fp/hard\libm.a
END GROUP
START GROUP
LOAD C:/ST/STM32CubeIDE_2.1.1/STM32CubeIDE/plugins/com.st.stm32cube.ide.mcu.externaltools.gnu-tools-for-stm32.14.3.rel1.win32_1.0.100.202602081740/tools/bin/../lib/gcc/arm-none-eabi/14.3.1/thumb/v7e-m+fp/hard\libgcc.a
LOAD C:/ST/STM32CubeIDE_2.1.1/STM32CubeIDE/plugins/com.st.stm32cube.ide.mcu.externaltools.gnu-tools-for-stm32.14.3.rel1.win32_1.0.100.202602081740/tools/bin/../lib/gcc/arm-none-eabi/14.3.1/../../../../arm-none-eabi/lib/thumb/v7e-m+fp/hard\libc_nano.a
END GROUP
START GROUP
LOAD C:/ST/STM32CubeIDE_2.1.1/STM32CubeIDE/plugins/com.st.stm32cube.ide.mcu.externaltools.gnu-tools-for-stm32.14.3.rel1.win32_1.0.100.202602081740/tools/bin/../lib/gcc/arm-none-eabi/14.3.1/thumb/v7e-m+fp/hard\libgcc.a
LOAD C:/ST/STM32CubeIDE_2.1.1/STM32CubeIDE/plugins/com.st.stm32cube.ide.mcu.externaltools.gnu-tools-for-stm32.14.3.rel1.win32_1.0.100.202602081740/tools/bin/../lib/gcc/arm-none-eabi/14.3.1/../../../../arm-none-eabi/lib/thumb/v7e-m+fp/hard\libc_nano.a
LOAD C:/ST/STM32CubeIDE_2.1.1/STM32CubeIDE/plugins/com.st.stm32cube.ide.mcu.externaltools.gnu-tools-for-stm32.14.3.rel1.win32_1.0.100.202602081740/tools/bin/../lib/gcc/arm-none-eabi/14.3.1/../../../../arm-none-eabi/lib/thumb/v7e-m+fp/hard\libnosys.a
END GROUP
START GROUP
LOAD C:/ST/STM32CubeIDE_2.1.1/STM32CubeIDE/plugins/com.st.stm32cube.ide.mcu.externaltools.gnu-tools-for-stm32.14.3.rel1.win32_1.0.100.202602081740/tools/bin/../lib/gcc/arm-none-eabi/14.3.1/thumb/v7e-m+fp/hard\libgcc.a
LOAD C:/ST/STM32CubeIDE_2.1.1/STM32CubeIDE/plugins/com.st.stm32cube.ide.mcu.externaltools.gnu-tools-for-stm32.14.3.rel1.win32_1.0.100.202602081740/tools/bin/../lib/gcc/arm-none-eabi/14.3.1/../../../../arm-none-eabi/lib/thumb/v7e-m+fp/hard\libc_nano.a
LOAD C:/ST/STM32CubeIDE_2.1.1/STM32CubeIDE/plugins/com.st.stm32cube.ide.mcu.externaltools.gnu-tools-for-stm32.14.3.rel1.win32_1.0.100.202602081740/tools/bin/../lib/gcc/arm-none-eabi/14.3.1/../../../../arm-none-eabi/lib/thumb/v7e-m+fp/hard\libnosys.a
END GROUP
LOAD C:/ST/STM32CubeIDE_2.1.1/STM32CubeIDE/plugins/com.st.stm32cube.ide.mcu.externaltools.gnu-tools-for-stm32.14.3.rel1.win32_1.0.100.202602081740/tools/bin/../lib/gcc/arm-none-eabi/14.3.1/thumb/v7e-m+fp/hard/crtend.o
LOAD C:/ST/STM32CubeIDE_2.1.1/STM32CubeIDE/plugins/com.st.stm32cube.ide.mcu.externaltools.gnu-tools-for-stm32.14.3.rel1.win32_1.0.100.202602081740/tools/bin/../lib/gcc/arm-none-eabi/14.3.1/thumb/v7e-m+fp/hard/crtn.o
                0x20020000                        _estack = (ORIGIN (RAM) + LENGTH (RAM))
                0x00000200                        _Min_Heap_Size = 0x200
                0x00000400                        _Min_Stack_Size = 0x400

.isr_vector     0x08000000      0x1c4
                0x08000000                        . = ALIGN (0x4)
 *(.isr_vector)
 .isr_vector    0x08000000      0x1c4 ./Core/Startup/startup_stm32f446retx.o
                0x08000000                g_pfnVectors
                0x080001c4                        . = ALIGN (0x4)

.text           0x080001d0     0x7094
                0x080001d0                        . = ALIGN (0x4)
 *(.text)
 .text          0x080001d0       0x40 C:/ST/STM32CubeIDE_2.1.1/STM32CubeIDE/plugins/com.st.stm32cube.ide.mcu.externaltools.gnu-tools-for-stm32.14.3.rel1.win32_1.0.100.202602081740/tools/bin/../lib/gcc/arm-none-eabi/14.3.1/thumb/v7e-m+fp/hard/crtbegin.o
 .text          0x08000210       0x30 C:/ST/STM32CubeIDE_2.1.1/STM32CubeIDE/plugins/com.st.stm32cube.ide.mcu.externaltools.gnu-tools-for-stm32.14.3.rel1.win32_1.0.100.202602081740/tools/bin/../lib/gcc/arm-none-eabi/14.3.1/thumb/v7e-m+fp/hard\libgcc.a(_aeabi_uldivmod.o)
                0x08000210                __aeabi_uldivmod
 .text          0x08000240      0x2f8 C:/ST/STM32CubeIDE_2.1.1/STM32CubeIDE/plugins/com.st.stm32cube.ide.mcu.externaltools.gnu-tools-for-stm32.14.3.rel1.win32_1.0.100.202602081740/tools/bin/../lib/gcc/arm-none-eabi/14.3.1/thumb/v7e-m+fp/hard\libgcc.a(_udivmoddi4.o)
                0x08000240                __udivmoddi4
 .text          0x08000538        0x4 C:/ST/STM32CubeIDE_2.1.1/STM32CubeIDE/plugins/com.st.stm32cube.ide.mcu.externaltools.gnu-tools-for-stm32.14.3.rel1.win32_1.0.100.202602081740/tools/bin/../lib/gcc/arm-none-eabi/14.3.1/thumb/v7e-m+fp/hard\libgcc.a(_dvmd_tls.o)
                0x08000538                __aeabi_idiv0
                0x08000538                __aeabi_ldiv0
 *(.text*)
 .text.MX_CAN1_Init
                0x0800053c       0x6c ./Core/Src/can.o
                0x0800053c                MX_CAN1_Init
 .text.HAL_CAN_MspInit
                0x080005a8       0xa0 ./Core/Src/can.o
                0x080005a8                HAL_CAN_MspInit
 .text.MX_FREERTOS_Init
                0x08000648      0x108 ./Core/Src/freertos.o
                0x08000648                MX_FREERTOS_Init
 .text.StartDefaultTask
                0x08000750       0x68 ./Core/Src/freertos.o
                0x08000750                StartDefaultTask
 .text.StartTask02
                0x080007b8       0x38 ./Core/Src/freertos.o
                0x080007b8                StartTask02
 .text.StartTask03
                0x080007f0       0x10 ./Core/Src/freertos.o
                0x080007f0                StartTask03
 .text.StartTask04
                0x08000800       0x3c ./Core/Src/freertos.o
                0x08000800                StartTask04
 .text.StartTask05
                0x0800083c       0x6c ./Core/Src/freertos.o
                0x0800083c                StartTask05
 .text.TrashForwardTimerCallback
                0x080008a8       0x14 ./Core/Src/freertos.o
                0x080008a8                TrashForwardTimerCallback
 .text.TrashBackwardTimerCallback
                0x080008bc       0x14 ./Core/Src/freertos.o
                0x080008bc                TrashBackwardTimerCallback
 .text.CheckTimerCallback
                0x080008d0       0x14 ./Core/Src/freertos.o
                0x080008d0                CheckTimerCallback
 .text.ConveyorMotor_SetSpeed
                0x080008e4       0x30 ./Core/Src/freertos.o
                0x080008e4                ConveyorMotor_SetSpeed
 .text.ConveyorMotor_Start
                0x08000914       0x28 ./Core/Src/freertos.o
                0x08000914                ConveyorMotor_Start
 .text.ConveyorMotor_Stop
                0x0800093c       0x28 ./Core/Src/freertos.o
                0x0800093c                ConveyorMotor_Stop
 .text.MotorA_Write
                0x08000964       0x8c ./Core/Src/freertos.o
                0x08000964                MotorA_Write
 .text.MotorA_Step
                0x080009f0       0xc0 ./Core/Src/freertos.o
                0x080009f0                MotorA_Step
 .text.MotorA_RotateSteps
                0x08000ab0       0x5c ./Core/Src/freertos.o
                0x08000ab0                MotorA_RotateSteps
 .text.MotorB_Write
                0x08000b0c       0x8c ./Core/Src/freertos.o
                0x08000b0c                MotorB_Write
 .text.MotorB_OneCycle
                0x08000b98       0x98 ./Core/Src/freertos.o
                0x08000b98                MotorB_OneCycle
 .text.MX_GPIO_Init
                0x08000c30      0x14c ./Core/Src/gpio.o
                0x08000c30                MX_GPIO_Init
 .text.CAN_Filter_Config
                0x08000d7c       0x54 ./Core/Src/main.o
                0x08000d7c                CAN_Filter_Config
 .text.HAL_CAN_RxFifo0MsgPendingCallback
                0x08000dd0       0xb0 ./Core/Src/main.o
                0x08000dd0                HAL_CAN_RxFifo0MsgPendingCallback
 .text.main     0x08000e80       0x58 ./Core/Src/main.o
                0x08000e80                main
 .text.SystemClock_Config
                0x08000ed8       0xe4 ./Core/Src/main.o
                0x08000ed8                SystemClock_Config
 .text.Error_Handler
                0x08000fbc        0xc ./Core/Src/main.o
                0x08000fbc                Error_Handler
 .text.HAL_MspInit
                0x08000fc8       0x58 ./Core/Src/stm32f4xx_hal_msp.o
                0x08000fc8                HAL_MspInit
 .text.NMI_Handler
                0x08001020        0x8 ./Core/Src/stm32f4xx_it.o
                0x08001020                NMI_Handler
 .text.HardFault_Handler
                0x08001028        0x8 ./Core/Src/stm32f4xx_it.o
                0x08001028                HardFault_Handler
 .text.MemManage_Handler
                0x08001030        0x8 ./Core/Src/stm32f4xx_it.o
                0x08001030                MemManage_Handler
 .text.BusFault_Handler
                0x08001038        0x8 ./Core/Src/stm32f4xx_it.o
                0x08001038                BusFault_Handler
 .text.UsageFault_Handler
                0x08001040        0x8 ./Core/Src/stm32f4xx_it.o
                0x08001040                UsageFault_Handler
 .text.DebugMon_Handler
                0x08001048        0xe ./Core/Src/stm32f4xx_it.o
                0x08001048                DebugMon_Handler
 .text.SysTick_Handler
                0x08001056       0x1a ./Core/Src/stm32f4xx_it.o
                0x08001056                SysTick_Handler
 .text.CAN1_RX0_IRQHandler
                0x08001070       0x14 ./Core/Src/stm32f4xx_it.o
                0x08001070                CAN1_RX0_IRQHandler
 .text.SystemInit
                0x08001084       0x24 ./Core/Src/system_stm32f4xx.o
                0x08001084                SystemInit
 .text.MX_TIM2_Init
                0x080010a8       0xb0 ./Core/Src/tim.o
                0x080010a8                MX_TIM2_Init
 .text.HAL_TIM_PWM_MspInit
                0x08001158       0x40 ./Core/Src/tim.o
                0x08001158                HAL_TIM_PWM_MspInit
 .text.HAL_TIM_MspPostInit
                0x08001198       0x70 ./Core/Src/tim.o
                0x08001198                HAL_TIM_MspPostInit
 .text.MX_USART2_UART_Init
                0x08001208       0x54 ./Core/Src/usart.o
                0x08001208                MX_USART2_UART_Init
 .text.HAL_UART_MspInit
                0x0800125c       0x90 ./Core/Src/usart.o
                0x0800125c                HAL_UART_MspInit
 .text.Reset_Handler
                0x080012ec       0x50 ./Core/Startup/startup_stm32f446retx.o
                0x080012ec                Reset_Handler
 .text.Default_Handler
                0x0800133c        0x2 ./Core/Startup/startup_stm32f446retx.o
                0x0800133c                RTC_Alarm_IRQHandler
                0x0800133c                EXTI2_IRQHandler
                0x0800133c                TIM8_CC_IRQHandler
                0x0800133c                FMPI2C1_EV_IRQHandler
                0x0800133c                SPI4_IRQHandler
                0x0800133c                TIM1_CC_IRQHandler
                0x0800133c                DMA2_Stream5_IRQHandler
                0x0800133c                DMA1_Stream5_IRQHandler
                0x0800133c                PVD_IRQHandler
                0x0800133c                SDIO_IRQHandler
                0x0800133c                TAMP_STAMP_IRQHandler
                0x0800133c                CAN2_RX1_IRQHandler
                0x0800133c                EXTI3_IRQHandler
                0x0800133c                TIM8_TRG_COM_TIM14_IRQHandler
                0x0800133c                TIM1_UP_TIM10_IRQHandler
                0x0800133c                TIM8_UP_TIM13_IRQHandler
                0x0800133c                I2C3_ER_IRQHandler
                0x0800133c                EXTI0_IRQHandler
                0x0800133c                I2C2_EV_IRQHandler
                0x0800133c                DMA1_Stream2_IRQHandler
                0x0800133c                FPU_IRQHandler
                0x0800133c                OTG_HS_WKUP_IRQHandler
                0x0800133c                CAN2_SCE_IRQHandler
                0x0800133c                DMA2_Stream2_IRQHandler
                0x0800133c                SPI1_IRQHandler
                0x0800133c                TIM6_DAC_IRQHandler
                0x0800133c                TIM1_BRK_TIM9_IRQHandler
                0x0800133c                DCMI_IRQHandler
                0x0800133c                CAN2_RX0_IRQHandler
                0x0800133c                DMA2_Stream3_IRQHandler
                0x0800133c                SAI2_IRQHandler
                0x0800133c                USART6_IRQHandler
                0x0800133c                USART3_IRQHandler
                0x0800133c                CAN1_RX1_IRQHandler
                0x0800133c                UART5_IRQHandler
                0x0800133c                DMA2_Stream0_IRQHandler
                0x0800133c                TIM4_IRQHandler
                0x0800133c                QUADSPI_IRQHandler
                0x0800133c                I2C1_EV_IRQHandler
                0x0800133c                DMA1_Stream6_IRQHandler
                0x0800133c                DMA1_Stream1_IRQHandler
                0x0800133c                UART4_IRQHandler
                0x0800133c                TIM3_IRQHandler
                0x0800133c                RCC_IRQHandler
                0x0800133c                TIM8_BRK_TIM12_IRQHandler
                0x0800133c                Default_Handler
                0x0800133c                CEC_IRQHandler
                0x0800133c                EXTI15_10_IRQHandler
                0x0800133c                ADC_IRQHandler
                0x0800133c                DMA1_Stream7_IRQHandler
                0x0800133c                TIM7_IRQHandler
                0x0800133c                CAN2_TX_IRQHandler
                0x0800133c                TIM5_IRQHandler
                0x0800133c                DMA2_Stream7_IRQHandler
                0x0800133c                I2C3_EV_IRQHandler
                0x0800133c                EXTI9_5_IRQHandler
                0x0800133c                RTC_WKUP_IRQHandler
                0x0800133c                SPDIF_RX_IRQHandler
                0x0800133c                SPI2_IRQHandler
                0x0800133c                OTG_HS_EP1_IN_IRQHandler
                0x0800133c                DMA1_Stream0_IRQHandler
                0x0800133c                CAN1_TX_IRQHandler
                0x0800133c                FMPI2C1_ER_IRQHandler
                0x0800133c                EXTI4_IRQHandler
                0x0800133c                OTG_HS_EP1_OUT_IRQHandler
                0x0800133c                WWDG_IRQHandler
                0x0800133c                TIM2_IRQHandler
                0x0800133c                OTG_FS_WKUP_IRQHandler
                0x0800133c                TIM1_TRG_COM_TIM11_IRQHandler
                0x0800133c                OTG_HS_IRQHandler
                0x0800133c                EXTI1_IRQHandler
                0x0800133c                USART2_IRQHandler
                0x0800133c                I2C2_ER_IRQHandler
                0x0800133c                DMA2_Stream1_IRQHandler
                0x0800133c                CAN1_SCE_IRQHandler
                0x0800133c                FLASH_IRQHandler
                0x0800133c                DMA2_Stream4_IRQHandler
                0x0800133c                USART1_IRQHandler
                0x0800133c                OTG_FS_IRQHandler
                0x0800133c                SPI3_IRQHandler
                0x0800133c                DMA1_Stream4_IRQHandler
                0x0800133c                I2C1_ER_IRQHandler
                0x0800133c                FMC_IRQHandler
                0x0800133c                DMA2_Stream6_IRQHandler
                0x0800133c                SAI1_IRQHandler
                0x0800133c                DMA1_Stream3_IRQHandler
 *fill*         0x0800133e        0x2 
 .text.HAL_Init
                0x08001340       0x44 ./Drivers/STM32F4xx_HAL_Driver/Src/stm32f4xx_hal.o
                0x08001340                HAL_Init
 .text.HAL_InitTick
                0x08001384       0x60 ./Drivers/STM32F4xx_HAL_Driver/Src/stm32f4xx_hal.o
                0x08001384                HAL_InitTick
 .text.HAL_IncTick
                0x080013e4       0x28 ./Drivers/STM32F4xx_HAL_Driver/Src/stm32f4xx_hal.o
                0x080013e4                HAL_IncTick
 .text.HAL_GetTick
                0x0800140c       0x18 ./Drivers/STM32F4xx_HAL_Driver/Src/stm32f4xx_hal.o
                0x0800140c                HAL_GetTick
 .text.HAL_CAN_Init
                0x08001424      0x1f6 ./Drivers/STM32F4xx_HAL_Driver/Src/stm32f4xx_hal_can.o
                0x08001424                HAL_CAN_Init
 *fill*         0x0800161a        0x2 
 .text.HAL_CAN_ConfigFilter
                0x0800161c      0x1bc ./Drivers/STM32F4xx_HAL_Driver/Src/stm32f4xx_hal_can.o
                0x0800161c                HAL_CAN_ConfigFilter
 .text.HAL_CAN_Start
                0x080017d8       0x88 ./Drivers/STM32F4xx_HAL_Driver/Src/stm32f4xx_hal_can.o
                0x080017d8                HAL_CAN_Start
 .text.HAL_CAN_AddTxMessage
                0x08001860      0x1a0 ./Drivers/STM32F4xx_HAL_Driver/Src/stm32f4xx_hal_can.o
                0x08001860                HAL_CAN_AddTxMessage
 .text.HAL_CAN_GetTxMailboxesFreeLevel
                0x08001a00       0x6a ./Drivers/STM32F4xx_HAL_Driver/Src/stm32f4xx_hal_can.o
                0x08001a00                HAL_CAN_GetTxMailboxesFreeLevel
 .text.HAL_CAN_GetRxMessage
                0x08001a6a      0x244 ./Drivers/STM32F4xx_HAL_Driver/Src/stm32f4xx_hal_can.o
                0x08001a6a                HAL_CAN_GetRxMessage
 .text.HAL_CAN_ActivateNotification
                0x08001cae       0x4c ./Drivers/STM32F4xx_HAL_Driver/Src/stm32f4xx_hal_can.o
                0x08001cae                HAL_CAN_ActivateNotification
 .text.HAL_CAN_IRQHandler
                0x08001cfa      0x36e ./Drivers/STM32F4xx_HAL_Driver/Src/stm32f4xx_hal_can.o
                0x08001cfa                HAL_CAN_IRQHandler
 .text.HAL_CAN_TxMailbox0CompleteCallback
                0x08002068       0x14 ./Drivers/STM32F4xx_HAL_Driver/Src/stm32f4xx_hal_can.o
                0x08002068                HAL_CAN_TxMailbox0CompleteCallback
 .text.HAL_CAN_TxMailbox1CompleteCallback
                0x0800207c       0x14 ./Drivers/STM32F4xx_HAL_Driver/Src/stm32f4xx_hal_can.o
                0x0800207c                HAL_CAN_TxMailbox1CompleteCallback
 .text.HAL_CAN_TxMailbox2CompleteCallback
                0x08002090       0x14 ./Drivers/STM32F4xx_HAL_Driver/Src/stm32f4xx_hal_can.o
                0x08002090                HAL_CAN_TxMailbox2CompleteCallback
 .text.HAL_CAN_TxMailbox0AbortCallback
                0x080020a4       0x14 ./Drivers/STM32F4xx_HAL_Driver/Src/stm32f4xx_hal_can.o
                0x080020a4                HAL_CAN_TxMailbox0AbortCallback
 .text.HAL_CAN_TxMailbox1AbortCallback
                0x080020b8       0x14 ./Drivers/STM32F4xx_HAL_Driver/Src/stm32f4xx_hal_can.o
                0x080020b8                HAL_CAN_TxMailbox1AbortCallback
 .text.HAL_CAN_TxMailbox2AbortCallback
                0x080020cc       0x14 ./Drivers/STM32F4xx_HAL_Driver/Src/stm32f4xx_hal_can.o
                0x080020cc                HAL_CAN_TxMailbox2AbortCallback
 .text.HAL_CAN_RxFifo0FullCallback
                0x080020e0       0x14 ./Drivers/STM32F4xx_HAL_Driver/Src/stm32f4xx_hal_can.o
                0x080020e0                HAL_CAN_RxFifo0FullCallback
 .text.HAL_CAN_RxFifo1MsgPendingCallback
                0x080020f4       0x14 ./Drivers/STM32F4xx_HAL_Driver/Src/stm32f4xx_hal_can.o
                0x080020f4                HAL_CAN_RxFifo1MsgPendingCallback
 .text.HAL_CAN_RxFifo1FullCallback
                0x08002108       0x14 ./Drivers/STM32F4xx_HAL_Driver/Src/stm32f4xx_hal_can.o
                0x08002108                HAL_CAN_RxFifo1FullCallback
 .text.HAL_CAN_SleepCallback
                0x0800211c       0x14 ./Drivers/STM32F4xx_HAL_Driver/Src/stm32f4xx_hal_can.o
                0x0800211c                HAL_CAN_SleepCallback
 .text.HAL_CAN_WakeUpFromRxMsgCallback
                0x08002130       0x14 ./Drivers/STM32F4xx_HAL_Driver/Src/stm32f4xx_hal_can.o
                0x08002130                HAL_CAN_WakeUpFromRxMsgCallback
 .text.HAL_CAN_ErrorCallback
                0x08002144       0x14 ./Drivers/STM32F4xx_HAL_Driver/Src/stm32f4xx_hal_can.o
                0x08002144                HAL_CAN_ErrorCallback
 .text.__NVIC_SetPriorityGrouping
                0x08002158       0x48 ./Drivers/STM32F4xx_HAL_Driver/Src/stm32f4xx_hal_cortex.o
 .text.__NVIC_GetPriorityGrouping
                0x080021a0       0x1c ./Drivers/STM32F4xx_HAL_Driver/Src/stm32f4xx_hal_cortex.o
 .text.__NVIC_EnableIRQ
                0x080021bc       0x3c ./Drivers/STM32F4xx_HAL_Driver/Src/stm32f4xx_hal_cortex.o
 .text.__NVIC_SetPriority
                0x080021f8       0x54 ./Drivers/STM32F4xx_HAL_Driver/Src/stm32f4xx_hal_cortex.o
 .text.NVIC_EncodePriority
                0x0800224c       0x66 ./Drivers/STM32F4xx_HAL_Driver/Src/stm32f4xx_hal_cortex.o
 *fill*         0x080022b2        0x2 
 .text.SysTick_Config
                0x080022b4       0x44 ./Drivers/STM32F4xx_HAL_Driver/Src/stm32f4xx_hal_cortex.o
 .text.HAL_NVIC_SetPriorityGrouping
                0x080022f8       0x16 ./Drivers/STM32F4xx_HAL_Driver/Src/stm32f4xx_hal_cortex.o
                0x080022f8                HAL_NVIC_SetPriorityGrouping
 .text.HAL_NVIC_SetPriority
                0x0800230e       0x38 ./Drivers/STM32F4xx_HAL_Driver/Src/stm32f4xx_hal_cortex.o
                0x0800230e                HAL_NVIC_SetPriority
 .text.HAL_NVIC_EnableIRQ
                0x08002346       0x1c ./Drivers/STM32F4xx_HAL_Driver/Src/stm32f4xx_hal_cortex.o
                0x08002346                HAL_NVIC_EnableIRQ
 .text.HAL_SYSTICK_Config
                0x08002362       0x18 ./Drivers/STM32F4xx_HAL_Driver/Src/stm32f4xx_hal_cortex.o
                0x08002362                HAL_SYSTICK_Config
 *fill*         0x0800237a        0x2 
 .text.HAL_GPIO_Init
                0x0800237c      0x328 ./Drivers/STM32F4xx_HAL_Driver/Src/stm32f4xx_hal_gpio.o
                0x0800237c                HAL_GPIO_Init
 .text.HAL_GPIO_WritePin
                0x080026a4       0x32 ./Drivers/STM32F4xx_HAL_Driver/Src/stm32f4xx_hal_gpio.o
                0x080026a4                HAL_GPIO_WritePin
 *fill*         0x080026d6        0x2 
 .text.HAL_PWREx_EnableOverDrive
                0x080026d8       0xa0 ./Drivers/STM32F4xx_HAL_Driver/Src/stm32f4xx_hal_pwr_ex.o
                0x080026d8                HAL_PWREx_EnableOverDrive
 .text.HAL_RCC_ClockConfig
                0x08002778      0x1cc ./Drivers/STM32F4xx_HAL_Driver/Src/stm32f4xx_hal_rcc.o
                0x08002778                HAL_RCC_ClockConfig
 .text.HAL_RCC_GetHCLKFreq
                0x08002944       0x18 ./Drivers/STM32F4xx_HAL_Driver/Src/stm32f4xx_hal_rcc.o
                0x08002944                HAL_RCC_GetHCLKFreq
 .text.HAL_RCC_GetPCLK1Freq
                0x0800295c       0x28 ./Drivers/STM32F4xx_HAL_Driver/Src/stm32f4xx_hal_rcc.o
                0x0800295c                HAL_RCC_GetPCLK1Freq
 .text.HAL_RCC_GetPCLK2Freq
                0x08002984       0x28 ./Drivers/STM32F4xx_HAL_Driver/Src/stm32f4xx_hal_rcc.o
                0x08002984                HAL_RCC_GetPCLK2Freq
 .text.HAL_RCC_GetSysClockFreq
                0x080029ac      0x460 ./Drivers/STM32F4xx_HAL_Driver/Src/stm32f4xx_hal_rcc_ex.o
                0x080029ac                HAL_RCC_GetSysClockFreq
 .text.HAL_RCC_OscConfig
                0x08002e0c      0x53c ./Drivers/STM32F4xx_HAL_Driver/Src/stm32f4xx_hal_rcc_ex.o
                0x08002e0c                HAL_RCC_OscConfig
 .text.HAL_TIM_PWM_Init
                0x08003348       0x9e ./Drivers/STM32F4xx_HAL_Driver/Src/stm32f4xx_hal_tim.o
                0x08003348                HAL_TIM_PWM_Init
 *fill*         0x080033e6        0x2 
 .text.HAL_TIM_PWM_Start
                0x080033e8      0x190 ./Drivers/STM32F4xx_HAL_Driver/Src/stm32f4xx_hal_tim.o
                0x080033e8                HAL_TIM_PWM_Start
 .text.HAL_TIM_PWM_ConfigChannel
                0x08003578      0x184 ./Drivers/STM32F4xx_HAL_Driver/Src/stm32f4xx_hal_tim.o
                0x08003578                HAL_TIM_PWM_ConfigChannel
 .text.TIM_Base_SetConfig
                0x080036fc      0x14c ./Drivers/STM32F4xx_HAL_Driver/Src/stm32f4xx_hal_tim.o
                0x080036fc                TIM_Base_SetConfig
 .text.TIM_OC1_SetConfig
                0x08003848       0xe0 ./Drivers/STM32F4xx_HAL_Driver/Src/stm32f4xx_hal_tim.o
 .text.TIM_OC2_SetConfig
                0x08003928       0xec ./Drivers/STM32F4xx_HAL_Driver/Src/stm32f4xx_hal_tim.o
                0x08003928                TIM_OC2_SetConfig
 .text.TIM_OC3_SetConfig
                0x08003a14       0xe8 ./Drivers/STM32F4xx_HAL_Driver/Src/stm32f4xx_hal_tim.o
 .text.TIM_OC4_SetConfig
                0x08003afc       0xac ./Drivers/STM32F4xx_HAL_Driver/Src/stm32f4xx_hal_tim.o
 .text.TIM_CCxChannelCmd
                0x08003ba8       0x4a ./Drivers/STM32F4xx_HAL_Driver/Src/stm32f4xx_hal_tim.o
                0x08003ba8                TIM_CCxChannelCmd
 *fill*         0x08003bf2        0x2 
 .text.HAL_TIMEx_MasterConfigSynchronization
                0x08003bf4       0xf8 ./Drivers/STM32F4xx_HAL_Driver/Src/stm32f4xx_hal_tim_ex.o
                0x08003bf4                HAL_TIMEx_MasterConfigSynchronization
 .text.HAL_UART_Init
                0x08003cec       0xa0 ./Drivers/STM32F4xx_HAL_Driver/Src/stm32f4xx_hal_uart.o
                0x08003cec                HAL_UART_Init
 .text.UART_SetConfig
                0x08003d8c      0x4e8 ./Drivers/STM32F4xx_HAL_Driver/Src/stm32f4xx_hal_uart.o
 .text.__NVIC_SetPriority
                0x08004274       0x54 ./Middlewares/Third_Party/FreeRTOS/Source/CMSIS_RTOS_V2/cmsis_os2.o
 .text.SVC_Setup
                0x080042c8       0x12 ./Middlewares/Third_Party/FreeRTOS/Source/CMSIS_RTOS_V2/cmsis_os2.o
 *fill*         0x080042da        0x2 
 .text.osKernelInitialize
                0x080042dc       0x48 ./Middlewares/Third_Party/FreeRTOS/Source/CMSIS_RTOS_V2/cmsis_os2.o
                0x080042dc                osKernelInitialize
 .text.osKernelStart
                0x08004324       0x4c ./Middlewares/Third_Party/FreeRTOS/Source/CMSIS_RTOS_V2/cmsis_os2.o
                0x08004324                osKernelStart
 .text.osThreadNew
                0x08004370      0x124 ./Middlewares/Third_Party/FreeRTOS/Source/CMSIS_RTOS_V2/cmsis_os2.o
                0x08004370                osThreadNew
 .text.osDelay  0x08004494       0x36 ./Middlewares/Third_Party/FreeRTOS/Source/CMSIS_RTOS_V2/cmsis_os2.o
                0x08004494                osDelay
 .text.TimerCallback
                0x080044ca       0x2a ./Middlewares/Third_Party/FreeRTOS/Source/CMSIS_RTOS_V2/cmsis_os2.o
 .text.osTimerNew
                0x080044f4       0xf8 ./Middlewares/Third_Party/FreeRTOS/Source/CMSIS_RTOS_V2/cmsis_os2.o
                0x080044f4                osTimerNew
 .text.osMessageQueueNew
                0x080045ec       0xe6 ./Middlewares/Third_Party/FreeRTOS/Source/CMSIS_RTOS_V2/cmsis_os2.o
                0x080045ec                osMessageQueueNew
 *fill*         0x080046d2        0x2 
 .text.vApplicationGetIdleTaskMemory
                0x080046d4       0x34 ./Middlewares/Third_Party/FreeRTOS/Source/CMSIS_RTOS_V2/cmsis_os2.o
                0x080046d4                vApplicationGetIdleTaskMemory
 .text.vApplicationGetTimerTaskMemory
                0x08004708       0x34 ./Middlewares/Third_Party/FreeRTOS/Source/CMSIS_RTOS_V2/cmsis_os2.o
                0x08004708                vApplicationGetTimerTaskMemory
 .text.vListInitialise
                0x0800473c       0x40 ./Middlewares/Third_Party/FreeRTOS/Source/list.o
                0x0800473c                vListInitialise
 .text.vListInitialiseItem
                0x0800477c       0x1a ./Middlewares/Third_Party/FreeRTOS/Source/list.o
                0x0800477c                vListInitialiseItem
 .text.vListInsertEnd
                0x08004796       0x48 ./Middlewares/Third_Party/FreeRTOS/Source/list.o
                0x08004796                vListInsertEnd
 .text.vListInsert
                0x080047de       0x72 ./Middlewares/Third_Party/FreeRTOS/Source/list.o
                0x080047de                vListInsert
 .text.uxListRemove
                0x08004850       0x54 ./Middlewares/Third_Party/FreeRTOS/Source/list.o
                0x08004850                uxListRemove
 .text.xQueueGenericReset
                0x080048a4       0xd4 ./Middlewares/Third_Party/FreeRTOS/Source/queue.o
                0x080048a4                xQueueGenericReset
 .text.xQueueGenericCreateStatic
                0x08004978       0xfa ./Middlewares/Third_Party/FreeRTOS/Source/queue.o
                0x08004978                xQueueGenericCreateStatic
 .text.xQueueGenericCreate
                0x08004a72       0x76 ./Middlewares/Third_Party/FreeRTOS/Source/queue.o
                0x08004a72                xQueueGenericCreate
 .text.prvInitialiseNewQueue
                0x08004ae8       0x46 ./Middlewares/Third_Party/FreeRTOS/Source/queue.o
 *fill*         0x08004b2e        0x2 
 .text.xQueueGenericSend
                0x08004b30      0x204 ./Middlewares/Third_Party/FreeRTOS/Source/queue.o
                0x08004b30                xQueueGenericSend
 .text.xQueueGenericSendFromISR
                0x08004d34      0x13c ./Middlewares/Third_Party/FreeRTOS/Source/queue.o
                0x08004d34                xQueueGenericSendFromISR
 .text.xQueueReceive
                0x08004e70      0x1c4 ./Middlewares/Third_Party/FreeRTOS/Source/queue.o
                0x08004e70                xQueueReceive
 .text.prvCopyDataToQueue
                0x08005034       0xd4 ./Middlewares/Third_Party/FreeRTOS/Source/queue.o
 .text.prvCopyDataFromQueue
                0x08005108       0x4c ./Middlewares/Third_Party/FreeRTOS/Source/queue.o
 .text.prvUnlockQueue
                0x08005154       0xa4 ./Middlewares/Third_Party/FreeRTOS/Source/queue.o
 .text.prvIsQueueEmpty
                0x080051f8       0x2c ./Middlewares/Third_Party/FreeRTOS/Source/queue.o
 .text.prvIsQueueFull
                0x08005224       0x30 ./Middlewares/Third_Party/FreeRTOS/Source/queue.o
 .text.vQueueAddToRegistry
                0x08005254       0x54 ./Middlewares/Third_Party/FreeRTOS/Source/queue.o
                0x08005254                vQueueAddToRegistry
 .text.vQueueWaitForMessageRestricted
                0x080052a8       0x68 ./Middlewares/Third_Party/FreeRTOS/Source/queue.o
                0x080052a8                vQueueWaitForMessageRestricted
 .text.xTaskCreateStatic
                0x08005310       0xc0 ./Middlewares/Third_Party/FreeRTOS/Source/tasks.o
                0x08005310                xTaskCreateStatic
 .text.xTaskCreate
                0x080053d0       0x8a ./Middlewares/Third_Party/FreeRTOS/Source/tasks.o
                0x080053d0                xTaskCreate
 .text.prvInitialiseNewTask
                0x0800545a      0x120 ./Middlewares/Third_Party/FreeRTOS/Source/tasks.o
 *fill*         0x0800557a        0x2 
 .text.prvAddNewTaskToReadyList
                0x0800557c       0xe0 ./Middlewares/Third_Party/FreeRTOS/Source/tasks.o
 .text.vTaskDelay
                0x0800565c       0x6c ./Middlewares/Third_Party/FreeRTOS/Source/tasks.o
                0x0800565c                vTaskDelay
 .text.vTaskStartScheduler
                0x080056c8       0xd0 ./Middlewares/Third_Party/FreeRTOS/Source/tasks.o
                0x080056c8                vTaskStartScheduler
 .text.vTaskSuspendAll
                0x08005798       0x1c ./Middlewares/Third_Party/FreeRTOS/Source/tasks.o
                0x08005798                vTaskSuspendAll
 .text.xTaskResumeAll
                0x080057b4      0x13c ./Middlewares/Third_Party/FreeRTOS/Source/tasks.o
                0x080057b4                xTaskResumeAll
 .text.xTaskGetTickCount
                0x080058f0       0x20 ./Middlewares/Third_Party/FreeRTOS/Source/tasks.o
                0x080058f0                xTaskGetTickCount
 .text.xTaskIncrementTick
                0x08005910      0x174 ./Middlewares/Third_Party/FreeRTOS/Source/tasks.o
                0x08005910                xTaskIncrementTick
 .text.vTaskSwitchContext
                0x08005a84       0xbc ./Middlewares/Third_Party/FreeRTOS/Source/tasks.o
                0x08005a84                vTaskSwitchContext
 .text.vTaskPlaceOnEventList
                0x08005b40       0x4c ./Middlewares/Third_Party/FreeRTOS/Source/tasks.o
                0x08005b40                vTaskPlaceOnEventList
 .text.vTaskPlaceOnEventListRestricted
                0x08005b8c       0x58 ./Middlewares/Third_Party/FreeRTOS/Source/tasks.o
                0x08005b8c                vTaskPlaceOnEventListRestricted
 .text.xTaskRemoveFromEventList
                0x08005be4       0xc8 ./Middlewares/Third_Party/FreeRTOS/Source/tasks.o
                0x08005be4                xTaskRemoveFromEventList
 .text.vTaskInternalSetTimeOutState
                0x08005cac       0x2c ./Middlewares/Third_Party/FreeRTOS/Source/tasks.o
                0x08005cac                vTaskInternalSetTimeOutState
 .text.xTaskCheckForTimeOut
                0x08005cd8       0xc8 ./Middlewares/Third_Party/FreeRTOS/Source/tasks.o
                0x08005cd8                xTaskCheckForTimeOut
 .text.vTaskMissedYield
                0x08005da0       0x18 ./Middlewares/Third_Party/FreeRTOS/Source/tasks.o
                0x08005da0                vTaskMissedYield
 .text.prvIdleTask
                0x08005db8       0x30 ./Middlewares/Third_Party/FreeRTOS/Source/tasks.o
 .text.prvInitialiseTaskLists
                0x08005de8       0x80 ./Middlewares/Third_Party/FreeRTOS/Source/tasks.o
 .text.prvCheckTasksWaitingTermination
                0x08005e68       0x5c ./Middlewares/Third_Party/FreeRTOS/Source/tasks.o
 .text.prvDeleteTCB
                0x08005ec4       0x60 ./Middlewares/Third_Party/FreeRTOS/Source/tasks.o
 .text.prvResetNextTaskUnblockTime
                0x08005f24       0x40 ./Middlewares/Third_Party/FreeRTOS/Source/tasks.o
 .text.xTaskGetSchedulerState
                0x08005f64       0x3c ./Middlewares/Third_Party/FreeRTOS/Source/tasks.o
                0x08005f64                xTaskGetSchedulerState
 .text.xTaskPriorityDisinherit
                0x08005fa0       0xe0 ./Middlewares/Third_Party/FreeRTOS/Source/tasks.o
                0x08005fa0                xTaskPriorityDisinherit
 .text.prvAddCurrentTaskToDelayedList
                0x08006080       0xa8 ./Middlewares/Third_Party/FreeRTOS/Source/tasks.o
 .text.xTimerCreateTimerTask
                0x08006128       0x94 ./Middlewares/Third_Party/FreeRTOS/Source/timers.o
                0x08006128                xTimerCreateTimerTask
 .text.xTimerCreate
                0x080061bc       0x42 ./Middlewares/Third_Party/FreeRTOS/Source/timers.o
                0x080061bc                xTimerCreate
 .text.xTimerCreateStatic
                0x080061fe       0x80 ./Middlewares/Third_Party/FreeRTOS/Source/timers.o
                0x080061fe                xTimerCreateStatic
 .text.prvInitialiseNewTimer
                0x0800627e       0x78 ./Middlewares/Third_Party/FreeRTOS/Source/timers.o
 *fill*         0x080062f6        0x2 
 .text.xTimerGenericCommand
                0x080062f8       0x9c ./Middlewares/Third_Party/FreeRTOS/Source/timers.o
                0x080062f8                xTimerGenericCommand
 .text.prvProcessExpiredTimer
                0x08006394       0x9c ./Middlewares/Third_Party/FreeRTOS/Source/timers.o
 .text.prvTimerTask
                0x08006430       0x26 ./Middlewares/Third_Party/FreeRTOS/Source/timers.o
 *fill*         0x08006456        0x2 
 .text.prvProcessTimerOrBlockTask
                0x08006458       0x9c ./Middlewares/Third_Party/FreeRTOS/Source/timers.o
 .text.prvGetNextExpireTime
                0x080064f4       0x48 ./Middlewares/Third_Party/FreeRTOS/Source/timers.o
 .text.prvSampleTimeNow
                0x0800653c       0x40 ./Middlewares/Third_Party/FreeRTOS/Source/timers.o
 .text.prvInsertTimerInActiveList
                0x0800657c       0x84 ./Middlewares/Third_Party/FreeRTOS/Source/timers.o
 .text.prvProcessReceivedCommands
                0x08006600      0x1cc ./Middlewares/Third_Party/FreeRTOS/Source/timers.o
 .text.prvSwitchTimerLists
                0x080067cc       0xcc ./Middlewares/Third_Party/FreeRTOS/Source/timers.o
 .text.prvCheckForValidListAndQueue
                0x08006898       0x80 ./Middlewares/Third_Party/FreeRTOS/Source/timers.o
 .text.pvTimerGetTimerID
                0x08006918       0x42 ./Middlewares/Third_Party/FreeRTOS/Source/timers.o
                0x08006918                pvTimerGetTimerID
 *fill*         0x0800695a        0x2 
 .text.pxPortInitialiseStack
                0x0800695c       0x68 ./Middlewares/Third_Party/FreeRTOS/Source/portable/GCC/ARM_CM4F/port.o
                0x0800695c                pxPortInitialiseStack
 .text.prvTaskExitError
                0x080069c4       0x5c ./Middlewares/Third_Party/FreeRTOS/Source/portable/GCC/ARM_CM4F/port.o
 .text.SVC_Handler
                0x08006a20       0x28 ./Middlewares/Third_Party/FreeRTOS/Source/portable/GCC/ARM_CM4F/port.o
                0x08006a20                SVC_Handler
 .text.prvPortStartFirstTask
                0x08006a48       0x28 ./Middlewares/Third_Party/FreeRTOS/Source/portable/GCC/ARM_CM4F/port.o
 .text.xPortStartScheduler
                0x08006a70      0x148 ./Middlewares/Third_Party/FreeRTOS/Source/portable/GCC/ARM_CM4F/port.o
                0x08006a70                xPortStartScheduler
 .text.vPortEnterCritical
                0x08006bb8       0x64 ./Middlewares/Third_Party/FreeRTOS/Source/portable/GCC/ARM_CM4F/port.o
                0x08006bb8                vPortEnterCritical
 .text.vPortExitCritical
                0x08006c1c       0x54 ./Middlewares/Third_Party/FreeRTOS/Source/portable/GCC/ARM_CM4F/port.o
                0x08006c1c                vPortExitCritical
 .text.PendSV_Handler
                0x08006c70       0x68 ./Middlewares/Third_Party/FreeRTOS/Source/portable/GCC/ARM_CM4F/port.o
                0x08006c70                PendSV_Handler
 .text.xPortSysTickHandler
                0x08006cd8       0x44 ./Middlewares/Third_Party/FreeRTOS/Source/portable/GCC/ARM_CM4F/port.o
                0x08006cd8                xPortSysTickHandler
 .text.vPortSetupTimerInterrupt
                0x08006d1c       0x48 ./Middlewares/Third_Party/FreeRTOS/Source/portable/GCC/ARM_CM4F/port.o
                0x08006d1c                vPortSetupTimerInterrupt
 .text.vPortEnableVFP
                0x08006d64       0x14 ./Middlewares/Third_Party/FreeRTOS/Source/portable/GCC/ARM_CM4F/port.o
 .text.vPortValidateInterruptPriority
                0x08006d78       0x84 ./Middlewares/Third_Party/FreeRTOS/Source/portable/GCC/ARM_CM4F/port.o
                0x08006d78                vPortValidateInterruptPriority
 .text.pvPortMalloc
                0x08006dfc      0x19c ./Middlewares/Third_Party/FreeRTOS/Source/portable/MemMang/heap_4.o
                0x08006dfc                pvPortMalloc
 .text.vPortFree
                0x08006f98       0xc8 ./Middlewares/Third_Party/FreeRTOS/Source/portable/MemMang/heap_4.o
                0x08006f98                vPortFree
 .text.prvHeapInit
                0x08007060       0xc4 ./Middlewares/Third_Party/FreeRTOS/Source/portable/MemMang/heap_4.o
 .text.prvInsertBlockIntoFreeList
                0x08007124       0xb4 ./Middlewares/Third_Party/FreeRTOS/Source/portable/MemMang/heap_4.o
 .text.memset   0x080071d8       0x10 C:/ST/STM32CubeIDE_2.1.1/STM32CubeIDE/plugins/com.st.stm32cube.ide.mcu.externaltools.gnu-tools-for-stm32.14.3.rel1.win32_1.0.100.202602081740/tools/bin/../lib/gcc/arm-none-eabi/14.3.1/../../../../arm-none-eabi/lib/thumb/v7e-m+fp/hard\libc_nano.a(libc_a-memset.o)
                0x080071d8                memset
 .text.__libc_init_array
                0x080071e8       0x48 C:/ST/STM32CubeIDE_2.1.1/STM32CubeIDE/plugins/com.st.stm32cube.ide.mcu.externaltools.gnu-tools-for-stm32.14.3.rel1.win32_1.0.100.202602081740/tools/bin/../lib/gcc/arm-none-eabi/14.3.1/../../../../arm-none-eabi/lib/thumb/v7e-m+fp/hard\libc_nano.a(libc_a-init.o)
                0x080071e8                __libc_init_array
 .text.memcpy   0x08007230       0x1c C:/ST/STM32CubeIDE_2.1.1/STM32CubeIDE/plugins/com.st.stm32cube.ide.mcu.externaltools.gnu-tools-for-stm32.14.3.rel1.win32_1.0.100.202602081740/tools/bin/../lib/gcc/arm-none-eabi/14.3.1/../../../../arm-none-eabi/lib/thumb/v7e-m+fp/hard\libc_nano.a(libc_a-memcpy-stub.o)
                0x08007230                memcpy
 *(.glue_7)
 .glue_7        0x0800724c        0x0 linker stubs
 *(.glue_7t)
 .glue_7t       0x0800724c        0x0 linker stubs
 *(.eh_frame)
 .eh_frame      0x0800724c        0x0 C:/ST/STM32CubeIDE_2.1.1/STM32CubeIDE/plugins/com.st.stm32cube.ide.mcu.externaltools.gnu-tools-for-stm32.14.3.rel1.win32_1.0.100.202602081740/tools/bin/../lib/gcc/arm-none-eabi/14.3.1/thumb/v7e-m+fp/hard/crtbegin.o
 *(.init)
 .init          0x0800724c        0x4 C:/ST/STM32CubeIDE_2.1.1/STM32CubeIDE/plugins/com.st.stm32cube.ide.mcu.externaltools.gnu-tools-for-stm32.14.3.rel1.win32_1.0.100.202602081740/tools/bin/../lib/gcc/arm-none-eabi/14.3.1/thumb/v7e-m+fp/hard/crti.o
                0x0800724c                _init
 .init          0x08007250        0x8 C:/ST/STM32CubeIDE_2.1.1/STM32CubeIDE/plugins/com.st.stm32cube.ide.mcu.externaltools.gnu-tools-for-stm32.14.3.rel1.win32_1.0.100.202602081740/tools/bin/../lib/gcc/arm-none-eabi/14.3.1/thumb/v7e-m+fp/hard/crtn.o
 *(.fini)
 .fini          0x08007258        0x4 C:/ST/STM32CubeIDE_2.1.1/STM32CubeIDE/plugins/com.st.stm32cube.ide.mcu.externaltools.gnu-tools-for-stm32.14.3.rel1.win32_1.0.100.202602081740/tools/bin/../lib/gcc/arm-none-eabi/14.3.1/thumb/v7e-m+fp/hard/crti.o
                0x08007258                _fini
 .fini          0x0800725c        0x8 C:/ST/STM32CubeIDE_2.1.1/STM32CubeIDE/plugins/com.st.stm32cube.ide.mcu.externaltools.gnu-tools-for-stm32.14.3.rel1.win32_1.0.100.202602081740/tools/bin/../lib/gcc/arm-none-eabi/14.3.1/thumb/v7e-m+fp/hard/crtn.o
                0x08007264                        . = ALIGN (0x4)
                0x08007264                        _etext = .

.vfp11_veneer   0x08007264        0x0
 .vfp11_veneer  0x08007264        0x0 linker stubs

.v4_bx          0x08007264        0x0
 .v4_bx         0x08007264        0x0 linker stubs

.iplt           0x08007264        0x0
 .iplt          0x08007264        0x0 C:/ST/STM32CubeIDE_2.1.1/STM32CubeIDE/plugins/com.st.stm32cube.ide.mcu.externaltools.gnu-tools-for-stm32.14.3.rel1.win32_1.0.100.202602081740/tools/bin/../lib/gcc/arm-none-eabi/14.3.1/thumb/v7e-m+fp/hard/crtbegin.o

.rodata         0x08007264      0x1ac
                0x08007264                        . = ALIGN (0x4)
 *(.rodata)
 .rodata        0x08007264       0x7f ./Core/Src/freertos.o
 *fill*         0x080072e3        0x1 
 .rodata        0x080072e4        0x5 ./Middlewares/Third_Party/FreeRTOS/Source/tasks.o
 *fill*         0x080072e9        0x3 
 .rodata        0x080072ec        0xd ./Middlewares/Third_Party/FreeRTOS/Source/timers.o
 *(.rodata*)
 *fill*         0x080072f9        0x3 
 .rodata.defaultTask_attributes
                0x080072fc       0x24 ./Core/Src/freertos.o
                0x080072fc                defaultTask_attributes
 .rodata.ConveyorTask_attributes
                0x08007320       0x24 ./Core/Src/freertos.o
                0x08007320                ConveyorTask_attributes
 .rodata.EventTask_attributes
                0x08007344       0x24 ./Core/Src/freertos.o
                0x08007344                EventTask_attributes
 .rodata.MotorBTask_attributes
                0x08007368       0x24 ./Core/Src/freertos.o
                0x08007368                MotorBTask_attributes
 .rodata.MotorCTask_attributes
                0x0800738c       0x24 ./Core/Src/freertos.o
                0x0800738c                MotorCTask_attributes
 .rodata.EventQueue_attributes
                0x080073b0       0x18 ./Core/Src/freertos.o
                0x080073b0                EventQueue_attributes
 .rodata.TrashForwardTimer_attributes
                0x080073c8       0x10 ./Core/Src/freertos.o
                0x080073c8                TrashForwardTimer_attributes
 .rodata.TrashBackwardTimer_attributes
                0x080073d8       0x10 ./Core/Src/freertos.o
                0x080073d8                TrashBackwardTimer_attributes
 .rodata.CheckTimer_attributes
                0x080073e8       0x10 ./Core/Src/freertos.o
                0x080073e8                CheckTimer_attributes
 .rodata.AHBPrescTable
                0x080073f8       0x10 ./Core/Src/system_stm32f4xx.o
                0x080073f8                AHBPrescTable
 .rodata.APBPrescTable
                0x08007408        0x8 ./Core/Src/system_stm32f4xx.o
                0x08007408                APBPrescTable
                0x08007410                        . = ALIGN (0x4)

.ARM.extab      0x08007410        0x0
                0x08007410                        . = ALIGN (0x4)
 *(.ARM.extab* .gnu.linkonce.armextab.*)
                0x08007410                        . = ALIGN (0x4)

.ARM            0x08007410        0x8
                0x08007410                        . = ALIGN (0x4)
                0x08007410                        __exidx_start = .
 *(.ARM.exidx*)
 .ARM.exidx     0x08007410        0x8 C:/ST/STM32CubeIDE_2.1.1/STM32CubeIDE/plugins/com.st.stm32cube.ide.mcu.externaltools.gnu-tools-for-stm32.14.3.rel1.win32_1.0.100.202602081740/tools/bin/../lib/gcc/arm-none-eabi/14.3.1/thumb/v7e-m+fp/hard\libgcc.a(_udivmoddi4.o)
                0x08007418                        __exidx_end = .
                0x08007418                        . = ALIGN (0x4)

.preinit_array  0x08007418        0x0
                0x08007418                        . = ALIGN (0x4)
                0x08007418                        PROVIDE (__preinit_array_start = .)
 *(.preinit_array*)
                0x08007418                        PROVIDE (__preinit_array_end = .)
                0x08007418                        . = ALIGN (0x4)

.init_array     0x08007418        0x4
                0x08007418                        . = ALIGN (0x4)
                0x08007418                        PROVIDE (__init_array_start = .)
 *(SORT_BY_NAME(.init_array.*))
 *(.init_array*)
 .init_array    0x08007418        0x4 C:/ST/STM32CubeIDE_2.1.1/STM32CubeIDE/plugins/com.st.stm32cube.ide.mcu.externaltools.gnu-tools-for-stm32.14.3.rel1.win32_1.0.100.202602081740/tools/bin/../lib/gcc/arm-none-eabi/14.3.1/thumb/v7e-m+fp/hard/crtbegin.o
                0x0800741c                        PROVIDE (__init_array_end = .)
                0x0800741c                        . = ALIGN (0x4)

.fini_array     0x0800741c        0x4
                0x0800741c                        . = ALIGN (0x4)
                [!provide]                        PROVIDE (__fini_array_start = .)
 *(SORT_BY_NAME(.fini_array.*))
 *(.fini_array*)
 .fini_array    0x0800741c        0x4 C:/ST/STM32CubeIDE_2.1.1/STM32CubeIDE/plugins/com.st.stm32cube.ide.mcu.externaltools.gnu-tools-for-stm32.14.3.rel1.win32_1.0.100.202602081740/tools/bin/../lib/gcc/arm-none-eabi/14.3.1/thumb/v7e-m+fp/hard/crtbegin.o
                [!provide]                        PROVIDE (__fini_array_end = .)
                0x08007420                        . = ALIGN (0x4)
                0x08007420                        _sidata = LOADADDR (.data)

.rel.dyn        0x08007420        0x0
 .rel.iplt      0x08007420        0x0 C:/ST/STM32CubeIDE_2.1.1/STM32CubeIDE/plugins/com.st.stm32cube.ide.mcu.externaltools.gnu-tools-for-stm32.14.3.rel1.win32_1.0.100.202602081740/tools/bin/../lib/gcc/arm-none-eabi/14.3.1/thumb/v7e-m+fp/hard/crtbegin.o

.data           0x20000000       0x10 load address 0x08007420
                0x20000000                        . = ALIGN (0x4)
                0x20000000                        _sdata = .
 *(.data)
 *(.data*)
 .data.SystemCoreClock
                0x20000000        0x4 ./Core/Src/system_stm32f4xx.o
                0x20000000                SystemCoreClock
 .data.uwTickPrio
                0x20000004        0x4 ./Drivers/STM32F4xx_HAL_Driver/Src/stm32f4xx_hal.o
                0x20000004                uwTickPrio
 .data.uwTickFreq
                0x20000008        0x1 ./Drivers/STM32F4xx_HAL_Driver/Src/stm32f4xx_hal.o
                0x20000008                uwTickFreq
 *fill*         0x20000009        0x3 
 .data.uxCriticalNesting
                0x2000000c        0x4 ./Middlewares/Third_Party/FreeRTOS/Source/portable/GCC/ARM_CM4F/port.o
 *(.RamFunc)
 *(.RamFunc*)
                0x20000010                        . = ALIGN (0x4)
                0x20000010                        _edata = .

.igot.plt       0x20000010        0x0 load address 0x08007430
 .igot.plt      0x20000010        0x0 C:/ST/STM32CubeIDE_2.1.1/STM32CubeIDE/plugins/com.st.stm32cube.ide.mcu.externaltools.gnu-tools-for-stm32.14.3.rel1.win32_1.0.100.202602081740/tools/bin/../lib/gcc/arm-none-eabi/14.3.1/thumb/v7e-m+fp/hard/crtbegin.o
                0x20000010                        . = ALIGN (0x4)

.bss            0x20000010     0x4a78 load address 0x08007430
                0x20000010                        _sbss = .
                0x20000010                        __bss_start__ = _sbss
 *(.bss)
 .bss           0x20000010       0x1c C:/ST/STM32CubeIDE_2.1.1/STM32CubeIDE/plugins/com.st.stm32cube.ide.mcu.externaltools.gnu-tools-for-stm32.14.3.rel1.win32_1.0.100.202602081740/tools/bin/../lib/gcc/arm-none-eabi/14.3.1/thumb/v7e-m+fp/hard/crtbegin.o
 *(.bss*)
 .bss.hcan1     0x2000002c       0x28 ./Core/Src/can.o
                0x2000002c                hcan1
 .bss.defaultTaskHandle
                0x20000054        0x4 ./Core/Src/freertos.o
                0x20000054                defaultTaskHandle
 .bss.ConveyorTaskHandle
                0x20000058        0x4 ./Core/Src/freertos.o
                0x20000058                ConveyorTaskHandle
 .bss.EventTaskHandle
                0x2000005c        0x4 ./Core/Src/freertos.o
                0x2000005c                EventTaskHandle
 .bss.MotorBTaskHandle
                0x20000060        0x4 ./Core/Src/freertos.o
                0x20000060                MotorBTaskHandle
 .bss.MotorCTaskHandle
                0x20000064        0x4 ./Core/Src/freertos.o
                0x20000064                MotorCTaskHandle
 .bss.EventQueueHandle
                0x20000068        0x4 ./Core/Src/freertos.o
                0x20000068                EventQueueHandle
 .bss.TrashForwardTimerHandle
                0x2000006c        0x4 ./Core/Src/freertos.o
                0x2000006c                TrashForwardTimerHandle
 .bss.TrashBackwardTimerHandle
                0x20000070        0x4 ./Core/Src/freertos.o
                0x20000070                TrashBackwardTimerHandle
 .bss.CheckTimerHandle
                0x20000074        0x4 ./Core/Src/freertos.o
                0x20000074                CheckTimerHandle
 .bss.RxHeader  0x20000078       0x1c ./Core/Src/main.o
                0x20000078                RxHeader
 .bss.RxData    0x20000094        0x8 ./Core/Src/main.o
                0x20000094                RxData
 .bss.g_conveyor_Stop
                0x2000009c        0x1 ./Core/Src/main.o
                0x2000009c                g_conveyor_Stop
 .bss.g_motorA_Command
                0x2000009d        0x1 ./Core/Src/main.o
                0x2000009d                g_motorA_Command
 .bss.g_motorA_Busy
                0x2000009e        0x1 ./Core/Src/main.o
                0x2000009e                g_motorA_Busy
 .bss.g_motorB_Run
                0x2000009f        0x1 ./Core/Src/main.o
                0x2000009f                g_motorB_Run
 .bss.g_send_126_Request
                0x200000a0        0x1 ./Core/Src/main.o
                0x200000a0                g_send_126_Request
 *fill*         0x200000a1        0x3 
 .bss.htim2     0x200000a4       0x48 ./Core/Src/tim.o
                0x200000a4                htim2
 .bss.huart2    0x200000ec       0x48 ./Core/Src/usart.o
                0x200000ec                huart2
 .bss.uwTick    0x20000134        0x4 ./Drivers/STM32F4xx_HAL_Driver/Src/stm32f4xx_hal.o
                0x20000134                uwTick
 .bss.KernelState
                0x20000138        0x4 ./Middlewares/Third_Party/FreeRTOS/Source/CMSIS_RTOS_V2/cmsis_os2.o
 .bss.Idle_TCB.3
                0x2000013c       0x5c ./Middlewares/Third_Party/FreeRTOS/Source/CMSIS_RTOS_V2/cmsis_os2.o
 .bss.Idle_Stack.2
                0x20000198      0x200 ./Middlewares/Third_Party/FreeRTOS/Source/CMSIS_RTOS_V2/cmsis_os2.o
 .bss.Timer_TCB.1
                0x20000398       0x5c ./Middlewares/Third_Party/FreeRTOS/Source/CMSIS_RTOS_V2/cmsis_os2.o
 .bss.Timer_Stack.0
                0x200003f4      0x400 ./Middlewares/Third_Party/FreeRTOS/Source/CMSIS_RTOS_V2/cmsis_os2.o
 .bss.xQueueRegistry
                0x200007f4       0x40 ./Middlewares/Third_Party/FreeRTOS/Source/queue.o
                0x200007f4                xQueueRegistry
 .bss.pxCurrentTCB
                0x20000834        0x4 ./Middlewares/Third_Party/FreeRTOS/Source/tasks.o
                0x20000834                pxCurrentTCB
 .bss.pxReadyTasksLists
                0x20000838      0x460 ./Middlewares/Third_Party/FreeRTOS/Source/tasks.o
 .bss.xDelayedTaskList1
                0x20000c98       0x14 ./Middlewares/Third_Party/FreeRTOS/Source/tasks.o
 .bss.xDelayedTaskList2
                0x20000cac       0x14 ./Middlewares/Third_Party/FreeRTOS/Source/tasks.o
 .bss.pxDelayedTaskList
                0x20000cc0        0x4 ./Middlewares/Third_Party/FreeRTOS/Source/tasks.o
 .bss.pxOverflowDelayedTaskList
                0x20000cc4        0x4 ./Middlewares/Third_Party/FreeRTOS/Source/tasks.o
 .bss.xPendingReadyList
                0x20000cc8       0x14 ./Middlewares/Third_Party/FreeRTOS/Source/tasks.o
 .bss.xTasksWaitingTermination
                0x20000cdc       0x14 ./Middlewares/Third_Party/FreeRTOS/Source/tasks.o
 .bss.uxDeletedTasksWaitingCleanUp
                0x20000cf0        0x4 ./Middlewares/Third_Party/FreeRTOS/Source/tasks.o
 .bss.xSuspendedTaskList
                0x20000cf4       0x14 ./Middlewares/Third_Party/FreeRTOS/Source/tasks.o
 .bss.uxCurrentNumberOfTasks
                0x20000d08        0x4 ./Middlewares/Third_Party/FreeRTOS/Source/tasks.o
 .bss.xTickCount
                0x20000d0c        0x4 ./Middlewares/Third_Party/FreeRTOS/Source/tasks.o
 .bss.uxTopReadyPriority
                0x20000d10        0x4 ./Middlewares/Third_Party/FreeRTOS/Source/tasks.o
 .bss.xSchedulerRunning
                0x20000d14        0x4 ./Middlewares/Third_Party/FreeRTOS/Source/tasks.o
 .bss.xPendedTicks
                0x20000d18        0x4 ./Middlewares/Third_Party/FreeRTOS/Source/tasks.o
 .bss.xYieldPending
                0x20000d1c        0x4 ./Middlewares/Third_Party/FreeRTOS/Source/tasks.o
 .bss.xNumOfOverflows
                0x20000d20        0x4 ./Middlewares/Third_Party/FreeRTOS/Source/tasks.o
 .bss.uxTaskNumber
                0x20000d24        0x4 ./Middlewares/Third_Party/FreeRTOS/Source/tasks.o
 .bss.xNextTaskUnblockTime
                0x20000d28        0x4 ./Middlewares/Third_Party/FreeRTOS/Source/tasks.o
 .bss.xIdleTaskHandle
                0x20000d2c        0x4 ./Middlewares/Third_Party/FreeRTOS/Source/tasks.o
 .bss.uxSchedulerSuspended
                0x20000d30        0x4 ./Middlewares/Third_Party/FreeRTOS/Source/tasks.o
 .bss.xActiveTimerList1
                0x20000d34       0x14 ./Middlewares/Third_Party/FreeRTOS/Source/timers.o
 .bss.xActiveTimerList2
                0x20000d48       0x14 ./Middlewares/Third_Party/FreeRTOS/Source/timers.o
 .bss.pxCurrentTimerList
                0x20000d5c        0x4 ./Middlewares/Third_Party/FreeRTOS/Source/timers.o
 .bss.pxOverflowTimerList
                0x20000d60        0x4 ./Middlewares/Third_Party/FreeRTOS/Source/timers.o
 .bss.xTimerQueue
                0x20000d64        0x4 ./Middlewares/Third_Party/FreeRTOS/Source/timers.o
 .bss.xTimerTaskHandle
                0x20000d68        0x4 ./Middlewares/Third_Party/FreeRTOS/Source/timers.o
 .bss.xLastTime.2
                0x20000d6c        0x4 ./Middlewares/Third_Party/FreeRTOS/Source/timers.o
 .bss.ucStaticTimerQueueStorage.1
                0x20000d70       0xa0 ./Middlewares/Third_Party/FreeRTOS/Source/timers.o
 .bss.xStaticTimerQueue.0
                0x20000e10       0x50 ./Middlewares/Third_Party/FreeRTOS/Source/timers.o
 .bss.ucMaxSysCallPriority
                0x20000e60        0x1 ./Middlewares/Third_Party/FreeRTOS/Source/portable/GCC/ARM_CM4F/port.o
 *fill*         0x20000e61        0x3 
 .bss.ulMaxPRIGROUPValue
                0x20000e64        0x4 ./Middlewares/Third_Party/FreeRTOS/Source/portable/GCC/ARM_CM4F/port.o
 .bss.ucHeap    0x20000e68     0x3c00 ./Middlewares/Third_Party/FreeRTOS/Source/portable/MemMang/heap_4.o
 .bss.xStart    0x20004a68        0x8 ./Middlewares/Third_Party/FreeRTOS/Source/portable/MemMang/heap_4.o
 .bss.pxEnd     0x20004a70        0x4 ./Middlewares/Third_Party/FreeRTOS/Source/portable/MemMang/heap_4.o
 .bss.xFreeBytesRemaining
                0x20004a74        0x4 ./Middlewares/Third_Party/FreeRTOS/Source/portable/MemMang/heap_4.o
 .bss.xMinimumEverFreeBytesRemaining
                0x20004a78        0x4 ./Middlewares/Third_Party/FreeRTOS/Source/portable/MemMang/heap_4.o
 .bss.xNumberOfSuccessfulAllocations
                0x20004a7c        0x4 ./Middlewares/Third_Party/FreeRTOS/Source/portable/MemMang/heap_4.o
 .bss.xNumberOfSuccessfulFrees
                0x20004a80        0x4 ./Middlewares/Third_Party/FreeRTOS/Source/portable/MemMang/heap_4.o
 .bss.xBlockAllocatedBit
                0x20004a84        0x4 ./Middlewares/Third_Party/FreeRTOS/Source/portable/MemMang/heap_4.o
 *(COMMON)
                0x20004a88                        . = ALIGN (0x4)
                0x20004a88                        _ebss = .
                0x20004a88                        __bss_end__ = _ebss

._user_heap_stack
                0x20004a88      0x600 load address 0x08007430
                0x20004a88                        . = ALIGN (0x8)
                [!provide]                        PROVIDE (end = .)
                0x20004a88                        PROVIDE (_end = .)
                0x20004c88                        . = (. + _Min_Heap_Size)
 *fill*         0x20004a88      0x200 
                0x20005088                        . = (. + _Min_Stack_Size)
 *fill*         0x20004c88      0x400 
                0x20005088                        . = ALIGN (0x8)

/DISCARD/
 libc.a(*)
 libm.a(*)
 libgcc.a(*)

.ARM.attributes
                0x00000000       0x30
 *(.ARM.attributes)
 .ARM.attributes
                0x00000000       0x22 C:/ST/STM32CubeIDE_2.1.1/STM32CubeIDE/plugins/com.st.stm32cube.ide.mcu.externaltools.gnu-tools-for-stm32.14.3.rel1.win32_1.0.100.202602081740/tools/bin/../lib/gcc/arm-none-eabi/14.3.1/thumb/v7e-m+fp/hard/crti.o
 .ARM.attributes
                0x00000022       0x34 C:/ST/STM32CubeIDE_2.1.1/STM32CubeIDE/plugins/com.st.stm32cube.ide.mcu.externaltools.gnu-tools-for-stm32.14.3.rel1.win32_1.0.100.202602081740/tools/bin/../lib/gcc/arm-none-eabi/14.3.1/thumb/v7e-m+fp/hard/crtbegin.o
 .ARM.attributes
                0x00000056       0x34 ./Core/Src/can.o
 .ARM.attributes
                0x0000008a       0x34 ./Core/Src/freertos.o
 .ARM.attributes
                0x000000be       0x34 ./Core/Src/gpio.o
 .ARM.attributes
                0x000000f2       0x34 ./Core/Src/main.o
 .ARM.attributes
                0x00000126       0x34 ./Core/Src/stm32f4xx_hal_msp.o
 .ARM.attributes
                0x0000015a       0x34 ./Core/Src/stm32f4xx_it.o
 .ARM.attributes
                0x0000018e       0x34 ./Core/Src/system_stm32f4xx.o
 .ARM.attributes
                0x000001c2       0x34 ./Core/Src/tim.o
 .ARM.attributes
                0x000001f6       0x34 ./Core/Src/usart.o
 .ARM.attributes
                0x0000022a       0x21 ./Core/Startup/startup_stm32f446retx.o
 .ARM.attributes
                0x0000024b       0x34 ./Drivers/STM32F4xx_HAL_Driver/Src/stm32f4xx_hal.o
 .ARM.attributes
                0x0000027f       0x34 ./Drivers/STM32F4xx_HAL_Driver/Src/stm32f4xx_hal_can.o
 .ARM.attributes
                0x000002b3       0x34 ./Drivers/STM32F4xx_HAL_Driver/Src/stm32f4xx_hal_cortex.o
 .ARM.attributes
                0x000002e7       0x34 ./Drivers/STM32F4xx_HAL_Driver/Src/stm32f4xx_hal_gpio.o
 .ARM.attributes
                0x0000031b       0x34 ./Drivers/STM32F4xx_HAL_Driver/Src/stm32f4xx_hal_pwr_ex.o
 .ARM.attributes
                0x0000034f       0x34 ./Drivers/STM32F4xx_HAL_Driver/Src/stm32f4xx_hal_rcc.o
 .ARM.attributes
                0x00000383       0x34 ./Drivers/STM32F4xx_HAL_Driver/Src/stm32f4xx_hal_rcc_ex.o
 .ARM.attributes
                0x000003b7       0x34 ./Drivers/STM32F4xx_HAL_Driver/Src/stm32f4xx_hal_tim.o
 .ARM.attributes
                0x000003eb       0x34 ./Drivers/STM32F4xx_HAL_Driver/Src/stm32f4xx_hal_tim_ex.o
 .ARM.attributes
                0x0000041f       0x34 ./Drivers/STM32F4xx_HAL_Driver/Src/stm32f4xx_hal_uart.o
 .ARM.attributes
                0x00000453       0x34 ./Middlewares/Third_Party/FreeRTOS/Source/CMSIS_RTOS_V2/cmsis_os2.o
 .ARM.attributes
                0x00000487       0x34 ./Middlewares/Third_Party/FreeRTOS/Source/list.o
 .ARM.attributes
                0x000004bb       0x34 ./Middlewares/Third_Party/FreeRTOS/Source/queue.o
 .ARM.attributes
                0x000004ef       0x34 ./Middlewares/Third_Party/FreeRTOS/Source/tasks.o
 .ARM.attributes
                0x00000523       0x34 ./Middlewares/Third_Party/FreeRTOS/Source/timers.o
 .ARM.attributes
                0x00000557       0x34 ./Middlewares/Third_Party/FreeRTOS/Source/portable/GCC/ARM_CM4F/port.o
 .ARM.attributes
                0x0000058b       0x34 ./Middlewares/Third_Party/FreeRTOS/Source/portable/MemMang/heap_4.o
 .ARM.attributes
                0x000005bf       0x34 C:/ST/STM32CubeIDE_2.1.1/STM32CubeIDE/plugins/com.st.stm32cube.ide.mcu.externaltools.gnu-tools-for-stm32.14.3.rel1.win32_1.0.100.202602081740/tools/bin/../lib/gcc/arm-none-eabi/14.3.1/../../../../arm-none-eabi/lib/thumb/v7e-m+fp/hard\libc_nano.a(libc_a-memset.o)
 .ARM.attributes
                0x000005f3       0x34 C:/ST/STM32CubeIDE_2.1.1/STM32CubeIDE/plugins/com.st.stm32cube.ide.mcu.externaltools.gnu-tools-for-stm32.14.3.rel1.win32_1.0.100.202602081740/tools/bin/../lib/gcc/arm-none-eabi/14.3.1/../../../../arm-none-eabi/lib/thumb/v7e-m+fp/hard\libc_nano.a(libc_a-init.o)
 .ARM.attributes
                0x00000627       0x34 C:/ST/STM32CubeIDE_2.1.1/STM32CubeIDE/plugins/com.st.stm32cube.ide.mcu.externaltools.gnu-tools-for-stm32.14.3.rel1.win32_1.0.100.202602081740/tools/bin/../lib/gcc/arm-none-eabi/14.3.1/../../../../arm-none-eabi/lib/thumb/v7e-m+fp/hard\libc_nano.a(libc_a-memcpy-stub.o)
 .ARM.attributes
                0x0000065b       0x22 C:/ST/STM32CubeIDE_2.1.1/STM32CubeIDE/plugins/com.st.stm32cube.ide.mcu.externaltools.gnu-tools-for-stm32.14.3.rel1.win32_1.0.100.202602081740/tools/bin/../lib/gcc/arm-none-eabi/14.3.1/thumb/v7e-m+fp/hard\libgcc.a(_aeabi_uldivmod.o)
 .ARM.attributes
                0x0000067d       0x34 C:/ST/STM32CubeIDE_2.1.1/STM32CubeIDE/plugins/com.st.stm32cube.ide.mcu.externaltools.gnu-tools-for-stm32.14.3.rel1.win32_1.0.100.202602081740/tools/bin/../lib/gcc/arm-none-eabi/14.3.1/thumb/v7e-m+fp/hard\libgcc.a(_udivmoddi4.o)
 .ARM.attributes
                0x000006b1       0x22 C:/ST/STM32CubeIDE_2.1.1/STM32CubeIDE/plugins/com.st.stm32cube.ide.mcu.externaltools.gnu-tools-for-stm32.14.3.rel1.win32_1.0.100.202602081740/tools/bin/../lib/gcc/arm-none-eabi/14.3.1/thumb/v7e-m+fp/hard\libgcc.a(_dvmd_tls.o)
 .ARM.attributes
                0x000006d3       0x22 C:/ST/STM32CubeIDE_2.1.1/STM32CubeIDE/plugins/com.st.stm32cube.ide.mcu.externaltools.gnu-tools-for-stm32.14.3.rel1.win32_1.0.100.202602081740/tools/bin/../lib/gcc/arm-none-eabi/14.3.1/thumb/v7e-m+fp/hard/crtn.o
OUTPUT(CAN_Motor.elf elf32-littlearm)
LOAD linker stubs
LOAD C:/ST/STM32CubeIDE_2.1.1/STM32CubeIDE/plugins/com.st.stm32cube.ide.mcu.externaltools.gnu-tools-for-stm32.14.3.rel1.win32_1.0.100.202602081740/tools/bin/../lib/gcc/arm-none-eabi/14.3.1/../../../../arm-none-eabi/lib/thumb/v7e-m+fp/hard\libc.a
LOAD C:/ST/STM32CubeIDE_2.1.1/STM32CubeIDE/plugins/com.st.stm32cube.ide.mcu.externaltools.gnu-tools-for-stm32.14.3.rel1.win32_1.0.100.202602081740/tools/bin/../lib/gcc/arm-none-eabi/14.3.1/../../../../arm-none-eabi/lib/thumb/v7e-m+fp/hard\libm.a
LOAD C:/ST/STM32CubeIDE_2.1.1/STM32CubeIDE/plugins/com.st.stm32cube.ide.mcu.externaltools.gnu-tools-for-stm32.14.3.rel1.win32_1.0.100.202602081740/tools/bin/../lib/gcc/arm-none-eabi/14.3.1/thumb/v7e-m+fp/hard\libgcc.a

.debug_info     0x00000000    0x1a1bd
 .debug_info    0x00000000      0xb0d ./Core/Src/can.o
 .debug_info    0x00000b0d     0x14da ./Core/Src/freertos.o
 .debug_info    0x00001fe7      0x439 ./Core/Src/gpio.o
 .debug_info    0x00002420      0xbe6 ./Core/Src/main.o
 .debug_info    0x00003006      0x505 ./Core/Src/stm32f4xx_hal_msp.o
 .debug_info    0x0000350b      0x50c ./Core/Src/stm32f4xx_it.o
 .debug_info    0x00003a17      0x54a ./Core/Src/system_stm32f4xx.o
 .debug_info    0x00003f61      0xb8d ./Core/Src/tim.o
 .debug_info    0x00004aee      0x94d ./Core/Src/usart.o
 .debug_info    0x0000543b       0x30 ./Core/Startup/startup_stm32f446retx.o
 .debug_info    0x0000546b      0x99a ./Drivers/STM32F4xx_HAL_Driver/Src/stm32f4xx_hal.o
 .debug_info    0x00005e05      0xf44 ./Drivers/STM32F4xx_HAL_Driver/Src/stm32f4xx_hal_can.o
 .debug_info    0x00006d49      0xdaa ./Drivers/STM32F4xx_HAL_Driver/Src/stm32f4xx_hal_cortex.o
 .debug_info    0x00007af3      0x70b ./Drivers/STM32F4xx_HAL_Driver/Src/stm32f4xx_hal_gpio.o
 .debug_info    0x000081fe      0x6da ./Drivers/STM32F4xx_HAL_Driver/Src/stm32f4xx_hal_pwr_ex.o
 .debug_info    0x000088d8      0x8ff ./Drivers/STM32F4xx_HAL_Driver/Src/stm32f4xx_hal_rcc.o
 .debug_info    0x000091d7      0x960 ./Drivers/STM32F4xx_HAL_Driver/Src/stm32f4xx_hal_rcc_ex.o
 .debug_info    0x00009b37     0x299d ./Drivers/STM32F4xx_HAL_Driver/Src/stm32f4xx_hal_tim.o
 .debug_info    0x0000c4d4     0x14db ./Drivers/STM32F4xx_HAL_Driver/Src/stm32f4xx_hal_tim_ex.o
 .debug_info    0x0000d9af     0x2f4f ./Drivers/STM32F4xx_HAL_Driver/Src/stm32f4xx_hal_uart.o
 .debug_info    0x000108fe     0x3a70 ./Middlewares/Third_Party/FreeRTOS/Source/CMSIS_RTOS_V2/cmsis_os2.o
 .debug_info    0x0001436e      0x2af ./Middlewares/Third_Party/FreeRTOS/Source/list.o
 .debug_info    0x0001461d     0x1b79 ./Middlewares/Third_Party/FreeRTOS/Source/queue.o
 .debug_info    0x00016196     0x21ec ./Middlewares/Third_Party/FreeRTOS/Source/tasks.o
 .debug_info    0x00018382     0x1488 ./Middlewares/Third_Party/FreeRTOS/Source/timers.o
 .debug_info    0x0001980a      0x4de ./Middlewares/Third_Party/FreeRTOS/Source/portable/GCC/ARM_CM4F/port.o
 .debug_info    0x00019ce8      0x4d5 ./Middlewares/Third_Party/FreeRTOS/Source/portable/MemMang/heap_4.o

.debug_abbrev   0x00000000     0x3daf
 .debug_abbrev  0x00000000      0x21f ./Core/Src/can.o
 .debug_abbrev  0x0000021f      0x290 ./Core/Src/freertos.o
 .debug_abbrev  0x000004af      0x152 ./Core/Src/gpio.o
 .debug_abbrev  0x00000601      0x29d ./Core/Src/main.o
 .debug_abbrev  0x0000089e      0x119 ./Core/Src/stm32f4xx_hal_msp.o
 .debug_abbrev  0x000009b7      0x1a5 ./Core/Src/stm32f4xx_it.o
 .debug_abbrev  0x00000b5c      0x11a ./Core/Src/system_stm32f4xx.o
 .debug_abbrev  0x00000c76      0x219 ./Core/Src/tim.o
 .debug_abbrev  0x00000e8f      0x1f9 ./Core/Src/usart.o
 .debug_abbrev  0x00001088       0x24 ./Core/Startup/startup_stm32f446retx.o
 .debug_abbrev  0x000010ac      0x214 ./Drivers/STM32F4xx_HAL_Driver/Src/stm32f4xx_hal.o
 .debug_abbrev  0x000012c0      0x25a ./Drivers/STM32F4xx_HAL_Driver/Src/stm32f4xx_hal_can.o
 .debug_abbrev  0x0000151a      0x31d ./Drivers/STM32F4xx_HAL_Driver/Src/stm32f4xx_hal_cortex.o
 .debug_abbrev  0x00001837      0x1d4 ./Drivers/STM32F4xx_HAL_Driver/Src/stm32f4xx_hal_gpio.o
 .debug_abbrev  0x00001a0b      0x1cf ./Drivers/STM32F4xx_HAL_Driver/Src/stm32f4xx_hal_pwr_ex.o
 .debug_abbrev  0x00001bda      0x2b7 ./Drivers/STM32F4xx_HAL_Driver/Src/stm32f4xx_hal_rcc.o
 .debug_abbrev  0x00001e91      0x211 ./Drivers/STM32F4xx_HAL_Driver/Src/stm32f4xx_hal_rcc_ex.o
 .debug_abbrev  0x000020a2      0x278 ./Drivers/STM32F4xx_HAL_Driver/Src/stm32f4xx_hal_tim.o
 .debug_abbrev  0x0000231a      0x283 ./Drivers/STM32F4xx_HAL_Driver/Src/stm32f4xx_hal_tim_ex.o
 .debug_abbrev  0x0000259d      0x30e ./Drivers/STM32F4xx_HAL_Driver/Src/stm32f4xx_hal_uart.o
 .debug_abbrev  0x000028ab      0x508 ./Middlewares/Third_Party/FreeRTOS/Source/CMSIS_RTOS_V2/cmsis_os2.o
 .debug_abbrev  0x00002db3       0xf5 ./Middlewares/Third_Party/FreeRTOS/Source/list.o
 .debug_abbrev  0x00002ea8      0x3b6 ./Middlewares/Third_Party/FreeRTOS/Source/queue.o
 .debug_abbrev  0x0000325e      0x386 ./Middlewares/Third_Party/FreeRTOS/Source/tasks.o
 .debug_abbrev  0x000035e4      0x352 ./Middlewares/Third_Party/FreeRTOS/Source/timers.o
 .debug_abbrev  0x00003936      0x25c ./Middlewares/Third_Party/FreeRTOS/Source/portable/GCC/ARM_CM4F/port.o
 .debug_abbrev  0x00003b92      0x21d ./Middlewares/Third_Party/FreeRTOS/Source/portable/MemMang/heap_4.o

.debug_aranges  0x00000000     0x16c0
 .debug_aranges
                0x00000000       0x30 ./Core/Src/can.o
 .debug_aranges
                0x00000030       0xa0 ./Core/Src/freertos.o
 .debug_aranges
                0x000000d0       0x20 ./Core/Src/gpio.o
 .debug_aranges
                0x000000f0       0x40 ./Core/Src/main.o
 .debug_aranges
                0x00000130       0x20 ./Core/Src/stm32f4xx_hal_msp.o
 .debug_aranges
                0x00000150       0x58 ./Core/Src/stm32f4xx_it.o
 .debug_aranges
                0x000001a8       0x28 ./Core/Src/system_stm32f4xx.o
 .debug_aranges
                0x000001d0       0x38 ./Core/Src/tim.o
 .debug_aranges
                0x00000208       0x30 ./Core/Src/usart.o
 .debug_aranges
                0x00000238       0x28 ./Core/Startup/startup_stm32f446retx.o
 .debug_aranges
                0x00000260       0xf0 ./Drivers/STM32F4xx_HAL_Driver/Src/stm32f4xx_hal.o
 .debug_aranges
                0x00000350      0x138 ./Drivers/STM32F4xx_HAL_Driver/Src/stm32f4xx_hal_can.o
 .debug_aranges
                0x00000488      0x130 ./Drivers/STM32F4xx_HAL_Driver/Src/stm32f4xx_hal_cortex.o
 .debug_aranges
                0x000005b8       0x58 ./Drivers/STM32F4xx_HAL_Driver/Src/stm32f4xx_hal_gpio.o
 .debug_aranges
                0x00000610       0x60 ./Drivers/STM32F4xx_HAL_Driver/Src/stm32f4xx_hal_pwr_ex.o
 .debug_aranges
                0x00000670       0x88 ./Drivers/STM32F4xx_HAL_Driver/Src/stm32f4xx_hal_rcc.o
 .debug_aranges
                0x000006f8       0x78 ./Drivers/STM32F4xx_HAL_Driver/Src/stm32f4xx_hal_rcc_ex.o
 .debug_aranges
                0x00000770      0x3d0 ./Drivers/STM32F4xx_HAL_Driver/Src/stm32f4xx_hal_tim.o
 .debug_aranges
                0x00000b40      0x168 ./Drivers/STM32F4xx_HAL_Driver/Src/stm32f4xx_hal_tim_ex.o
 .debug_aranges
                0x00000ca8      0x208 ./Drivers/STM32F4xx_HAL_Driver/Src/stm32f4xx_hal_uart.o
 .debug_aranges
                0x00000eb0      0x2a8 ./Middlewares/Third_Party/FreeRTOS/Source/CMSIS_RTOS_V2/cmsis_os2.o
 .debug_aranges
                0x00001158       0x40 ./Middlewares/Third_Party/FreeRTOS/Source/list.o
 .debug_aranges
                0x00001198      0x158 ./Middlewares/Third_Party/FreeRTOS/Source/queue.o
 .debug_aranges
                0x000012f0      0x208 ./Middlewares/Third_Party/FreeRTOS/Source/tasks.o
 .debug_aranges
                0x000014f8       0xf0 ./Middlewares/Third_Party/FreeRTOS/Source/timers.o
 .debug_aranges
                0x000015e8       0x80 ./Middlewares/Third_Party/FreeRTOS/Source/portable/GCC/ARM_CM4F/port.o
 .debug_aranges
                0x00001668       0x58 ./Middlewares/Third_Party/FreeRTOS/Source/portable/MemMang/heap_4.o

.debug_rnglists
                0x00000000     0x119b
 .debug_rnglists
                0x00000000       0x20 ./Core/Src/can.o
 .debug_rnglists
                0x00000020       0x78 ./Core/Src/freertos.o
 .debug_rnglists
                0x00000098       0x14 ./Core/Src/gpio.o
 .debug_rnglists
                0x000000ac       0x2d ./Core/Src/main.o
 .debug_rnglists
                0x000000d9       0x13 ./Core/Src/stm32f4xx_hal_msp.o
 .debug_rnglists
                0x000000ec       0x3d ./Core/Src/stm32f4xx_it.o
 .debug_rnglists
                0x00000129       0x1a ./Core/Src/system_stm32f4xx.o
 .debug_rnglists
                0x00000143       0x26 ./Core/Src/tim.o
 .debug_rnglists
                0x00000169       0x20 ./Core/Src/usart.o
 .debug_rnglists
                0x00000189       0x19 ./Core/Startup/startup_stm32f446retx.o
 .debug_rnglists
                0x000001a2       0xaf ./Drivers/STM32F4xx_HAL_Driver/Src/stm32f4xx_hal.o
 .debug_rnglists
                0x00000251       0xee ./Drivers/STM32F4xx_HAL_Driver/Src/stm32f4xx_hal_can.o
 .debug_rnglists
                0x0000033f       0xe0 ./Drivers/STM32F4xx_HAL_Driver/Src/stm32f4xx_hal_cortex.o
 .debug_rnglists
                0x0000041f       0x3f ./Drivers/STM32F4xx_HAL_Driver/Src/stm32f4xx_hal_gpio.o
 .debug_rnglists
                0x0000045e       0x47 ./Drivers/STM32F4xx_HAL_Driver/Src/stm32f4xx_hal_pwr_ex.o
 .debug_rnglists
                0x000004a5       0x66 ./Drivers/STM32F4xx_HAL_Driver/Src/stm32f4xx_hal_rcc.o
 .debug_rnglists
                0x0000050b       0x5e ./Drivers/STM32F4xx_HAL_Driver/Src/stm32f4xx_hal_rcc_ex.o
 .debug_rnglists
                0x00000569      0x31a ./Drivers/STM32F4xx_HAL_Driver/Src/stm32f4xx_hal_tim.o
 .debug_rnglists
                0x00000883      0x125 ./Drivers/STM32F4xx_HAL_Driver/Src/stm32f4xx_hal_tim_ex.o
 .debug_rnglists
                0x000009a8      0x1bc ./Drivers/STM32F4xx_HAL_Driver/Src/stm32f4xx_hal_uart.o
 .debug_rnglists
                0x00000b64      0x20c ./Middlewares/Third_Party/FreeRTOS/Source/CMSIS_RTOS_V2/cmsis_os2.o
 .debug_rnglists
                0x00000d70       0x2b ./Middlewares/Third_Party/FreeRTOS/Source/list.o
 .debug_rnglists
                0x00000d9b      0x109 ./Middlewares/Third_Party/FreeRTOS/Source/queue.o
 .debug_rnglists
                0x00000ea4      0x1a0 ./Middlewares/Third_Party/FreeRTOS/Source/tasks.o
 .debug_rnglists
                0x00001044       0xb8 ./Middlewares/Third_Party/FreeRTOS/Source/timers.o
 .debug_rnglists
                0x000010fc       0x5d ./Middlewares/Third_Party/FreeRTOS/Source/portable/GCC/ARM_CM4F/port.o
 .debug_rnglists
                0x00001159       0x42 ./Middlewares/Third_Party/FreeRTOS/Source/portable/MemMang/heap_4.o

.debug_macro    0x00000000    0x244f6
 .debug_macro   0x00000000      0x1f1 ./Core/Src/can.o
 .debug_macro   0x000001f1      0xad8 ./Core/Src/can.o
 .debug_macro   0x00000cc9      0x2a1 ./Core/Src/can.o
 .debug_macro   0x00000f6a       0x2e ./Core/Src/can.o
 .debug_macro   0x00000f98       0x28 ./Core/Src/can.o
 .debug_macro   0x00000fc0       0x22 ./Core/Src/can.o
 .debug_macro   0x00000fe2       0x8e ./Core/Src/can.o
 .debug_macro   0x00001070       0x51 ./Core/Src/can.o
 .debug_macro   0x000010c1      0x103 ./Core/Src/can.o
 .debug_macro   0x000011c4       0x6a ./Core/Src/can.o
 .debug_macro   0x0000122e      0x1df ./Core/Src/can.o
 .debug_macro   0x0000140d       0x1c ./Core/Src/can.o
 .debug_macro   0x00001429       0x22 ./Core/Src/can.o
 .debug_macro   0x0000144b       0xfb ./Core/Src/can.o
 .debug_macro   0x00001546     0x1011 ./Core/Src/can.o
 .debug_macro   0x00002557      0x11f ./Core/Src/can.o
 .debug_macro   0x00002676    0x1675e ./Core/Src/can.o
 .debug_macro   0x00018dd4       0x6d ./Core/Src/can.o
 .debug_macro   0x00018e41     0x3693 ./Core/Src/can.o
 .debug_macro   0x0001c4d4      0x190 ./Core/Src/can.o
 .debug_macro   0x0001c664       0x5c ./Core/Src/can.o
 .debug_macro   0x0001c6c0      0xca5 ./Core/Src/can.o
 .debug_macro   0x0001d365      0x9e9 ./Core/Src/can.o
 .debug_macro   0x0001dd4e      0x115 ./Core/Src/can.o
 .debug_macro   0x0001de63      0x1a0 ./Core/Src/can.o
 .debug_macro   0x0001e003       0xa5 ./Core/Src/can.o
 .debug_macro   0x0001e0a8      0x16d ./Core/Src/can.o
 .debug_macro   0x0001e215      0x287 ./Core/Src/can.o
 .debug_macro   0x0001e49c       0x5f ./Core/Src/can.o
 .debug_macro   0x0001e4fb      0x236 ./Core/Src/can.o
 .debug_macro   0x0001e731      0x40f ./Core/Src/can.o
 .debug_macro   0x0001eb40      0x132 ./Core/Src/can.o
 .debug_macro   0x0001ec72      0x29c ./Core/Src/can.o
 .debug_macro   0x0001ef0e       0x2e ./Core/Src/can.o
 .debug_macro   0x0001ef3c      0x127 ./Core/Src/can.o
 .debug_macro   0x0001f063       0xe8 ./Core/Src/can.o
 .debug_macro   0x0001f14b       0x89 ./Core/Src/can.o
 .debug_macro   0x0001f1d4      0x8ed ./Core/Src/can.o
 .debug_macro   0x0001fac1       0x53 ./Core/Src/can.o
 .debug_macro   0x0001fb14      0x2aa ./Core/Src/can.o
 .debug_macro   0x0001fdbe      0x126 ./Core/Src/can.o
 .debug_macro   0x0001fee4       0x58 ./Core/Src/can.o
 .debug_macro   0x0001ff3c      0x2b3 ./Core/Src/freertos.o
 .debug_macro   0x000201ef      0x169 ./Core/Src/freertos.o
 .debug_macro   0x00020358      0x15a ./Core/Src/freertos.o
 .debug_macro   0x000204b2       0xc9 ./Core/Src/freertos.o
 .debug_macro   0x0002057b       0x1c ./Core/Src/freertos.o
 .debug_macro   0x00020597       0x26 ./Core/Src/freertos.o
 .debug_macro   0x000205bd      0x4c5 ./Core/Src/freertos.o
 .debug_macro   0x00020a82       0xb5 ./Core/Src/freertos.o
 .debug_macro   0x00020b37       0xaa ./Core/Src/freertos.o
 .debug_macro   0x00020be1       0x6c ./Core/Src/freertos.o
 .debug_macro   0x00020c4d       0x74 ./Core/Src/freertos.o
 .debug_macro   0x00020cc1       0xdd ./Core/Src/freertos.o
 .debug_macro   0x00020d9e      0x1f1 ./Core/Src/gpio.o
 .debug_macro   0x00020f8f      0x2c7 ./Core/Src/main.o
 .debug_macro   0x00021256      0x169 ./Core/Src/main.o
 .debug_macro   0x000213bf       0x66 ./Core/Src/main.o
 .debug_macro   0x00021425      0x1e7 ./Core/Src/stm32f4xx_hal_msp.o
 .debug_macro   0x0002160c      0x259 ./Core/Src/stm32f4xx_it.o
 .debug_macro   0x00021865      0x1d8 ./Core/Src/system_stm32f4xx.o
 .debug_macro   0x00021a3d      0x1f1 ./Core/Src/tim.o
 .debug_macro   0x00021c2e      0x1f1 ./Core/Src/usart.o
 .debug_macro   0x00021e1f      0x238 ./Drivers/STM32F4xx_HAL_Driver/Src/stm32f4xx_hal.o
 .debug_macro   0x00022057      0x1e7 ./Drivers/STM32F4xx_HAL_Driver/Src/stm32f4xx_hal_can.o
 .debug_macro   0x0002223e      0x1d8 ./Drivers/STM32F4xx_HAL_Driver/Src/stm32f4xx_hal_cortex.o
 .debug_macro   0x00022416      0x1de ./Drivers/STM32F4xx_HAL_Driver/Src/stm32f4xx_hal_gpio.o
 .debug_macro   0x000225f4      0x1f0 ./Drivers/STM32F4xx_HAL_Driver/Src/stm32f4xx_hal_pwr_ex.o
 .debug_macro   0x000227e4      0x1fc ./Drivers/STM32F4xx_HAL_Driver/Src/stm32f4xx_hal_rcc.o
 .debug_macro   0x000229e0      0x1d8 ./Drivers/STM32F4xx_HAL_Driver/Src/stm32f4xx_hal_rcc_ex.o
 .debug_macro   0x00022bb8      0x1d9 ./Drivers/STM32F4xx_HAL_Driver/Src/stm32f4xx_hal_tim.o
 .debug_macro   0x00022d91      0x1d8 ./Drivers/STM32F4xx_HAL_Driver/Src/stm32f4xx_hal_tim_ex.o
 .debug_macro   0x00022f69      0x1d9 ./Drivers/STM32F4xx_HAL_Driver/Src/stm32f4xx_hal_uart.o
 .debug_macro   0x00023142      0x3cf ./Middlewares/Third_Party/FreeRTOS/Source/CMSIS_RTOS_V2/cmsis_os2.o
 .debug_macro   0x00023511       0x10 ./Middlewares/Third_Party/FreeRTOS/Source/CMSIS_RTOS_V2/cmsis_os2.o
 .debug_macro   0x00023521       0x20 ./Middlewares/Third_Party/FreeRTOS/Source/CMSIS_RTOS_V2/cmsis_os2.o
 .debug_macro   0x00023541       0x10 ./Middlewares/Third_Party/FreeRTOS/Source/CMSIS_RTOS_V2/cmsis_os2.o
 .debug_macro   0x00023551       0xf5 ./Middlewares/Third_Party/FreeRTOS/Source/CMSIS_RTOS_V2/cmsis_os2.o
 .debug_macro   0x00023646       0x91 ./Middlewares/Third_Party/FreeRTOS/Source/CMSIS_RTOS_V2/cmsis_os2.o
 .debug_macro   0x000236d7       0x8d ./Middlewares/Third_Party/FreeRTOS/Source/CMSIS_RTOS_V2/cmsis_os2.o
 .debug_macro   0x00023764       0x9a ./Middlewares/Third_Party/FreeRTOS/Source/CMSIS_RTOS_V2/cmsis_os2.o
 .debug_macro   0x000237fe       0x22 ./Middlewares/Third_Party/FreeRTOS/Source/CMSIS_RTOS_V2/cmsis_os2.o
 .debug_macro   0x00023820       0x56 ./Middlewares/Third_Party/FreeRTOS/Source/CMSIS_RTOS_V2/cmsis_os2.o
 .debug_macro   0x00023876      0x187 ./Middlewares/Third_Party/FreeRTOS/Source/list.o
 .debug_macro   0x000239fd      0x216 ./Middlewares/Third_Party/FreeRTOS/Source/queue.o
 .debug_macro   0x00023c13       0x16 ./Middlewares/Third_Party/FreeRTOS/Source/queue.o
 .debug_macro   0x00023c29       0x87 ./Middlewares/Third_Party/FreeRTOS/Source/queue.o
 .debug_macro   0x00023cb0      0x27f ./Middlewares/Third_Party/FreeRTOS/Source/tasks.o
 .debug_macro   0x00023f2f       0x10 ./Middlewares/Third_Party/FreeRTOS/Source/tasks.o
 .debug_macro   0x00023f3f      0x1dc ./Middlewares/Third_Party/FreeRTOS/Source/timers.o
 .debug_macro   0x0002411b       0x97 ./Middlewares/Third_Party/FreeRTOS/Source/timers.o
 .debug_macro   0x000241b2      0x196 ./Middlewares/Third_Party/FreeRTOS/Source/portable/GCC/ARM_CM4F/port.o
 .debug_macro   0x00024348      0x1ae ./Middlewares/Third_Party/FreeRTOS/Source/portable/MemMang/heap_4.o

.debug_line     0x00000000    0x1a7c0
 .debug_line    0x00000000      0x7d6 ./Core/Src/can.o
 .debug_line    0x000007d6      0xb53 ./Core/Src/freertos.o
 .debug_line    0x00001329      0x7a1 ./Core/Src/gpio.o
 .debug_line    0x00001aca      0xa40 ./Core/Src/main.o
 .debug_line    0x0000250a      0x762 ./Core/Src/stm32f4xx_hal_msp.o
 .debug_line    0x00002c6c      0x912 ./Core/Src/stm32f4xx_it.o
 .debug_line    0x0000357e      0x7d7 ./Core/Src/system_stm32f4xx.o
 .debug_line    0x00003d55      0x811 ./Core/Src/tim.o
 .debug_line    0x00004566      0x7cf ./Core/Src/usart.o
 .debug_line    0x00004d35       0x7a ./Core/Startup/startup_stm32f446retx.o
 .debug_line    0x00004daf      0xa56 ./Drivers/STM32F4xx_HAL_Driver/Src/stm32f4xx_hal.o
 .debug_line    0x00005805     0x1212 ./Drivers/STM32F4xx_HAL_Driver/Src/stm32f4xx_hal_can.o
 .debug_line    0x00006a17      0xd23 ./Drivers/STM32F4xx_HAL_Driver/Src/stm32f4xx_hal_cortex.o
 .debug_line    0x0000773a      0xb94 ./Drivers/STM32F4xx_HAL_Driver/Src/stm32f4xx_hal_gpio.o
 .debug_line    0x000082ce      0x9c0 ./Drivers/STM32F4xx_HAL_Driver/Src/stm32f4xx_hal_pwr_ex.o
 .debug_line    0x00008c8e      0xe6e ./Drivers/STM32F4xx_HAL_Driver/Src/stm32f4xx_hal_rcc.o
 .debug_line    0x00009afc     0x151f ./Drivers/STM32F4xx_HAL_Driver/Src/stm32f4xx_hal_rcc_ex.o
 .debug_line    0x0000b01b     0x37ce ./Drivers/STM32F4xx_HAL_Driver/Src/stm32f4xx_hal_tim.o
 .debug_line    0x0000e7e9     0x19b3 ./Drivers/STM32F4xx_HAL_Driver/Src/stm32f4xx_hal_tim_ex.o
 .debug_line    0x0001019c     0x259b ./Drivers/STM32F4xx_HAL_Driver/Src/stm32f4xx_hal_uart.o
 .debug_line    0x00012737     0x2512 ./Middlewares/Third_Party/FreeRTOS/Source/CMSIS_RTOS_V2/cmsis_os2.o
 .debug_line    0x00014c49      0x791 ./Middlewares/Third_Party/FreeRTOS/Source/list.o
 .debug_line    0x000153da     0x1725 ./Middlewares/Third_Party/FreeRTOS/Source/queue.o
 .debug_line    0x00016aff     0x1d08 ./Middlewares/Third_Party/FreeRTOS/Source/tasks.o
 .debug_line    0x00018807      0xdff ./Middlewares/Third_Party/FreeRTOS/Source/timers.o
 .debug_line    0x00019606      0x812 ./Middlewares/Third_Party/FreeRTOS/Source/portable/GCC/ARM_CM4F/port.o
 .debug_line    0x00019e18      0x9a8 ./Middlewares/Third_Party/FreeRTOS/Source/portable/MemMang/heap_4.o

.debug_str      0x00000000    0xddc11
 .debug_str     0x00000000    0xddc11 ./Core/Src/can.o
                              0xcc3b5 (size before relaxing)
 .debug_str     0x000ddc11    0xd155a ./Core/Src/freertos.o
 .debug_str     0x000ddc11    0xcbb92 ./Core/Src/gpio.o
 .debug_str     0x000ddc11    0xd0bb2 ./Core/Src/main.o
 .debug_str     0x000ddc11    0xcc015 ./Core/Src/stm32f4xx_hal_msp.o
 .debug_str     0x000ddc11    0xcfac8 ./Core/Src/stm32f4xx_it.o
 .debug_str     0x000ddc11    0xcba51 ./Core/Src/system_stm32f4xx.o
 .debug_str     0x000ddc11    0xcc224 ./Core/Src/tim.o
 .debug_str     0x000ddc11    0xcc04f ./Core/Src/usart.o
 .debug_str     0x000ddc11       0x77 ./Core/Startup/startup_stm32f446retx.o
 .debug_str     0x000ddc11    0xcc616 ./Drivers/STM32F4xx_HAL_Driver/Src/stm32f4xx_hal.o
 .debug_str     0x000ddc11    0xcc126 ./Drivers/STM32F4xx_HAL_Driver/Src/stm32f4xx_hal_can.o
 .debug_str     0x000ddc11    0xcc36d ./Drivers/STM32F4xx_HAL_Driver/Src/stm32f4xx_hal_cortex.o
 .debug_str     0x000ddc11    0xcbbcc ./Drivers/STM32F4xx_HAL_Driver/Src/stm32f4xx_hal_gpio.o
 .debug_str     0x000ddc11    0xcbc29 ./Drivers/STM32F4xx_HAL_Driver/Src/stm32f4xx_hal_pwr_ex.o
 .debug_str     0x000ddc11    0xcbe8a ./Drivers/STM32F4xx_HAL_Driver/Src/stm32f4xx_hal_rcc.o
 .debug_str     0x000ddc11    0xcbebd ./Drivers/STM32F4xx_HAL_Driver/Src/stm32f4xx_hal_rcc_ex.o
 .debug_str     0x000ddc11    0xccdb6 ./Drivers/STM32F4xx_HAL_Driver/Src/stm32f4xx_hal_tim.o
 .debug_str     0x000ddc11    0xcc5c2 ./Drivers/STM32F4xx_HAL_Driver/Src/stm32f4xx_hal_tim_ex.o
 .debug_str     0x000ddc11    0xcc441 ./Drivers/STM32F4xx_HAL_Driver/Src/stm32f4xx_hal_uart.o
 .debug_str     0x000ddc11    0xd66a2 ./Middlewares/Third_Party/FreeRTOS/Source/CMSIS_RTOS_V2/cmsis_os2.o
 .debug_str     0x000ddc11     0xab93 ./Middlewares/Third_Party/FreeRTOS/Source/list.o
 .debug_str     0x000ddc11     0xc6d3 ./Middlewares/Third_Party/FreeRTOS/Source/queue.o
 .debug_str     0x000ddc11     0xd190 ./Middlewares/Third_Party/FreeRTOS/Source/tasks.o
 .debug_str     0x000ddc11     0xcc05 ./Middlewares/Third_Party/FreeRTOS/Source/timers.o
 .debug_str     0x000ddc11     0x87af ./Middlewares/Third_Party/FreeRTOS/Source/portable/GCC/ARM_CM4F/port.o
 .debug_str     0x000ddc11     0xb4d5 ./Middlewares/Third_Party/FreeRTOS/Source/portable/MemMang/heap_4.o

.comment        0x00000000       0x43
 .comment       0x00000000       0x43 ./Core/Src/can.o
                                 0x44 (size before relaxing)
 .comment       0x00000043       0x44 ./Core/Src/freertos.o
 .comment       0x00000043       0x44 ./Core/Src/gpio.o
 .comment       0x00000043       0x44 ./Core/Src/main.o
 .comment       0x00000043       0x44 ./Core/Src/stm32f4xx_hal_msp.o
 .comment       0x00000043       0x44 ./Core/Src/stm32f4xx_it.o
 .comment       0x00000043       0x44 ./Core/Src/system_stm32f4xx.o
 .comment       0x00000043       0x44 ./Core/Src/tim.o
 .comment       0x00000043       0x44 ./Core/Src/usart.o
 .comment       0x00000043       0x44 ./Drivers/STM32F4xx_HAL_Driver/Src/stm32f4xx_hal.o
 .comment       0x00000043       0x44 ./Drivers/STM32F4xx_HAL_Driver/Src/stm32f4xx_hal_can.o
 .comment       0x00000043       0x44 ./Drivers/STM32F4xx_HAL_Driver/Src/stm32f4xx_hal_cortex.o
 .comment       0x00000043       0x44 ./Drivers/STM32F4xx_HAL_Driver/Src/stm32f4xx_hal_gpio.o
 .comment       0x00000043       0x44 ./Drivers/STM32F4xx_HAL_Driver/Src/stm32f4xx_hal_pwr_ex.o
 .comment       0x00000043       0x44 ./Drivers/STM32F4xx_HAL_Driver/Src/stm32f4xx_hal_rcc.o
 .comment       0x00000043       0x44 ./Drivers/STM32F4xx_HAL_Driver/Src/stm32f4xx_hal_rcc_ex.o
 .comment       0x00000043       0x44 ./Drivers/STM32F4xx_HAL_Driver/Src/stm32f4xx_hal_tim.o
 .comment       0x00000043       0x44 ./Drivers/STM32F4xx_HAL_Driver/Src/stm32f4xx_hal_tim_ex.o
 .comment       0x00000043       0x44 ./Drivers/STM32F4xx_HAL_Driver/Src/stm32f4xx_hal_uart.o
 .comment       0x00000043       0x44 ./Middlewares/Third_Party/FreeRTOS/Source/CMSIS_RTOS_V2/cmsis_os2.o
 .comment       0x00000043       0x44 ./Middlewares/Third_Party/FreeRTOS/Source/list.o
 .comment       0x00000043       0x44 ./Middlewares/Third_Party/FreeRTOS/Source/queue.o
 .comment       0x00000043       0x44 ./Middlewares/Third_Party/FreeRTOS/Source/tasks.o
 .comment       0x00000043       0x44 ./Middlewares/Third_Party/FreeRTOS/Source/timers.o
 .comment       0x00000043       0x44 ./Middlewares/Third_Party/FreeRTOS/Source/portable/GCC/ARM_CM4F/port.o
 .comment       0x00000043       0x44 ./Middlewares/Third_Party/FreeRTOS/Source/portable/MemMang/heap_4.o

.debug_frame    0x00000000     0x5b14
 .debug_frame   0x00000000       0x74 ./Core/Src/can.o
 .debug_frame   0x00000074      0x248 ./Core/Src/freertos.o
 .debug_frame   0x000002bc       0x34 ./Core/Src/gpio.o
 .debug_frame   0x000002f0       0xb0 ./Core/Src/main.o
 .debug_frame   0x000003a0       0x34 ./Core/Src/stm32f4xx_hal_msp.o
 .debug_frame   0x000003d4       0xdc ./Core/Src/stm32f4xx_it.o
 .debug_frame   0x000004b0       0x50 ./Core/Src/system_stm32f4xx.o
 .debug_frame   0x00000500       0xa0 ./Core/Src/tim.o
 .debug_frame   0x000005a0       0x74 ./Core/Src/usart.o
 .debug_frame   0x00000614      0x31c ./Drivers/STM32F4xx_HAL_Driver/Src/stm32f4xx_hal.o
 .debug_frame   0x00000930      0x524 ./Drivers/STM32F4xx_HAL_Driver/Src/stm32f4xx_hal_can.o
 .debug_frame   0x00000e54      0x4b8 ./Drivers/STM32F4xx_HAL_Driver/Src/stm32f4xx_hal_cortex.o
 .debug_frame   0x0000130c      0x130 ./Drivers/STM32F4xx_HAL_Driver/Src/stm32f4xx_hal_gpio.o
 .debug_frame   0x0000143c      0x13c ./Drivers/STM32F4xx_HAL_Driver/Src/stm32f4xx_hal_pwr_ex.o
 .debug_frame   0x00001578      0x1d8 ./Drivers/STM32F4xx_HAL_Driver/Src/stm32f4xx_hal_rcc.o
 .debug_frame   0x00001750      0x1d8 ./Drivers/STM32F4xx_HAL_Driver/Src/stm32f4xx_hal_rcc_ex.o
 .debug_frame   0x00001928     0x10f0 ./Drivers/STM32F4xx_HAL_Driver/Src/stm32f4xx_hal_tim.o
 .debug_frame   0x00002a18      0x600 ./Drivers/STM32F4xx_HAL_Driver/Src/stm32f4xx_hal_tim_ex.o
 .debug_frame   0x00003018      0x8ec ./Drivers/STM32F4xx_HAL_Driver/Src/stm32f4xx_hal_uart.o
 .debug_frame   0x00003904      0xb80 ./Middlewares/Third_Party/FreeRTOS/Source/CMSIS_RTOS_V2/cmsis_os2.o
 .debug_frame   0x00004484       0xc4 ./Middlewares/Third_Party/FreeRTOS/Source/list.o
 .debug_frame   0x00004548      0x5c0 ./Middlewares/Third_Party/FreeRTOS/Source/queue.o
 .debug_frame   0x00004b08      0x8b0 ./Middlewares/Third_Party/FreeRTOS/Source/tasks.o
 .debug_frame   0x000053b8      0x3e4 ./Middlewares/Third_Party/FreeRTOS/Source/timers.o
 .debug_frame   0x0000579c      0x18c ./Middlewares/Third_Party/FreeRTOS/Source/portable/GCC/ARM_CM4F/port.o
 .debug_frame   0x00005928      0x118 ./Middlewares/Third_Party/FreeRTOS/Source/portable/MemMang/heap_4.o
 .debug_frame   0x00005a40       0x20 C:/ST/STM32CubeIDE_2.1.1/STM32CubeIDE/plugins/com.st.stm32cube.ide.mcu.externaltools.gnu-tools-for-stm32.14.3.rel1.win32_1.0.100.202602081740/tools/bin/../lib/gcc/arm-none-eabi/14.3.1/../../../../arm-none-eabi/lib/thumb/v7e-m+fp/hard\libc_nano.a(libc_a-memset.o)
 .debug_frame   0x00005a60       0x2c C:/ST/STM32CubeIDE_2.1.1/STM32CubeIDE/plugins/com.st.stm32cube.ide.mcu.externaltools.gnu-tools-for-stm32.14.3.rel1.win32_1.0.100.202602081740/tools/bin/../lib/gcc/arm-none-eabi/14.3.1/../../../../arm-none-eabi/lib/thumb/v7e-m+fp/hard\libc_nano.a(libc_a-init.o)
 .debug_frame   0x00005a8c       0x28 C:/ST/STM32CubeIDE_2.1.1/STM32CubeIDE/plugins/com.st.stm32cube.ide.mcu.externaltools.gnu-tools-for-stm32.14.3.rel1.win32_1.0.100.202602081740/tools/bin/../lib/gcc/arm-none-eabi/14.3.1/../../../../arm-none-eabi/lib/thumb/v7e-m+fp/hard\libc_nano.a(libc_a-memcpy-stub.o)