../Core/Src/freertos.c:230:6:MX_FREERTOS_Init	8	static
../Core/Src/freertos.c:298:6:StartDefaultTask	56	static
../Core/Src/freertos.c:363:6:StartTask02	16	static
../Core/Src/freertos.c:415:6:StartTask03	16	static
../Core/Src/freertos.c:434:6:StartTask04	16	static
../Core/Src/freertos.c:478:6:StartTask05	16	static
../Core/Src/freertos.c:538:6:TrashForwardTimerCallback	16	static
../Core/Src/freertos.c:546:6:TrashBackwardTimerCallback	16	static
../Core/Src/freertos.c:554:6:CheckTimerCallback	16	static
../Core/Src/freertos.c:572:6:ConveyorMotor_SetSpeed	16	static
../Core/Src/freertos.c:588:6:ConveyorMotor_Start	8	static
../Core/Src/freertos.c:608:6:ConveyorMotor_Stop	8	static
../Core/Src/freertos.c:631:6:MotorA_Write	24	static
../Core/Src/freertos.c:642:6:MotorA_Step	16	static
../Core/Src/freertos.c:687:6:MotorA_RotateSteps	24	static
../Core/Src/freertos.c:718:6:MotorB_Write	24	static
../Core/Src/freertos.c:732:6:MotorB_OneCycle	8	static
