../Core/Src/freertos.c:243:6:MX_FREERTOS_Init	8	static
../Core/Src/freertos.c:302:6:StartDefaultTask	16	static
../Core/Src/freertos.c:326:6:StartTask02	24	static
../Core/Src/freertos.c:392:6:StartTask03	16	static
../Core/Src/freertos.c:415:6:StartTask04	16	static
../Core/Src/freertos.c:466:6:StartTask05	16	static
../Core/Src/freertos.c:512:6:TrashForwardTimerCallback	16	static
../Core/Src/freertos.c:520:6:TrashBackwardTimerCallback	16	static
../Core/Src/freertos.c:528:6:CheckTimerCallback	16	static
../Core/Src/freertos.c:550:6:Conveyor_SetServoPulse	16	static
../Core/Src/freertos.c:574:6:Conveyor_Run	8	static
../Core/Src/freertos.c:585:6:Conveyor_Stop	8	static
../Core/Src/freertos.c:599:6:MotorA_Write	24	static
../Core/Src/freertos.c:610:6:MotorA_Step	16	static
../Core/Src/freertos.c:655:6:MotorA_RotateSteps	24	static
../Core/Src/freertos.c:685:6:MotorB_SetPWM	16	static
../Core/Src/freertos.c:702:6:MotorB_DC_Start	8	static
../Core/Src/freertos.c:717:6:MotorB_DC_Stop	8	static
